Archive member included to satisfy reference by file (symbol)

c:/ac6/systemworkbench/plugins/fr.ac6.mcu.externaltools.arm-none.win32_1.15.0.201708311556/tools/compiler/bin/../lib/gcc/arm-none-eabi/6.3.1/thumb/v7e-m/fpv4-sp/hard\libgcc.a(_arm_addsubdf3.o)
                              Src/PedalBox.o (__aeabi_i2d)
c:/ac6/systemworkbench/plugins/fr.ac6.mcu.externaltools.arm-none.win32_1.15.0.201708311556/tools/compiler/bin/../lib/gcc/arm-none-eabi/6.3.1/thumb/v7e-m/fpv4-sp/hard\libgcc.a(_arm_muldivdf3.o)
                              Src/PedalBox.o (__aeabi_ddiv)
c:/ac6/systemworkbench/plugins/fr.ac6.mcu.externaltools.arm-none.win32_1.15.0.201708311556/tools/compiler/bin/../lib/gcc/arm-none-eabi/6.3.1/thumb/v7e-m/fpv4-sp/hard\libgcc.a(_arm_cmpdf2.o)
                              Src/car.o (__aeabi_dcmpge)
c:/ac6/systemworkbench/plugins/fr.ac6.mcu.externaltools.arm-none.win32_1.15.0.201708311556/tools/compiler/bin/../lib/gcc/arm-none-eabi/6.3.1/thumb/v7e-m/fpv4-sp/hard\libgcc.a(_arm_fixdfsi.o)
                              Src/PedalBox.o (__aeabi_d2iz)
c:/ac6/systemworkbench/plugins/fr.ac6.mcu.externaltools.arm-none.win32_1.15.0.201708311556/tools/compiler/bin/../lib/gcc/arm-none-eabi/6.3.1/thumb/v7e-m/fpv4-sp/hard\libgcc.a(_fixsfdi.o)
                              Src/PedalBox.o (__aeabi_f2lz)
c:/ac6/systemworkbench/plugins/fr.ac6.mcu.externaltools.arm-none.win32_1.15.0.201708311556/tools/compiler/bin/../lib/gcc/arm-none-eabi/6.3.1/thumb/v7e-m/fpv4-sp/hard\libgcc.a(_fixunssfdi.o)
                              c:/ac6/systemworkbench/plugins/fr.ac6.mcu.externaltools.arm-none.win32_1.15.0.201708311556/tools/compiler/bin/../lib/gcc/arm-none-eabi/6.3.1/thumb/v7e-m/fpv4-sp/hard\libgcc.a(_fixsfdi.o) (__aeabi_f2ulz)
c:/ac6/systemworkbench/plugins/fr.ac6.mcu.externaltools.arm-none.win32_1.15.0.201708311556/tools/compiler/bin/../lib/gcc/arm-none-eabi/6.3.1/thumb/v7e-m/fpv4-sp/hard\libgcc.a(_arm_fixunsdfsi.o)
                              c:/ac6/systemworkbench/plugins/fr.ac6.mcu.externaltools.arm-none.win32_1.15.0.201708311556/tools/compiler/bin/../lib/gcc/arm-none-eabi/6.3.1/thumb/v7e-m/fpv4-sp/hard\libgcc.a(_fixunssfdi.o) (__aeabi_d2uiz)
c:/ac6/systemworkbench/plugins/fr.ac6.mcu.externaltools.arm-none.win32_1.15.0.201708311556/tools/compiler/bin/../lib/gcc/arm-none-eabi/6.3.1/../../../../arm-none-eabi/lib/thumb/v7e-m/fpv4-sp/hard\libc_nano.a(lib_a-exit.o)
                              c:/ac6/systemworkbench/plugins/fr.ac6.mcu.externaltools.arm-none.win32_1.15.0.201708311556/tools/compiler/bin/../lib/gcc/arm-none-eabi/6.3.1/../../../../arm-none-eabi/lib/thumb/v7e-m/fpv4-sp/hard/crt0.o (exit)
c:/ac6/systemworkbench/plugins/fr.ac6.mcu.externaltools.arm-none.win32_1.15.0.201708311556/tools/compiler/bin/../lib/gcc/arm-none-eabi/6.3.1/../../../../arm-none-eabi/lib/thumb/v7e-m/fpv4-sp/hard\libc_nano.a(lib_a-impure.o)
                              c:/ac6/systemworkbench/plugins/fr.ac6.mcu.externaltools.arm-none.win32_1.15.0.201708311556/tools/compiler/bin/../lib/gcc/arm-none-eabi/6.3.1/../../../../arm-none-eabi/lib/thumb/v7e-m/fpv4-sp/hard\libc_nano.a(lib_a-exit.o) (_global_impure_ptr)
c:/ac6/systemworkbench/plugins/fr.ac6.mcu.externaltools.arm-none.win32_1.15.0.201708311556/tools/compiler/bin/../lib/gcc/arm-none-eabi/6.3.1/../../../../arm-none-eabi/lib/thumb/v7e-m/fpv4-sp/hard\libc_nano.a(lib_a-init.o)
                              c:/ac6/systemworkbench/plugins/fr.ac6.mcu.externaltools.arm-none.win32_1.15.0.201708311556/tools/compiler/bin/../lib/gcc/arm-none-eabi/6.3.1/../../../../arm-none-eabi/lib/thumb/v7e-m/fpv4-sp/hard/crt0.o (__libc_init_array)
c:/ac6/systemworkbench/plugins/fr.ac6.mcu.externaltools.arm-none.win32_1.15.0.201708311556/tools/compiler/bin/../lib/gcc/arm-none-eabi/6.3.1/../../../../arm-none-eabi/lib/thumb/v7e-m/fpv4-sp/hard\libc_nano.a(lib_a-memcpy-stub.o)
                              Middlewares/Third_Party/FreeRTOS/Source/queue.o (memcpy)
c:/ac6/systemworkbench/plugins/fr.ac6.mcu.externaltools.arm-none.win32_1.15.0.201708311556/tools/compiler/bin/../lib/gcc/arm-none-eabi/6.3.1/../../../../arm-none-eabi/lib/thumb/v7e-m/fpv4-sp/hard\libc_nano.a(lib_a-memset.o)
                              c:/ac6/systemworkbench/plugins/fr.ac6.mcu.externaltools.arm-none.win32_1.15.0.201708311556/tools/compiler/bin/../lib/gcc/arm-none-eabi/6.3.1/../../../../arm-none-eabi/lib/thumb/v7e-m/fpv4-sp/hard/crt0.o (memset)
c:/ac6/systemworkbench/plugins/fr.ac6.mcu.externaltools.arm-none.win32_1.15.0.201708311556/tools/compiler/bin/../lib/gcc/arm-none-eabi/6.3.1/../../../../arm-none-eabi/lib/thumb/v7e-m/fpv4-sp/hard\libnosys.a(_exit.o)
                              c:/ac6/systemworkbench/plugins/fr.ac6.mcu.externaltools.arm-none.win32_1.15.0.201708311556/tools/compiler/bin/../lib/gcc/arm-none-eabi/6.3.1/../../../../arm-none-eabi/lib/thumb/v7e-m/fpv4-sp/hard\libc_nano.a(lib_a-exit.o) (_exit)

Allocating common symbols
Common symbol       size              file

actualDC            0x4               Src/CANProcess.o
[...]
Memory Configuration

Name             Origin             Length             Attributes
RAM              0x20000000         0x00010000         xrw
FLASH            0x08000000         0x00040000         xr
*default*        0x00000000         0xffffffff

Linker script and memory map

LOAD c:/ac6/systemworkbench/plugins/fr.ac6.mcu.externaltools.arm-none.win32_1.15.0.201708311556/tools/compiler/bin/../lib/gcc/arm-none-eabi/6.3.1/thumb/v7e-m/fpv4-sp/hard/crti.o
LOAD c:/ac6/systemworkbench/plugins/fr.ac6.mcu.externaltools.arm-none.win32_1.15.0.201708311556/tools/compiler/bin/../lib/gcc/arm-none-eabi/6.3.1/thumb/v7e-m/fpv4-sp/hard/crtbegin.o
LOAD c:/ac6/systemworkbench/plugins/fr.ac6.mcu.externaltools.arm-none.win32_1.15.0.201708311556/tools/compiler/bin/../lib/gcc/arm-none-eabi/6.3.1/../../../../arm-none-eabi/lib/thumb/v7e-m/fpv4-sp/hard/crt0.o
LOAD Drivers/STM32L4xx_HAL_Driver/Src/stm32l4xx_hal.o
LOAD Drivers/STM32L4xx_HAL_Driver/Src/stm32l4xx_hal_can.o
LOAD Drivers/STM32L4xx_HAL_Driver/Src/stm32l4xx_hal_cortex.o
LOAD Drivers/STM32L4xx_HAL_Driver/Src/stm32l4xx_hal_dma.o
LOAD Drivers/STM32L4xx_HAL_Driver/Src/stm32l4xx_hal_flash.o
LOAD Drivers/STM32L4xx_HAL_Driver/Src/stm32l4xx_hal_flash_ex.o
LOAD Drivers/STM32L4xx_HAL_Driver/Src/stm32l4xx_hal_flash_ramfunc.o
LOAD Drivers/STM32L4xx_HAL_Driver/Src/stm32l4xx_hal_gpio.o
LOAD Drivers/STM32L4xx_HAL_Driver/Src/stm32l4xx_hal_i2c.o
LOAD Drivers/STM32L4xx_HAL_Driver/Src/stm32l4xx_hal_i2c_ex.o
LOAD Drivers/STM32L4xx_HAL_Driver/Src/stm32l4xx_hal_pwr.o
LOAD Drivers/STM32L4xx_HAL_Driver/Src/stm32l4xx_hal_pwr_ex.o
LOAD Drivers/STM32L4xx_HAL_Driver/Src/stm32l4xx_hal_rcc.o
LOAD Drivers/STM32L4xx_HAL_Driver/Src/stm32l4xx_hal_rcc_ex.o
LOAD Drivers/STM32L4xx_HAL_Driver/Src/stm32l4xx_hal_tim.o
LOAD Drivers/STM32L4xx_HAL_Driver/Src/stm32l4xx_hal_tim_ex.o
LOAD Middlewares/Third_Party/FreeRTOS/Source/CMSIS_RTOS/cmsis_os.o
LOAD Middlewares/Third_Party/FreeRTOS/Source/croutine.o
LOAD Middlewares/Third_Party/FreeRTOS/Source/event_groups.o
LOAD Middlewares/Third_Party/FreeRTOS/Source/list.o
LOAD Middlewares/Third_Party/FreeRTOS/Source/queue.o
LOAD Middlewares/Third_Party/FreeRTOS/Source/tasks.o
LOAD Middlewares/Third_Party/FreeRTOS/Source/timers.o
LOAD Middlewares/Third_Party/FreeRTOS/Source/portable/GCC/ARM_CM4F/port.o
LOAD Middlewares/Third_Party/FreeRTOS/Source/portable/MemMang/heap_4.o
LOAD Src/CANProcess.o
LOAD Src/PedalBox.o
LOAD Src/car.o
LOAD Src/freertos.o
LOAD Src/main.o
LOAD Src/motor_controller_functions.o
LOAD Src/stm32l4xx_hal_msp.o
LOAD Src/stm32l4xx_hal_timebase_TIM.o
LOAD Src/stm32l4xx_it.o
LOAD Src/system_stm32l4xx.o
LOAD startup/startup_stm32l432xx.o
LOAD c:/ac6/systemworkbench/plugins/fr.ac6.mcu.externaltools.arm-none.win32_1.15.0.201708311556/tools/compiler/bin/../lib/gcc/arm-none-eabi/6.3.1/../../../../arm-none-eabi/lib/thumb/v7e-m/fpv4-sp/hard\libm.a
START GROUP
LOAD c:/ac6/systemworkbench/plugins/fr.ac6.mcu.externaltools.arm-none.win32_1.15.0.201708311556/tools/compiler/bin/../lib/gcc/arm-none-eabi/6.3.1/thumb/v7e-m/fpv4-sp/hard\libgcc.a
LOAD c:/ac6/systemworkbench/plugins/fr.ac6.mcu.externaltools.arm-none.win32_1.15.0.201708311556/tools/compiler/bin/../lib/gcc/arm-none-eabi/6.3.1/../../../../arm-none-eabi/lib/thumb/v7e-m/fpv4-sp/hard\libc_nano.a
END GROUP
START GROUP
LOAD c:/ac6/systemworkbench/plugins/fr.ac6.mcu.externaltools.arm-none.win32_1.15.0.201708311556/tools/compiler/bin/../lib/gcc/arm-none-eabi/6.3.1/thumb/v7e-m/fpv4-sp/hard\libgcc.a
LOAD c:/ac6/systemworkbench/plugins/fr.ac6.mcu.externaltools.arm-none.win32_1.15.0.201708311556/tools/compiler/bin/../lib/gcc/arm-none-eabi/6.3.1/../../../../arm-none-eabi/lib/thumb/v7e-m/fpv4-sp/hard\libc_nano.a
LOAD c:/ac6/systemworkbench/plugins/fr.ac6.mcu.externaltools.arm-none.win32_1.15.0.201708311556/tools/compiler/bin/../lib/gcc/arm-none-eabi/6.3.1/../../../../arm-none-eabi/lib/thumb/v7e-m/fpv4-sp/hard\libnosys.a
END GROUP
START GROUP
LOAD c:/ac6/systemworkbench/plugins/fr.ac6.mcu.externaltools.arm-none.win32_1.15.0.201708311556/tools/compiler/bin/../lib/gcc/arm-none-eabi/6.3.1/thumb/v7e-m/fpv4-sp/hard\libgcc.a
LOAD c:/ac6/systemworkbench/plugins/fr.ac6.mcu.externaltools.arm-none.win32_1.15.0.201708311556/tools/compiler/bin/../lib/gcc/arm-none-eabi/6.3.1/../../../../arm-none-eabi/lib/thumb/v7e-m/fpv4-sp/hard\libc_nano.a
LOAD c:/ac6/systemworkbench/plugins/fr.ac6.mcu.externaltools.arm-none.win32_1.15.0.201708311556/tools/compiler/bin/../lib/gcc/arm-none-eabi/6.3.1/../../../../arm-none-eabi/lib/thumb/v7e-m/fpv4-sp/hard\libnosys.a
END GROUP
LOAD c:/ac6/systemworkbench/plugins/fr.ac6.mcu.externaltools.arm-none.win32_1.15.0.201708311556/tools/compiler/bin/../lib/gcc/arm-none-eabi/6.3.1/thumb/v7e-m/fpv4-sp/hard/crtend.o
LOAD c:/ac6/systemworkbench/plugins/fr.ac6.mcu.externaltools.arm-none.win32_1.15.0.201708311556/tools/compiler/bin/../lib/gcc/arm-none-eabi/6.3.1/thumb/v7e-m/fpv4-sp/hard/crtn.o
                0x20010000                _estack = 0x20010000
                0x00003000                _Min_Heap_Size = 0x3000
                0x00003000                _Min_Stack_Size = 0x3000

.isr_vector     0x08000000      0x190
                0x08000000                . = ALIGN (0x8)
 *(.isr_vector)
 .isr_vector    0x08000000      0x18c startup/startup_stm32l432xx.o
                0x08000000                g_pfnVectors
                0x08000190                . = ALIGN (0x8)
 *fill*         0x0800018c        0x4 

.text           0x08000190     0x4840
                0x08000190                . = ALIGN (0x8)
 *(.text)
 .text          0x08000190       0x6c c:/ac6/systemworkbench/plugins/fr.ac6.mcu.externaltools.arm-none.win32_1.15.0.201708311556/tools/compiler/bin/../lib/gcc/arm-none-eabi/6.3.1/thumb/v7e-m/fpv4-sp/hard/crtbegin.o
 .text          0x080001fc      0x370 c:/ac6/systemworkbench/plugins/fr.ac6.mcu.externaltools.arm-none.win32_1.15.0.201708311556/tools/compiler/bin/../lib/gcc/arm-none-eabi/6.3.1/thumb/v7e-m/fpv4-sp/hard\libgcc.a(_arm_addsubdf3.o)
                0x080001fc                __aeabi_drsub
                0x08000204                __aeabi_dsub
                0x08000204                __subdf3
                0x08000208                __aeabi_dadd
                0x08000208                __adddf3
                0x08000480                __floatunsidf
                0x08000480                __aeabi_ui2d
                0x080004a0                __floatsidf
                0x080004a0                __aeabi_i2d
                0x080004c4                __aeabi_f2d
                0x080004c4                __extendsfdf2
                0x08000500                __floatundidf
                0x08000500                __aeabi_ul2d
                0x08000510                __floatdidf
                0x08000510                __aeabi_l2d
 .text          0x0800056c      0x424 c:/ac6/systemworkbench/plugins/fr.ac6.mcu.externaltools.arm-none.win32_1.15.0.201708311556/tools/compiler/bin/../lib/gcc/arm-none-eabi/6.3.1/thumb/v7e-m/fpv4-sp/hard\libgcc.a(_arm_muldivdf3.o)
                0x0800056c                __aeabi_dmul
                0x0800056c                __muldf3
                0x080007c0                __divdf3
                0x080007c0                __aeabi_ddiv
 .text          0x08000990      0x110 c:/ac6/systemworkbench/plugins/fr.ac6.mcu.externaltools.arm-none.win32_1.15.0.201708311556/tools/compiler/bin/../lib/gcc/arm-none-eabi/6.3.1/thumb/v7e-m/fpv4-sp/hard\libgcc.a(_arm_cmpdf2.o)
                0x08000990                __gtdf2
                0x08000990                __gedf2
                0x08000998                __ltdf2
                0x08000998                __ledf2
                0x080009a0                __nedf2
                0x080009a0                __eqdf2
                0x080009a0                __cmpdf2
                0x08000a1c                __aeabi_cdrcmple
                0x08000a2c                __aeabi_cdcmpeq
                0x08000a2c                __aeabi_cdcmple
                0x08000a3c                __aeabi_dcmpeq
                0x08000a50                __aeabi_dcmplt
                0x08000a64                __aeabi_dcmple
                0x08000a78                __aeabi_dcmpge
                0x08000a8c                __aeabi_dcmpgt
 .text          0x08000aa0       0x50 c:/ac6/systemworkbench/plugins/fr.ac6.mcu.externaltools.arm-none.win32_1.15.0.201708311556/tools/compiler/bin/../lib/gcc/arm-none-eabi/6.3.1/thumb/v7e-m/fpv4-sp/hard\libgcc.a(_arm_fixdfsi.o)
                0x08000aa0                __aeabi_d2iz
                0x08000aa0                __fixdfsi
 .text          0x08000af0       0x24 c:/ac6/systemworkbench/plugins/fr.ac6.mcu.externaltools.arm-none.win32_1.15.0.201708311556/tools/compiler/bin/../lib/gcc/arm-none-eabi/6.3.1/thumb/v7e-m/fpv4-sp/hard\libgcc.a(_fixsfdi.o)
                0x08000af0                __fixsfdi
                0x08000af0                __aeabi_f2lz
 .text          0x08000b14       0x4c c:/ac6/systemworkbench/plugins/fr.ac6.mcu.externaltools.arm-none.win32_1.15.0.201708311556/tools/compiler/bin/../lib/gcc/arm-none-eabi/6.3.1/thumb/v7e-m/fpv4-sp/hard\libgcc.a(_fixunssfdi.o)
                0x08000b14                __fixunssfdi
                0x08000b14                __aeabi_f2ulz
 .text          0x08000b60       0x40 c:/ac6/systemworkbench/plugins/fr.ac6.mcu.externaltools.arm-none.win32_1.15.0.201708311556/tools/compiler/bin/../lib/gcc/arm-none-eabi/6.3.1/thumb/v7e-m/fpv4-sp/hard\libgcc.a(_arm_fixunsdfsi.o)
                0x08000b60                __aeabi_d2uiz
                0x08000b60                __fixunsdfsi
 *(.text*)
 .text.HAL_Init
                0x08000ba0       0x16 Drivers/STM32L4xx_HAL_Driver/Src/stm32l4xx_hal.o
                0x08000ba0                HAL_Init
 *fill*         0x08000bb6        0x2 
 .text.HAL_IncTick
                0x08000bb8       0x10 Drivers/STM32L4xx_HAL_Driver/Src/stm32l4xx_hal.o
                0x08000bb8                HAL_IncTick
 .text.HAL_GetTick
                0x08000bc8        0xc Drivers/STM32L4xx_HAL_Driver/Src/stm32l4xx_hal.o
                0x08000bc8                HAL_GetTick
 .text.HAL_CAN_ConfigFilter
                0x08000bd4       0xfc Drivers/STM32L4xx_HAL_Driver/Src/stm32l4xx_hal_can.o
                0x08000bd4                HAL_CAN_ConfigFilter
 .text.HAL_CAN_Init
                0x08000cd0      0x178 Drivers/STM32L4xx_HAL_Driver/Src/stm32l4xx_hal_can.o
                0x08000cd0                HAL_CAN_Init
 .text.HAL_CAN_Transmit
                0x08000e48      0x1bc Drivers/STM32L4xx_HAL_Driver/Src/stm32l4xx_hal_can.o
                0x08000e48                HAL_CAN_Transmit
 .text.HAL_CAN_Transmit_IT
                0x08001004      0x14e Drivers/STM32L4xx_HAL_Driver/Src/stm32l4xx_hal_can.o
                0x08001004                HAL_CAN_Transmit_IT
 .text.HAL_CAN_Receive_IT
                0x08001152       0x78 Drivers/STM32L4xx_HAL_Driver/Src/stm32l4xx_hal_can.o
                0x08001152                HAL_CAN_Receive_IT
 .text.HAL_CAN_TxCpltCallback
                0x080011ca        0x2 Drivers/STM32L4xx_HAL_Driver/Src/stm32l4xx_hal_can.o
                0x080011ca                HAL_CAN_TxCpltCallback
 .text.CAN_Transmit_IT
                0x080011cc       0x42 Drivers/STM32L4xx_HAL_Driver/Src/stm32l4xx_hal_can.o
 .text.HAL_CAN_RxCpltCallback
                0x0800120e        0x2 Drivers/STM32L4xx_HAL_Driver/Src/stm32l4xx_hal_can.o
                0x0800120e                HAL_CAN_RxCpltCallback
 .text.CAN_Receive_IT
                0x08001210      0x138 Drivers/STM32L4xx_HAL_Driver/Src/stm32l4xx_hal_can.o
 .text.HAL_CAN_ErrorCallback
                0x08001348        0x2 Drivers/STM32L4xx_HAL_Driver/Src/stm32l4xx_hal_can.o
                0x08001348                HAL_CAN_ErrorCallback
 *fill*         0x0800134a        0x2 
 .text.HAL_CAN_IRQHandler
                0x0800134c      0x1b4 Drivers/STM32L4xx_HAL_Driver/Src/stm32l4xx_hal_can.o
                0x0800134c                HAL_CAN_IRQHandler
 .text.HAL_NVIC_SetPriorityGrouping
                0x08001500       0x24 Drivers/STM32L4xx_HAL_Driver/Src/stm32l4xx_hal_cortex.o
                0x08001500                HAL_NVIC_SetPriorityGrouping
 .text.HAL_NVIC_SetPriority
                0x08001524       0x64 Drivers/STM32L4xx_HAL_Driver/Src/stm32l4xx_hal_cortex.o
                0x08001524                HAL_NVIC_SetPriority
 .text.HAL_NVIC_EnableIRQ
                0x08001588       0x18 Drivers/STM32L4xx_HAL_Driver/Src/stm32l4xx_hal_cortex.o
                0x08001588                HAL_NVIC_EnableIRQ
 .text.HAL_SYSTICK_Config
                0x080015a0       0x2c Drivers/STM32L4xx_HAL_Driver/Src/stm32l4xx_hal_cortex.o
                0x080015a0                HAL_SYSTICK_Config
 .text.HAL_SYSTICK_CLKSourceConfig
                0x080015cc       0x20 Drivers/STM32L4xx_HAL_Driver/Src/stm32l4xx_hal_cortex.o
                0x080015cc                HAL_SYSTICK_CLKSourceConfig
 .text.HAL_GPIO_Init
                0x080015ec      0x188 Drivers/STM32L4xx_HAL_Driver/Src/stm32l4xx_hal_gpio.o
                0x080015ec                HAL_GPIO_Init
 .text.HAL_GPIO_WritePin
                0x08001774        0xa Drivers/STM32L4xx_HAL_Driver/Src/stm32l4xx_hal_gpio.o
                0x08001774                HAL_GPIO_WritePin
 .text.HAL_GPIO_TogglePin
                0x0800177e        0x8 Drivers/STM32L4xx_HAL_Driver/Src/stm32l4xx_hal_gpio.o
                0x0800177e                HAL_GPIO_TogglePin
 *fill*         0x08001786        0x2 
 .text.HAL_PWREx_GetVoltageRange
                0x08001788       0x10 Drivers/STM32L4xx_HAL_Driver/Src/stm32l4xx_hal_pwr_ex.o
                0x08001788                HAL_PWREx_GetVoltageRange
 .text.HAL_PWREx_ControlVoltageScaling
                0x08001798       0x90 Drivers/STM32L4xx_HAL_Driver/Src/stm32l4xx_hal_pwr_ex.o
                0x08001798                HAL_PWREx_ControlVoltageScaling
 .text.RCC_SetFlashLatencyFromMSIRange
                0x08001828       0x90 Drivers/STM32L4xx_HAL_Driver/Src/stm32l4xx_hal_rcc.o
 .text.HAL_RCC_GetSysClockFreq
                0x080018b8      0x100 Drivers/STM32L4xx_HAL_Driver/Src/stm32l4xx_hal_rcc.o
                0x080018b8                HAL_RCC_GetSysClockFreq
 .text.HAL_RCC_OscConfig
                0x080019b8      0x5cc Drivers/STM32L4xx_HAL_Driver/Src/stm32l4xx_hal_rcc.o
                0x080019b8                HAL_RCC_OscConfig
 .text.HAL_RCC_ClockConfig
                0x08001f84      0x1ac Drivers/STM32L4xx_HAL_Driver/Src/stm32l4xx_hal_rcc.o
                0x08001f84                HAL_RCC_ClockConfig
 .text.HAL_RCC_GetHCLKFreq
                0x08002130        0xc Drivers/STM32L4xx_HAL_Driver/Src/stm32l4xx_hal_rcc.o
                0x08002130                HAL_RCC_GetHCLKFreq
 .text.HAL_RCC_GetPCLK2Freq
                0x0800213c       0x20 Drivers/STM32L4xx_HAL_Driver/Src/stm32l4xx_hal_rcc.o
                0x0800213c                HAL_RCC_GetPCLK2Freq
 .text.HAL_RCC_GetClockConfig
                0x0800215c       0x3c Drivers/STM32L4xx_HAL_Driver/Src/stm32l4xx_hal_rcc.o
                0x0800215c                HAL_RCC_GetClockConfig
 .text.HAL_TIM_Base_MspInit
                0x08002198        0x2 Drivers/STM32L4xx_HAL_Driver/Src/stm32l4xx_hal_tim.o
                0x08002198                HAL_TIM_Base_MspInit
 .text.HAL_TIM_Base_Start_IT
                0x0800219a       0x18 Drivers/STM32L4xx_HAL_Driver/Src/stm32l4xx_hal_tim.o
                0x0800219a                HAL_TIM_Base_Start_IT
 .text.HAL_TIM_OC_DelayElapsedCallback
                0x080021b2        0x2 Drivers/STM32L4xx_HAL_Driver/Src/stm32l4xx_hal_tim.o
                0x080021b2                HAL_TIM_OC_DelayElapsedCallback
 .text.HAL_TIM_IC_CaptureCallback
                0x080021b4        0x2 Drivers/STM32L4xx_HAL_Driver/Src/stm32l4xx_hal_tim.o
                0x080021b4                HAL_TIM_IC_CaptureCallback
 .text.HAL_TIM_PWM_PulseFinishedCallback
                0x080021b6        0x2 Drivers/STM32L4xx_HAL_Driver/Src/stm32l4xx_hal_tim.o
                0x080021b6                HAL_TIM_PWM_PulseFinishedCallback
 .text.HAL_TIM_TriggerCallback
                0x080021b8        0x2 Drivers/STM32L4xx_HAL_Driver/Src/stm32l4xx_hal_tim.o
                0x080021b8                HAL_TIM_TriggerCallback
 .text.HAL_TIM_IRQHandler
                0x080021ba      0x17a Drivers/STM32L4xx_HAL_Driver/Src/stm32l4xx_hal_tim.o
                0x080021ba                HAL_TIM_IRQHandler
 .text.TIM_Base_SetConfig
                0x08002334       0x70 Drivers/STM32L4xx_HAL_Driver/Src/stm32l4xx_hal_tim.o
                0x08002334                TIM_Base_SetConfig
 .text.HAL_TIM_Base_Init
                0x080023a4       0x32 Drivers/STM32L4xx_HAL_Driver/Src/stm32l4xx_hal_tim.o
                0x080023a4                HAL_TIM_Base_Init
 .text.HAL_TIMEx_CommutationCallback
                0x080023d6        0x2 Drivers/STM32L4xx_HAL_Driver/Src/stm32l4xx_hal_tim_ex.o
                0x080023d6                HAL_TIMEx_CommutationCallback
 .text.HAL_TIMEx_BreakCallback
                0x080023d8        0x2 Drivers/STM32L4xx_HAL_Driver/Src/stm32l4xx_hal_tim_ex.o
                0x080023d8                HAL_TIMEx_BreakCallback
 .text.makeFreeRtosPriority
                0x080023da        0xc Middlewares/Third_Party/FreeRTOS/Source/CMSIS_RTOS/cmsis_os.o
 .text.osKernelStart
                0x080023e6        0xa Middlewares/Third_Party/FreeRTOS/Source/CMSIS_RTOS/cmsis_os.o
                0x080023e6                osKernelStart
 .text.osThreadCreate
                0x080023f0       0x34 Middlewares/Third_Party/FreeRTOS/Source/CMSIS_RTOS/cmsis_os.o
                0x080023f0                osThreadCreate
 .text.osDelay  0x08002424       0x12 Middlewares/Third_Party/FreeRTOS/Source/CMSIS_RTOS/cmsis_os.o
                0x08002424                osDelay
 .text.osSystickHandler
                0x08002436       0x10 Middlewares/Third_Party/FreeRTOS/Source/CMSIS_RTOS/cmsis_os.o
                0x08002436                osSystickHandler
 .text.vListInitialise
                0x08002446       0x16 Middlewares/Third_Party/FreeRTOS/Source/list.o
                0x08002446                vListInitialise
 .text.vListInitialiseItem
                0x0800245c        0x6 Middlewares/Third_Party/FreeRTOS/Source/list.o
                0x0800245c                vListInitialiseItem
 .text.vListInsertEnd
                0x08002462       0x18 Middlewares/Third_Party/FreeRTOS/Source/list.o
                0x08002462                vListInsertEnd
 .text.vListInsert
                0x0800247a       0x34 Middlewares/Third_Party/FreeRTOS/Source/list.o
                0x0800247a                vListInsert
 .text.uxListRemove
                0x080024ae       0x26 Middlewares/Third_Party/FreeRTOS/Source/list.o
                0x080024ae                uxListRemove
 .text.prvIsQueueFull
                0x080024d4       0x1e Middlewares/Third_Party/FreeRTOS/Source/queue.o
 .text.prvIsQueueEmpty
                0x080024f2       0x1a Middlewares/Third_Party/FreeRTOS/Source/queue.o
 .text.prvCopyDataToQueue
                0x0800250c       0x76 Middlewares/Third_Party/FreeRTOS/Source/queue.o
 .text.prvCopyDataFromQueue
                0x08002582       0x24 Middlewares/Third_Party/FreeRTOS/Source/queue.o
 .text.prvUnlockQueue
                0x080025a6       0x6e Middlewares/Third_Party/FreeRTOS/Source/queue.o
 .text.xQueueGenericReset
                0x08002614       0x80 Middlewares/Third_Party/FreeRTOS/Source/queue.o
                0x08002614                xQueueGenericReset
 .text.prvInitialiseNewQueue
                0x08002694       0x1c Middlewares/Third_Party/FreeRTOS/Source/queue.o
 .text.xQueueGenericCreate
                0x080026b0       0x48 Middlewares/Third_Party/FreeRTOS/Source/queue.o
                0x080026b0                xQueueGenericCreate
 .text.xQueueGenericSend
                0x080026f8      0x188 Middlewares/Third_Party/FreeRTOS/Source/queue.o
                0x080026f8                xQueueGenericSend
 .text.prvInitialiseMutex
                0x08002880       0x18 Middlewares/Third_Party/FreeRTOS/Source/queue.o
 .text.xQueueCreateMutex
                0x08002898       0x16 Middlewares/Third_Party/FreeRTOS/Source/queue.o
                0x08002898                xQueueCreateMutex
 .text.xQueueGenericSendFromISR
                0x080028ae       0xde Middlewares/Third_Party/FreeRTOS/Source/queue.o
                0x080028ae                xQueueGenericSendFromISR
 .text.xQueueGenericReceive
                0x0800298c      0x1b0 Middlewares/Third_Party/FreeRTOS/Source/queue.o
                0x0800298c                xQueueGenericReceive
 .text.prvResetNextTaskUnblockTime
                0x08002b3c       0x2c Middlewares/Third_Party/FreeRTOS/Source/tasks.o
 .text.prvDeleteTCB
                0x08002b68       0x12 Middlewares/Third_Party/FreeRTOS/Source/tasks.o
 .text.prvInitialiseNewTask
                0x08002b7a       0x80 Middlewares/Third_Party/FreeRTOS/Source/tasks.o
 *fill*         0x08002bfa        0x2 
 .text.prvInitialiseTaskLists
                0x08002bfc       0x58 Middlewares/Third_Party/FreeRTOS/Source/tasks.o
 .text.prvAddNewTaskToReadyList
                0x08002c54       0xac Middlewares/Third_Party/FreeRTOS/Source/tasks.o
 .text.prvAddCurrentTaskToDelayedList
                0x08002d00       0x88 Middlewares/Third_Party/FreeRTOS/Source/tasks.o
 .text.xTaskCreate
                0x08002d88       0x62 Middlewares/Third_Party/FreeRTOS/Source/tasks.o
                0x08002d88                xTaskCreate
 *fill*         0x08002dea        0x2 
 .text.vTaskDelete
                0x08002dec       0xdc Middlewares/Third_Party/FreeRTOS/Source/tasks.o
                0x08002dec                vTaskDelete
 .text.vTaskStartScheduler
                0x08002ec8       0x74 Middlewares/Third_Party/FreeRTOS/Source/tasks.o
                0x08002ec8                vTaskStartScheduler
 .text.vTaskSuspendAll
                0x08002f3c       0x14 Middlewares/Third_Party/FreeRTOS/Source/tasks.o
                0x08002f3c                vTaskSuspendAll
 .text.xTaskGetTickCount
                0x08002f50        0xc Middlewares/Third_Party/FreeRTOS/Source/tasks.o
                0x08002f50                xTaskGetTickCount
 .text.xTaskIncrementTick
                0x08002f5c      0x114 Middlewares/Third_Party/FreeRTOS/Source/tasks.o
                0x08002f5c                xTaskIncrementTick
 .text.xTaskResumeAll
                0x08003070       0xf4 Middlewares/Third_Party/FreeRTOS/Source/tasks.o
                0x08003070                xTaskResumeAll
 .text.vTaskDelay
                0x08003164       0x50 Middlewares/Third_Party/FreeRTOS/Source/tasks.o
                0x08003164                vTaskDelay
 .text.prvCheckTasksWaitingTermination
                0x080031b4       0x54 Middlewares/Third_Party/FreeRTOS/Source/tasks.o
 .text.prvIdleTask
                0x08003208       0x28 Middlewares/Third_Party/FreeRTOS/Source/tasks.o
 .text.vTaskSwitchContext
                0x08003230       0x90 Middlewares/Third_Party/FreeRTOS/Source/tasks.o
                0x08003230                vTaskSwitchContext
 .text.vTaskPlaceOnEventList
                0x080032c0       0x34 Middlewares/Third_Party/FreeRTOS/Source/tasks.o
                0x080032c0                vTaskPlaceOnEventList
 .text.xTaskRemoveFromEventList
                0x080032f4       0x84 Middlewares/Third_Party/FreeRTOS/Source/tasks.o
                0x080032f4                xTaskRemoveFromEventList
 .text.vTaskSetTimeOutState
                0x08003378       0x28 Middlewares/Third_Party/FreeRTOS/Source/tasks.o
                0x08003378                vTaskSetTimeOutState
 .text.xTaskCheckForTimeOut
                0x080033a0       0x80 Middlewares/Third_Party/FreeRTOS/Source/tasks.o
                0x080033a0                xTaskCheckForTimeOut
 .text.vTaskMissedYield
                0x08003420       0x10 Middlewares/Third_Party/FreeRTOS/Source/tasks.o
                0x08003420                vTaskMissedYield
 .text.xTaskGetSchedulerState
                0x08003430       0x20 Middlewares/Third_Party/FreeRTOS/Source/tasks.o
                0x08003430                xTaskGetSchedulerState
 .text.vTaskPriorityInherit
                0x08003450       0xb0 Middlewares/Third_Party/FreeRTOS/Source/tasks.o
                0x08003450                vTaskPriorityInherit
 .text.xTaskPriorityDisinherit
                0x08003500       0xb8 Middlewares/Third_Party/FreeRTOS/Source/tasks.o
                0x08003500                xTaskPriorityDisinherit
 .text.pvTaskIncrementMutexHeldCount
                0x080035b8       0x20 Middlewares/Third_Party/FreeRTOS/Source/tasks.o
                0x080035b8                pvTaskIncrementMutexHeldCount
 .text.prvTaskExitError
                0x080035d8       0x34 Middlewares/Third_Party/FreeRTOS/Source/portable/GCC/ARM_CM4F/port.o
 .text.prvPortStartFirstTask
                0x0800360c       0x20 Middlewares/Third_Party/FreeRTOS/Source/portable/GCC/ARM_CM4F/port.o
 .text.vPortEnableVFP
                0x0800362c       0x14 Middlewares/Third_Party/FreeRTOS/Source/portable/GCC/ARM_CM4F/port.o
 .text.pxPortInitialiseStack
                0x08003640       0x2c Middlewares/Third_Party/FreeRTOS/Source/portable/GCC/ARM_CM4F/port.o
                0x08003640                pxPortInitialiseStack
 *fill*         0x0800366c        0x4 
 .text.SVC_Handler
                0x08003670       0x24 Middlewares/Third_Party/FreeRTOS/Source/portable/GCC/ARM_CM4F/port.o
                0x08003670                SVC_Handler
 .text.vPortEnterCritical
                0x08003694       0x44 Middlewares/Third_Party/FreeRTOS/Source/portable/GCC/ARM_CM4F/port.o
                0x08003694                vPortEnterCritical
 .text.vPortExitCritical
                0x080036d8       0x2c Middlewares/Third_Party/FreeRTOS/Source/portable/GCC/ARM_CM4F/port.o
                0x080036d8                vPortExitCritical
 *fill*         0x08003704        0xc 
 .text.PendSV_Handler
                0x08003710       0x64 Middlewares/Third_Party/FreeRTOS/Source/portable/GCC/ARM_CM4F/port.o
                0x08003710                PendSV_Handler
 .text.xPortSysTickHandler
                0x08003774       0x2c Middlewares/Third_Party/FreeRTOS/Source/portable/GCC/ARM_CM4F/port.o
                0x08003774                xPortSysTickHandler
 .text.vPortSetupTimerInterrupt
                0x080037a0       0x2c Middlewares/Third_Party/FreeRTOS/Source/portable/GCC/ARM_CM4F/port.o
                0x080037a0                vPortSetupTimerInterrupt
 .text.xPortStartScheduler
                0x080037cc       0xe8 Middlewares/Third_Party/FreeRTOS/Source/portable/GCC/ARM_CM4F/port.o
                0x080037cc                xPortStartScheduler
 .text.vPortValidateInterruptPriority
                0x080038b4       0x58 Middlewares/Third_Party/FreeRTOS/Source/portable/GCC/ARM_CM4F/port.o
                0x080038b4                vPortValidateInterruptPriority
 .text.prvHeapInit
                0x0800390c       0x58 Middlewares/Third_Party/FreeRTOS/Source/portable/MemMang/heap_4.o
 .text.prvInsertBlockIntoFreeList
                0x08003964       0x58 Middlewares/Third_Party/FreeRTOS/Source/portable/MemMang/heap_4.o
 .text.pvPortMalloc
                0x080039bc      0x10c Middlewares/Third_Party/FreeRTOS/Source/portable/MemMang/heap_4.o
                0x080039bc                pvPortMalloc
 .text.vPortFree
                0x08003ac8       0x70 Middlewares/Third_Party/FreeRTOS/Source/portable/MemMang/heap_4.o
                0x08003ac8                vPortFree
 .text.CANFilterConfig
                0x08003b38       0x5c Src/CANProcess.o
                0x08003b38                CANFilterConfig
 .text.taskTXCAN
                0x08003b94       0x5c Src/CANProcess.o
                0x08003b94                taskTXCAN
 .text.processPedalboxFrame
                0x08003bf0       0x64 Src/CANProcess.o
                0x08003bf0                processPedalboxFrame
 .text.processCalibrate
                0x08003c54       0x48 Src/CANProcess.o
                0x08003c54                processCalibrate
 .text.processBamoCar
                0x08003c9c      0x138 Src/CANProcess.o
                0x08003c9c                processBamoCar
 .text.taskRXCANProcess
                0x08003dd4       0xa8 Src/CANProcess.o
                0x08003dd4                taskRXCANProcess
 *fill*         0x08003e7c        0x4 
 .text.taskPedalBoxMsgHandler
                0x08003e80      0x258 Src/PedalBox.o
                0x08003e80                taskPedalBoxMsgHandler
 .text.taskBlink
                0x080040d8       0x50 Src/car.o
                0x080040d8                taskBlink
 .text.taskSoundBuzzer
                0x08004128       0x2e Src/car.o
                0x08004128                taskSoundBuzzer
 .text.carSetBrakeLight
                0x08004156       0x10 Src/car.o
                0x08004156                carSetBrakeLight
 *fill*         0x08004166        0x2 
 .text.taskCarMainRoutine
                0x08004168      0x168 Src/car.o
                0x08004168                taskCarMainRoutine
 .text.carInit  0x080042d0       0x50 Src/car.o
                0x080042d0                carInit
 .text.ISR_StartButtonPressed
                0x08004320       0x3c Src/car.o
                0x08004320                ISR_StartButtonPressed
 .text.initRTOSObjects
                0x0800435c       0xb8 Src/car.o
                0x0800435c                initRTOSObjects
 .text.MX_GPIO_Init
                0x08004414       0xa4 Src/main.o
 .text.StartDefaultTask
                0x080044b8        0xa Src/main.o
                0x080044b8                StartDefaultTask
 *fill*         0x080044c2        0x2 
 .text.HAL_TIM_PeriodElapsedCallback
                0x080044c4       0x18 Src/main.o
                0x080044c4                HAL_TIM_PeriodElapsedCallback
 .text._Error_Handler
                0x080044dc        0x2 Src/main.o
                0x080044dc                _Error_Handler
 *fill*         0x080044de        0x2 
 .text.MX_CAN1_Init
                0x080044e0       0x48 Src/main.o
 .text.SystemClock_Config
                0x08004528       0x98 Src/main.o
                0x08004528                SystemClock_Config
 .text.main     0x080045c0       0x48 Src/main.o
                0x080045c0                main
 .text.mcCmdTorque
                0x08004608       0x3c Src/motor_controller_functions.o
                0x08004608                mcCmdTorque
 .text.disableMotor
                0x08004644       0x20 Src/motor_controller_functions.o
                0x08004644                disableMotor
 .text.enableMotorController
                0x08004664       0x54 Src/motor_controller_functions.o
                0x08004664                enableMotorController
 .text.HAL_MspInit
                0x080046b8       0x90 Src/stm32l4xx_hal_msp.o
                0x080046b8                HAL_MspInit
 .text.HAL_CAN_MspInit
                0x08004748       0x7c Src/stm32l4xx_hal_msp.o
                0x08004748                HAL_CAN_MspInit
 .text.HAL_InitTick
                0x080047c4       0x78 Src/stm32l4xx_hal_timebase_TIM.o
                0x080047c4                HAL_InitTick
 .text.NMI_Handler
                0x0800483c        0x2 Src/stm32l4xx_it.o
                0x0800483c                NMI_Handler
 .text.HardFault_Handler
                0x0800483e        0x2 Src/stm32l4xx_it.o
                0x0800483e                HardFault_Handler
 .text.MemManage_Handler
                0x08004840        0x2 Src/stm32l4xx_it.o
                0x08004840                MemManage_Handler
 .text.BusFault_Handler
                0x08004842        0x2 Src/stm32l4xx_it.o
                0x08004842                BusFault_Handler
 .text.UsageFault_Handler
                0x08004844        0x2 Src/stm32l4xx_it.o
                0x08004844                UsageFault_Handler
 .text.DebugMon_Handler
                0x08004846        0x2 Src/stm32l4xx_it.o
                0x08004846                DebugMon_Handler
 .text.SysTick_Handler
                0x08004848        0x8 Src/stm32l4xx_it.o
                0x08004848                SysTick_Handler
 .text.CAN1_TX_IRQHandler
                0x08004850       0x10 Src/stm32l4xx_it.o
                0x08004850                CAN1_TX_IRQHandler
 .text.CAN1_RX0_IRQHandler
                0x08004860       0x20 Src/stm32l4xx_it.o
                0x08004860                CAN1_RX0_IRQHandler
 .text.CAN1_RX1_IRQHandler
                0x08004880       0x2c Src/stm32l4xx_it.o
                0x08004880                CAN1_RX1_IRQHandler
 .text.TIM1_UP_TIM16_IRQHandler
                0x080048ac       0x10 Src/stm32l4xx_it.o
                0x080048ac                TIM1_UP_TIM16_IRQHandler
 .text.SystemInit
                0x080048bc       0x48 Src/system_stm32l4xx.o
                0x080048bc                SystemInit
 .text.Reset_Handler
                0x08004904       0x50 startup/startup_stm32l432xx.o
                0x08004904                Reset_Handler
 .text.Default_Handler
                0x08004954        0x2 startup/startup_stm32l432xx.o
                0x08004954                RTC_Alarm_IRQHandler
                0x08004954                EXTI2_IRQHandler
                0x08004954                TIM1_CC_IRQHandler
                0x08004954                TSC_IRQHandler
                0x08004954                TAMP_STAMP_IRQHandler
                0x08004954                EXTI3_IRQHandler
                0x08004954                LPTIM2_IRQHandler
                0x08004954                I2C3_ER_IRQHandler
                0x08004954                EXTI0_IRQHandler
                0x08004954                FPU_IRQHandler
                0x08004954                SPI1_IRQHandler
                0x08004954                TIM6_DAC_IRQHandler
                0x08004954                DMA2_Channel2_IRQHandler
                0x08004954                DMA1_Channel4_IRQHandler
                0x08004954                ADC1_IRQHandler
                0x08004954                DMA1_Channel7_IRQHandler
                0x08004954                DMA2_Channel1_IRQHandler
                0x08004954                QUADSPI_IRQHandler
                0x08004954                I2C1_EV_IRQHandler
                0x08004954                DMA1_Channel6_IRQHandler
                0x08004954                DMA2_Channel4_IRQHandler
                0x08004954                RCC_IRQHandler
                0x08004954                TIM1_TRG_COM_IRQHandler
                0x08004954                DMA1_Channel1_IRQHandler
                0x08004954                Default_Handler
                0x08004954                DMA2_Channel7_IRQHandler
                0x08004954                EXTI15_10_IRQHandler
                0x08004954                TIM7_IRQHandler
                0x08004954                I2C3_EV_IRQHandler
                0x08004954                USB_IRQHandler
                0x08004954                EXTI9_5_IRQHandler
                0x08004954                RTC_WKUP_IRQHandler
                0x08004954                PVD_PVM_IRQHandler
                0x08004954                DMA2_Channel5_IRQHandler
                0x08004954                CRS_IRQHandler
                0x08004954                DMA1_Channel5_IRQHandler
                0x08004954                EXTI4_IRQHandler
                0x08004954                RNG_IRQHandler
                0x08004954                DMA1_Channel3_IRQHandler
                0x08004954                COMP_IRQHandler
                0x08004954                WWDG_IRQHandler
                0x08004954                LPUART1_IRQHandler
                0x08004954                DMA2_Channel6_IRQHandler
                0x08004954                TIM2_IRQHandler
                0x08004954                EXTI1_IRQHandler
                0x08004954                USART2_IRQHandler
                0x08004954                DMA1_Channel2_IRQHandler
                0x08004954                CAN1_SCE_IRQHandler
                0x08004954                FLASH_IRQHandler
                0x08004954                USART1_IRQHandler
                0x08004954                SPI3_IRQHandler
                0x08004954                I2C1_ER_IRQHandler
                0x08004954                SWPMI1_IRQHandler
                0x08004954                LPTIM1_IRQHandler
                0x08004954                SAI1_IRQHandler
                0x08004954                DMA2_Channel3_IRQHandler
                0x08004954                TIM1_BRK_TIM15_IRQHandler
 *fill*         0x08004956        0x2 
 .text.__libc_init_array
                0x08004958       0x48 c:/ac6/systemworkbench/plugins/fr.ac6.mcu.externaltools.arm-none.win32_1.15.0.201708311556/tools/compiler/bin/../lib/gcc/arm-none-eabi/6.3.1/../../../../arm-none-eabi/lib/thumb/v7e-m/fpv4-sp/hard\libc_nano.a(lib_a-init.o)
                0x08004958                __libc_init_array
 .text.memcpy   0x080049a0       0x16 c:/ac6/systemworkbench/plugins/fr.ac6.mcu.externaltools.arm-none.win32_1.15.0.201708311556/tools/compiler/bin/../lib/gcc/arm-none-eabi/6.3.1/../../../../arm-none-eabi/lib/thumb/v7e-m/fpv4-sp/hard\libc_nano.a(lib_a-memcpy-stub.o)
                0x080049a0                memcpy
 *(.glue_7)
 .glue_7        0x080049b6        0x0 linker stubs
 *(.glue_7t)
 .glue_7t       0x080049b6        0x0 linker stubs
 *(.eh_frame)
 *fill*         0x080049b6        0x2 
 .eh_frame      0x080049b8        0x0 c:/ac6/systemworkbench/plugins/fr.ac6.mcu.externaltools.arm-none.win32_1.15.0.201708311556/tools/compiler/bin/../lib/gcc/arm-none-eabi/6.3.1/thumb/v7e-m/fpv4-sp/hard/crtbegin.o
 *(.init)
 .init          0x080049b8        0x4 c:/ac6/systemworkbench/plugins/fr.ac6.mcu.externaltools.arm-none.win32_1.15.0.201708311556/tools/compiler/bin/../lib/gcc/arm-none-eabi/6.3.1/thumb/v7e-m/fpv4-sp/hard/crti.o
                0x080049b8                _init
 .init          0x080049bc        0x8 c:/ac6/systemworkbench/plugins/fr.ac6.mcu.externaltools.arm-none.win32_1.15.0.201708311556/tools/compiler/bin/../lib/gcc/arm-none-eabi/6.3.1/thumb/v7e-m/fpv4-sp/hard/crtn.o
 *(.fini)
 .fini          0x080049c4        0x4 c:/ac6/systemworkbench/plugins/fr.ac6.mcu.externaltools.arm-none.win32_1.15.0.201708311556/tools/compiler/bin/../lib/gcc/arm-none-eabi/6.3.1/thumb/v7e-m/fpv4-sp/hard/crti.o
                0x080049c4                _fini
 .fini          0x080049c8        0x8 c:/ac6/systemworkbench/plugins/fr.ac6.mcu.externaltools.arm-none.win32_1.15.0.201708311556/tools/compiler/bin/../lib/gcc/arm-none-eabi/6.3.1/thumb/v7e-m/fpv4-sp/hard/crtn.o
                0x080049d0                . = ALIGN (0x8)
                0x080049d0                _etext = .

.vfp11_veneer   0x080049d0        0x0
 .vfp11_veneer  0x080049d0        0x0 linker stubs

.v4_bx          0x080049d0        0x0
 .v4_bx         0x080049d0        0x0 linker stubs

.iplt           0x080049d0        0x0
 .iplt          0x080049d0        0x0 c:/ac6/systemworkbench/plugins/fr.ac6.mcu.externaltools.arm-none.win32_1.15.0.201708311556/tools/compiler/bin/../lib/gcc/arm-none-eabi/6.3.1/thumb/v7e-m/fpv4-sp/hard/crtbegin.o

.rodata         0x080049d0       0xc8
                0x080049d0                . = ALIGN (0x8)
 *(.rodata)
 .rodata        0x080049d0       0x14 Src/main.o
 .rodata        0x080049e4       0x48 Src/system_stm32l4xx.o
                0x080049e4                MSIRangeTable
                0x08004a14                AHBPrescTable
                0x08004a24                APBPrescTable
 *(.rodata*)
 .rodata.str1.4
                0x08004a2c        0x5 Middlewares/Third_Party/FreeRTOS/Source/tasks.o
 *fill*         0x08004a31        0x3 
 .rodata.str1.4
                0x08004a34       0x42 Src/car.o
 *fill*         0x08004a76        0x2 
 .rodata.str1.4
                0x08004a78       0x1c Src/main.o
                0x08004a98                . = ALIGN (0x8)
 *fill*         0x08004a94        0x4 

.rel.dyn        0x08004a98        0x0
 .rel.iplt      0x08004a98        0x0 c:/ac6/systemworkbench/plugins/fr.ac6.mcu.externaltools.arm-none.win32_1.15.0.201708311556/tools/compiler/bin/../lib/gcc/arm-none-eabi/6.3.1/thumb/v7e-m/fpv4-sp/hard/crtbegin.o

.ARM.extab      0x08004a98        0x0
                0x08004a98                . = ALIGN (0x8)
 *(.ARM.extab* .gnu.linkonce.armextab.*)
                0x08004a98                . = ALIGN (0x8)

.ARM            0x08004a98        0x0
                0x08004a98                . = ALIGN (0x8)
                0x08004a98                __exidx_start = .
 *(.ARM.exidx*)
                0x08004a98                __exidx_end = .
                0x08004a98                . = ALIGN (0x8)

.preinit_array  0x08004a98        0x0
                0x08004a98                . = ALIGN (0x8)
                0x08004a98                PROVIDE (__preinit_array_start, .)
 *(.preinit_array*)
                0x08004a98                PROVIDE (__preinit_array_end, .)
                0x08004a98                . = ALIGN (0x8)

.init_array     0x08004a98        0x8
                0x08004a98                . = ALIGN (0x8)
                0x08004a98                PROVIDE (__init_array_start, .)
 *(SORT(.init_array.*))
 *(.init_array*)
 .init_array    0x08004a98        0x4 c:/ac6/systemworkbench/plugins/fr.ac6.mcu.externaltools.arm-none.win32_1.15.0.201708311556/tools/compiler/bin/../lib/gcc/arm-none-eabi/6.3.1/thumb/v7e-m/fpv4-sp/hard/crtbegin.o
                0x08004a9c                PROVIDE (__init_array_end, .)
                0x08004aa0                . = ALIGN (0x8)
 *fill*         0x08004a9c        0x4 

.fini_array     0x08004aa0        0x8
                0x08004aa0                . = ALIGN (0x8)
                [!provide]                PROVIDE (__fini_array_start, .)
 *(SORT(.fini_array.*))
 *(.fini_array*)
 .fini_array    0x08004aa0        0x4 c:/ac6/systemworkbench/plugins/fr.ac6.mcu.externaltools.arm-none.win32_1.15.0.201708311556/tools/compiler/bin/../lib/gcc/arm-none-eabi/6.3.1/thumb/v7e-m/fpv4-sp/hard/crtbegin.o
                [!provide]                PROVIDE (__fini_array_end, .)
                0x08004aa8                . = ALIGN (0x8)
 *fill*         0x08004aa4        0x4 
                0x08004aa8                _sidata = LOADADDR (.data)

.data           0x20000000        0x8 load address 0x08004aa8
                0x20000000                . = ALIGN (0x8)
                0x20000000                _sdata = .
 *(.data)
 .data          0x20000000        0x4 Middlewares/Third_Party/FreeRTOS/Source/portable/GCC/ARM_CM4F/port.o
 .data          0x20000004        0x4 Src/system_stm32l4xx.o
                0x20000004                SystemCoreClock
 *(.data*)
                0x20000008                . = ALIGN (0x8)
                0x20000008                _edata = .

.jcr            0x20000008        0x0 load address 0x08004ab0
 .jcr           0x20000008        0x0 c:/ac6/systemworkbench/plugins/fr.ac6.mcu.externaltools.arm-none.win32_1.15.0.201708311556/tools/compiler/bin/../lib/gcc/arm-none-eabi/6.3.1/thumb/v7e-m/fpv4-sp/hard/crtbegin.o

.igot.plt       0x20000008        0x0 load address 0x08004ab0
 .igot.plt      0x20000008        0x0 c:/ac6/systemworkbench/plugins/fr.ac6.mcu.externaltools.arm-none.win32_1.15.0.201708311556/tools/compiler/bin/../lib/gcc/arm-none-eabi/6.3.1/thumb/v7e-m/fpv4-sp/hard/crtbegin.o
                0x20000008                . = ALIGN (0x4)

.bss            0x20000008      0xea0 load address 0x08004ab0
                0x20000008                _sbss = .
                0x20000008                __bss_start__ = _sbss
 *(.bss)
 .bss           0x20000008       0x1c c:/ac6/systemworkbench/plugins/fr.ac6.mcu.externaltools.arm-none.win32_1.15.0.201708311556/tools/compiler/bin/../lib/gcc/arm-none-eabi/6.3.1/thumb/v7e-m/fpv4-sp/hard/crtbegin.o
 .bss           0x20000024      0x12c Middlewares/Third_Party/FreeRTOS/Source/tasks.o
                0x20000124                pxCurrentTCB
 .bss           0x20000150        0x8 Middlewares/Third_Party/FreeRTOS/Source/portable/GCC/ARM_CM4F/port.o
 .bss           0x20000158      0xbd0 Middlewares/Third_Party/FreeRTOS/Source/portable/MemMang/heap_4.o
 *(.bss*)
 *(COMMON)
 COMMON         0x20000d28        0x4 Drivers/STM32L4xx_HAL_Driver/Src/stm32l4xx_hal.o
                0x20000d28                uwTick
 COMMON         0x20000d2c       0x4c Src/CANProcess.o
                0x20000d2c                actualDC
                0x20000d30                actualTorque
                0x20000d34                pedalTorque
                0x20000d38                torque_to_send
                0x20000d3c                BCparam
                0x20000d40                actualTorque0700
                0x20000d44                DCLimit
                0x20000d48                calcTorqueLimit
                0x20000d4c                actualTorque1508
                0x20000d50                dcBusVoltage
                0x20000d54                powerStageTemperature
                0x20000d58                errBitMap1
                0x20000d5c                commandCurrent
                0x20000d60                actualV
                0x20000d64                airTemperature
                0x20000d68                currentActual
                0x20000d6c                actualCurrentLimit
                0x20000d70                speedActual
                0x20000d74                motorTemperature
 COMMON         0x20000d78       0xf4 Src/main.o
                0x20000d78                car
                0x20000dd8                BMS
                0x20000e28                defaultTaskHandle
                0x20000e2c                hcan1
 COMMON         0x20000e6c       0x3c Src/stm32l4xx_hal_timebase_TIM.o
                0x20000e6c                htim1
                0x20000ea8                . = ALIGN (0x4)
                0x20000ea8                _ebss = .
                0x20000ea8                __bss_end__ = _ebss

._user_heap_stack
                0x20000ea8     0x6000 load address 0x08004ab0
                0x20000ea8                . = ALIGN (0x8)
                [!provide]                PROVIDE (end, .)
                [!provide]                PROVIDE (_end, .)
                0x20003ea8                . = (. + _Min_Heap_Size)
 *fill*         0x20000ea8     0x3000 
                0x20006ea8                . = (. + _Min_Stack_Size)
 *fill*         0x20003ea8     0x3000 
                0x20006ea8                . = ALIGN (0x8)

/DISCARD/
 libc.a(*)
 libm.a(*)
 libgcc.a(*)

.ARM.attributes
                0x00000000       0x30
 *(.ARM.attributes)
 .ARM.attributes
                0x00000000       0x22 c:/ac6/systemworkbench/plugins/fr.ac6.mcu.externaltools.arm-none.win32_1.15.0.201708311556/tools/compiler/bin/../lib/gcc/arm-none-eabi/6.3.1/thumb/v7e-m/fpv4-sp/hard/crti.o
 .ARM.attributes
                0x00000022       0x34 c:/ac6/systemworkbench/plugins/fr.ac6.mcu.externaltools.arm-none.win32_1.15.0.201708311556/tools/compiler/bin/../lib/gcc/arm-none-eabi/6.3.1/thumb/v7e-m/fpv4-sp/hard/crtbegin.o
 .ARM.attributes
                0x00000056       0x39 Drivers/STM32L4xx_HAL_Driver/Src/stm32l4xx_hal.o
 .ARM.attributes
                0x0000008f       0x39 Drivers/STM32L4xx_HAL_Driver/Src/stm32l4xx_hal_can.o
 .ARM.attributes
                0x000000c8       0x39 Drivers/STM32L4xx_HAL_Driver/Src/stm32l4xx_hal_cortex.o
 .ARM.attributes
                0x00000101       0x39 Drivers/STM32L4xx_HAL_Driver/Src/stm32l4xx_hal_gpio.o
 .ARM.attributes
                0x0000013a       0x39 Drivers/STM32L4xx_HAL_Driver/Src/stm32l4xx_hal_pwr_ex.o
 .ARM.attributes
                0x00000173       0x39 Drivers/STM32L4xx_HAL_Driver/Src/stm32l4xx_hal_rcc.o
 .ARM.attributes
                0x000001ac       0x39 Drivers/STM32L4xx_HAL_Driver/Src/stm32l4xx_hal_tim.o
 .ARM.attributes
                0x000001e5       0x39 Drivers/STM32L4xx_HAL_Driver/Src/stm32l4xx_hal_tim_ex.o
 .ARM.attributes
                0x0000021e       0x39 Middlewares/Third_Party/FreeRTOS/Source/CMSIS_RTOS/cmsis_os.o
 .ARM.attributes
                0x00000257       0x39 Middlewares/Third_Party/FreeRTOS/Source/list.o
 .ARM.attributes
                0x00000290       0x39 Middlewares/Third_Party/FreeRTOS/Source/queue.o
 .ARM.attributes
                0x000002c9       0x39 Middlewares/Third_Party/FreeRTOS/Source/tasks.o
 .ARM.attributes
                0x00000302       0x39 Middlewares/Third_Party/FreeRTOS/Source/portable/GCC/ARM_CM4F/port.o
 .ARM.attributes
                0x0000033b       0x39 Middlewares/Third_Party/FreeRTOS/Source/portable/MemMang/heap_4.o
 .ARM.attributes
                0x00000374       0x39 Src/CANProcess.o
 .ARM.attributes
                0x000003ad       0x39 Src/PedalBox.o
 .ARM.attributes
                0x000003e6       0x39 Src/car.o
 .ARM.attributes
                0x0000041f       0x39 Src/main.o
 .ARM.attributes
                0x00000458       0x39 Src/motor_controller_functions.o
 .ARM.attributes
                0x00000491       0x39 Src/stm32l4xx_hal_msp.o
 .ARM.attributes
                0x000004ca       0x39 Src/stm32l4xx_hal_timebase_TIM.o
 .ARM.attributes
                0x00000503       0x39 Src/stm32l4xx_it.o
 .ARM.attributes
                0x0000053c       0x39 Src/system_stm32l4xx.o
 .ARM.attributes
                0x00000575       0x21 startup/startup_stm32l432xx.o
 .ARM.attributes
                0x00000596       0x22 c:/ac6/systemworkbench/plugins/fr.ac6.mcu.externaltools.arm-none.win32_1.15.0.201708311556/tools/compiler/bin/../lib/gcc/arm-none-eabi/6.3.1/thumb/v7e-m/fpv4-sp/hard\libgcc.a(_arm_addsubdf3.o)
 .ARM.attributes
                0x000005b8       0x22 c:/ac6/systemworkbench/plugins/fr.ac6.mcu.externaltools.arm-none.win32_1.15.0.201708311556/tools/compiler/bin/../lib/gcc/arm-none-eabi/6.3.1/thumb/v7e-m/fpv4-sp/hard\libgcc.a(_arm_muldivdf3.o)
 .ARM.attributes
                0x000005da       0x22 c:/ac6/systemworkbench/plugins/fr.ac6.mcu.externaltools.arm-none.win32_1.15.0.201708311556/tools/compiler/bin/../lib/gcc/arm-none-eabi/6.3.1/thumb/v7e-m/fpv4-sp/hard\libgcc.a(_arm_cmpdf2.o)
 .ARM.attributes
                0x000005fc       0x22 c:/ac6/systemworkbench/plugins/fr.ac6.mcu.externaltools.arm-none.win32_1.15.0.201708311556/tools/compiler/bin/../lib/gcc/arm-none-eabi/6.3.1/thumb/v7e-m/fpv4-sp/hard\libgcc.a(_arm_fixdfsi.o)
 .ARM.attributes
                0x0000061e       0x34 c:/ac6/systemworkbench/plugins/fr.ac6.mcu.externaltools.arm-none.win32_1.15.0.201708311556/tools/compiler/bin/../lib/gcc/arm-none-eabi/6.3.1/thumb/v7e-m/fpv4-sp/hard\libgcc.a(_fixsfdi.o)
 .ARM.attributes
                0x00000652       0x34 c:/ac6/systemworkbench/plugins/fr.ac6.mcu.externaltools.arm-none.win32_1.15.0.201708311556/tools/compiler/bin/../lib/gcc/arm-none-eabi/6.3.1/thumb/v7e-m/fpv4-sp/hard\libgcc.a(_fixunssfdi.o)
 .ARM.attributes
                0x00000686       0x22 c:/ac6/systemworkbench/plugins/fr.ac6.mcu.externaltools.arm-none.win32_1.15.0.201708311556/tools/compiler/bin/../lib/gcc/arm-none-eabi/6.3.1/thumb/v7e-m/fpv4-sp/hard\libgcc.a(_arm_fixunsdfsi.o)
 .ARM.attributes
                0x000006a8       0x34 c:/ac6/systemworkbench/plugins/fr.ac6.mcu.externaltools.arm-none.win32_1.15.0.201708311556/tools/compiler/bin/../lib/gcc/arm-none-eabi/6.3.1/../../../../arm-none-eabi/lib/thumb/v7e-m/fpv4-sp/hard\libc_nano.a(lib_a-init.o)
 .ARM.attributes
                0x000006dc       0x34 c:/ac6/systemworkbench/plugins/fr.ac6.mcu.externaltools.arm-none.win32_1.15.0.201708311556/tools/compiler/bin/../lib/gcc/arm-none-eabi/6.3.1/../../../../arm-none-eabi/lib/thumb/v7e-m/fpv4-sp/hard\libc_nano.a(lib_a-memcpy-stub.o)
 .ARM.attributes
                0x00000710       0x22 c:/ac6/systemworkbench/plugins/fr.ac6.mcu.externaltools.arm-none.win32_1.15.0.201708311556/tools/compiler/bin/../lib/gcc/arm-none-eabi/6.3.1/thumb/v7e-m/fpv4-sp/hard/crtn.o
OUTPUT(MainModule2018.elf elf32-littlearm)

.debug_info     0x00000000    0x227c9
 .debug_info    0x00000000     0x119b Drivers/STM32L4xx_HAL_Driver/Src/stm32l4xx_hal.o
 .debug_info    0x0000119b     0x1430 Drivers/STM32L4xx_HAL_Driver/Src/stm32l4xx_hal_can.o
 .debug_info    0x000025cb     0x168b Drivers/STM32L4xx_HAL_Driver/Src/stm32l4xx_hal_cortex.o
 .debug_info    0x00003c56     0x1090 Drivers/STM32L4xx_HAL_Driver/Src/stm32l4xx_hal_gpio.o
 .debug_info    0x00004ce6     0x1226 Drivers/STM32L4xx_HAL_Driver/Src/stm32l4xx_hal_pwr_ex.o
 .debug_info    0x00005f0c     0x157a Drivers/STM32L4xx_HAL_Driver/Src/stm32l4xx_hal_rcc.o
 .debug_info    0x00007486     0x37c0 Drivers/STM32L4xx_HAL_Driver/Src/stm32l4xx_hal_tim.o
 .debug_info    0x0000ac46     0x1d21 Drivers/STM32L4xx_HAL_Driver/Src/stm32l4xx_hal_tim_ex.o
 .debug_info    0x0000c967     0x2321 Middlewares/Third_Party/FreeRTOS/Source/CMSIS_RTOS/cmsis_os.o
 .debug_info    0x0000ec88      0xad4 Middlewares/Third_Party/FreeRTOS/Source/list.o
 .debug_info    0x0000f75c     0x1f96 Middlewares/Third_Party/FreeRTOS/Source/queue.o
 .debug_info    0x000116f2     0x2922 Middlewares/Third_Party/FreeRTOS/Source/tasks.o
 .debug_info    0x00014014      0x534 Middlewares/Third_Party/FreeRTOS/Source/portable/GCC/ARM_CM4F/port.o
 .debug_info    0x00014548      0xc78 Middlewares/Third_Party/FreeRTOS/Source/portable/MemMang/heap_4.o
 .debug_info    0x000151c0     0x1869 Src/CANProcess.o
 .debug_info    0x00016a29     0x14e7 Src/PedalBox.o
 .debug_info    0x00017f10     0x1a65 Src/car.o
 .debug_info    0x00019975     0x23cb Src/main.o
 .debug_info    0x0001bd40     0x186f Src/motor_controller_functions.o
 .debug_info    0x0001d5af     0x15e3 Src/stm32l4xx_hal_msp.o
 .debug_info    0x0001eb92     0x13fc Src/stm32l4xx_hal_timebase_TIM.o
 .debug_info    0x0001ff8e     0x19cd Src/stm32l4xx_it.o
 .debug_info    0x0002195b      0xdf6 Src/system_stm32l4xx.o
 .debug_info    0x00022751       0x78 startup/startup_stm32l432xx.o

.debug_abbrev   0x00000000     0x434e
 .debug_abbrev  0x00000000      0x2e3 Drivers/STM32L4xx_HAL_Driver/Src/stm32l4xx_hal.o
 .debug_abbrev  0x000002e3      0x2dc Drivers/STM32L4xx_HAL_Driver/Src/stm32l4xx_hal_can.o
 .debug_abbrev  0x000005bf      0x3b8 Drivers/STM32L4xx_HAL_Driver/Src/stm32l4xx_hal_cortex.o
 .debug_abbrev  0x00000977      0x2a5 Drivers/STM32L4xx_HAL_Driver/Src/stm32l4xx_hal_gpio.o
 .debug_abbrev  0x00000c1c      0x304 Drivers/STM32L4xx_HAL_Driver/Src/stm32l4xx_hal_pwr_ex.o
 .debug_abbrev  0x00000f20      0x308 Drivers/STM32L4xx_HAL_Driver/Src/stm32l4xx_hal_rcc.o
 .debug_abbrev  0x00001228      0x2dc Drivers/STM32L4xx_HAL_Driver/Src/stm32l4xx_hal_tim.o
 .debug_abbrev  0x00001504      0x2dc Drivers/STM32L4xx_HAL_Driver/Src/stm32l4xx_hal_tim_ex.o
 .debug_abbrev  0x000017e0      0x3d0 Middlewares/Third_Party/FreeRTOS/Source/CMSIS_RTOS/cmsis_os.o
 .debug_abbrev  0x00001bb0      0x21c Middlewares/Third_Party/FreeRTOS/Source/list.o
 .debug_abbrev  0x00001dcc      0x37f Middlewares/Third_Party/FreeRTOS/Source/queue.o
 .debug_abbrev  0x0000214b      0x3cd Middlewares/Third_Party/FreeRTOS/Source/tasks.o
 .debug_abbrev  0x00002518      0x205 Middlewares/Third_Party/FreeRTOS/Source/portable/GCC/ARM_CM4F/port.o
 .debug_abbrev  0x0000271d      0x318 Middlewares/Third_Party/FreeRTOS/Source/portable/MemMang/heap_4.o
 .debug_abbrev  0x00002a35      0x314 Src/CANProcess.o
 .debug_abbrev  0x00002d49      0x2c0 Src/PedalBox.o
 .debug_abbrev  0x00003009      0x35a Src/car.o
 .debug_abbrev  0x00003363      0x362 Src/main.o
 .debug_abbrev  0x000036c5      0x2b7 Src/motor_controller_functions.o
 .debug_abbrev  0x0000397c      0x25d Src/stm32l4xx_hal_msp.o
 .debug_abbrev  0x00003bd9      0x295 Src/stm32l4xx_hal_timebase_TIM.o
 .debug_abbrev  0x00003e6e      0x2a8 Src/stm32l4xx_it.o
 .debug_abbrev  0x00004116      0x226 Src/system_stm32l4xx.o
 .debug_abbrev  0x0000433c       0x12 startup/startup_stm32l432xx.o

.debug_loc      0x00000000     0xa715
 .debug_loc     0x00000000       0x76 Drivers/STM32L4xx_HAL_Driver/Src/stm32l4xx_hal.o
 .debug_loc     0x00000076      0x6d1 Drivers/STM32L4xx_HAL_Driver/Src/stm32l4xx_hal_can.o
 .debug_loc     0x00000747      0x5ad Drivers/STM32L4xx_HAL_Driver/Src/stm32l4xx_hal_cortex.o
 .debug_loc     0x00000cf4      0x343 Drivers/STM32L4xx_HAL_Driver/Src/stm32l4xx_hal_gpio.o
 .debug_loc     0x00001037      0x571 Drivers/STM32L4xx_HAL_Driver/Src/stm32l4xx_hal_pwr_ex.o
 .debug_loc     0x000015a8      0x5ee Drivers/STM32L4xx_HAL_Driver/Src/stm32l4xx_hal_rcc.o
 .debug_loc     0x00001b96     0x3721 Drivers/STM32L4xx_HAL_Driver/Src/stm32l4xx_hal_tim.o
 .debug_loc     0x000052b7     0x161e Drivers/STM32L4xx_HAL_Driver/Src/stm32l4xx_hal_tim_ex.o
 .debug_loc     0x000068d5      0xfe2 Middlewares/Third_Party/FreeRTOS/Source/CMSIS_RTOS/cmsis_os.o
 .debug_loc     0x000078b7       0x70 Middlewares/Third_Party/FreeRTOS/Source/list.o
 .debug_loc     0x00007927      0xe4e Middlewares/Third_Party/FreeRTOS/Source/queue.o
 .debug_loc     0x00008775     0x14e6 Middlewares/Third_Party/FreeRTOS/Source/tasks.o
 .debug_loc     0x00009c5b      0x104 Middlewares/Third_Party/FreeRTOS/Source/portable/GCC/ARM_CM4F/port.o
 .debug_loc     0x00009d5f      0x291 Middlewares/Third_Party/FreeRTOS/Source/portable/MemMang/heap_4.o
 .debug_loc     0x00009ff0      0x139 Src/CANProcess.o
 .debug_loc     0x0000a129      0x10d Src/PedalBox.o
 .debug_loc     0x0000a236       0xd6 Src/car.o
 .debug_loc     0x0000a30c       0x5b Src/main.o
 .debug_loc     0x0000a367       0xf6 Src/motor_controller_functions.o
 .debug_loc     0x0000a45d       0x5b Src/stm32l4xx_hal_msp.o
 .debug_loc     0x0000a4b8       0x79 Src/stm32l4xx_hal_timebase_TIM.o
 .debug_loc     0x0000a531      0x1e4 Src/system_stm32l4xx.o

.debug_aranges  0x00000000     0x10e8
 .debug_aranges
                0x00000000       0xf0 Drivers/STM32L4xx_HAL_Driver/Src/stm32l4xx_hal.o
 .debug_aranges
                0x000000f0       0xb0 Drivers/STM32L4xx_HAL_Driver/Src/stm32l4xx_hal_can.o
 .debug_aranges
                0x000001a0       0x98 Drivers/STM32L4xx_HAL_Driver/Src/stm32l4xx_hal_cortex.o
 .debug_aranges
                0x00000238       0x58 Drivers/STM32L4xx_HAL_Driver/Src/stm32l4xx_hal_gpio.o
 .debug_aranges
                0x00000290      0x108 Drivers/STM32L4xx_HAL_Driver/Src/stm32l4xx_hal_pwr_ex.o
 .debug_aranges
                0x00000398       0x88 Drivers/STM32L4xx_HAL_Driver/Src/stm32l4xx_hal_rcc.o
 .debug_aranges
                0x00000420      0x378 Drivers/STM32L4xx_HAL_Driver/Src/stm32l4xx_hal_tim.o
 .debug_aranges
                0x00000798      0x150 Drivers/STM32L4xx_HAL_Driver/Src/stm32l4xx_hal_tim_ex.o
 .debug_aranges
                0x000008e8      0x1d8 Middlewares/Third_Party/FreeRTOS/Source/CMSIS_RTOS/cmsis_os.o
 .debug_aranges
                0x00000ac0       0x40 Middlewares/Third_Party/FreeRTOS/Source/list.o
 .debug_aranges
                0x00000b00       0xe0 Middlewares/Third_Party/FreeRTOS/Source/queue.o
 .debug_aranges
                0x00000be0      0x190 Middlewares/Third_Party/FreeRTOS/Source/tasks.o
 .debug_aranges
                0x00000d70       0x80 Middlewares/Third_Party/FreeRTOS/Source/portable/GCC/ARM_CM4F/port.o
 .debug_aranges
                0x00000df0       0x50 Middlewares/Third_Party/FreeRTOS/Source/portable/MemMang/heap_4.o
 .debug_aranges
                0x00000e40       0x50 Src/CANProcess.o
 .debug_aranges
                0x00000e90       0x28 Src/PedalBox.o
 .debug_aranges
                0x00000eb8       0x68 Src/car.o
 .debug_aranges
                0x00000f20       0x50 Src/main.o
 .debug_aranges
                0x00000f70       0x58 Src/motor_controller_functions.o
 .debug_aranges
                0x00000fc8       0x30 Src/stm32l4xx_hal_msp.o
 .debug_aranges
                0x00000ff8       0x30 Src/stm32l4xx_hal_timebase_TIM.o
 .debug_aranges
                0x00001028       0x70 Src/stm32l4xx_it.o
 .debug_aranges
                0x00001098       0x28 Src/system_stm32l4xx.o
 .debug_aranges
                0x000010c0       0x28 startup/startup_stm32l432xx.o

.debug_ranges   0x00000000     0x1150
 .debug_ranges  0x00000000       0xe0 Drivers/STM32L4xx_HAL_Driver/Src/stm32l4xx_hal.o
 .debug_ranges  0x000000e0       0xa0 Drivers/STM32L4xx_HAL_Driver/Src/stm32l4xx_hal_can.o
 .debug_ranges  0x00000180       0xe8 Drivers/STM32L4xx_HAL_Driver/Src/stm32l4xx_hal_cortex.o
 .debug_ranges  0x00000268       0x48 Drivers/STM32L4xx_HAL_Driver/Src/stm32l4xx_hal_gpio.o
 .debug_ranges  0x000002b0       0xf8 Drivers/STM32L4xx_HAL_Driver/Src/stm32l4xx_hal_pwr_ex.o
 .debug_ranges  0x000003a8       0x90 Drivers/STM32L4xx_HAL_Driver/Src/stm32l4xx_hal_rcc.o
 .debug_ranges  0x00000438      0x368 Drivers/STM32L4xx_HAL_Driver/Src/stm32l4xx_hal_tim.o
 .debug_ranges  0x000007a0      0x140 Drivers/STM32L4xx_HAL_Driver/Src/stm32l4xx_hal_tim_ex.o
 .debug_ranges  0x000008e0      0x1c8 Middlewares/Third_Party/FreeRTOS/Source/CMSIS_RTOS/cmsis_os.o
 .debug_ranges  0x00000aa8       0x30 Middlewares/Third_Party/FreeRTOS/Source/list.o
 .debug_ranges  0x00000ad8      0x180 Middlewares/Third_Party/FreeRTOS/Source/queue.o
 .debug_ranges  0x00000c58      0x208 Middlewares/Third_Party/FreeRTOS/Source/tasks.o
 .debug_ranges  0x00000e60       0x88 Middlewares/Third_Party/FreeRTOS/Source/portable/GCC/ARM_CM4F/port.o
 .debug_ranges  0x00000ee8       0x40 Middlewares/Third_Party/FreeRTOS/Source/portable/MemMang/heap_4.o
 .debug_ranges  0x00000f28       0x40 Src/CANProcess.o
 .debug_ranges  0x00000f68       0x30 Src/PedalBox.o
 .debug_ranges  0x00000f98       0x58 Src/car.o
 .debug_ranges  0x00000ff0       0x40 Src/main.o
 .debug_ranges  0x00001030       0x48 Src/motor_controller_functions.o
 .debug_ranges  0x00001078       0x20 Src/stm32l4xx_hal_msp.o
 .debug_ranges  0x00001098       0x20 Src/stm32l4xx_hal_timebase_TIM.o
 .debug_ranges  0x000010b8       0x60 Src/stm32l4xx_it.o
 .debug_ranges  0x00001118       0x18 Src/system_stm32l4xx.o
 .debug_ranges  0x00001130       0x20 startup/startup_stm32l432xx.o

.debug_macro    0x00000000    0x24109
 .debug_macro   0x00000000      0x35c Drivers/STM32L4xx_HAL_Driver/Src/stm32l4xx_hal.o
 .debug_macro   0x0000035c      0x8bc Drivers/STM32L4xx_HAL_Driver/Src/stm32l4xx_hal.o
 .debug_macro   0x00000c18       0xa0 Drivers/STM32L4xx_HAL_Driver/Src/stm32l4xx_hal.o
 .debug_macro   0x00000cb8       0xb3 Drivers/STM32L4xx_HAL_Driver/Src/stm32l4xx_hal.o
 .debug_macro   0x00000d6b       0x2e Drivers/STM32L4xx_HAL_Driver/Src/stm32l4xx_hal.o
 .debug_macro   0x00000d99       0x28 Drivers/STM32L4xx_HAL_Driver/Src/stm32l4xx_hal.o
 .debug_macro   0x00000dc1       0x22 Drivers/STM32L4xx_HAL_Driver/Src/stm32l4xx_hal.o
 .debug_macro   0x00000de3       0x87 Drivers/STM32L4xx_HAL_Driver/Src/stm32l4xx_hal.o
 .debug_macro   0x00000e6a       0x51 Drivers/STM32L4xx_HAL_Driver/Src/stm32l4xx_hal.o
 .debug_macro   0x00000ebb       0xef Drivers/STM32L4xx_HAL_Driver/Src/stm32l4xx_hal.o
 .debug_macro   0x00000faa       0x6a Drivers/STM32L4xx_HAL_Driver/Src/stm32l4xx_hal.o
 .debug_macro   0x00001014      0x1df Drivers/STM32L4xx_HAL_Driver/Src/stm32l4xx_hal.o
 .debug_macro   0x000011f3       0x35 Drivers/STM32L4xx_HAL_Driver/Src/stm32l4xx_hal.o
 .debug_macro   0x00001228       0x50 Drivers/STM32L4xx_HAL_Driver/Src/stm32l4xx_hal.o
 .debug_macro   0x00001278      0xe66 Drivers/STM32L4xx_HAL_Driver/Src/stm32l4xx_hal.o
 .debug_macro   0x000020de    0x14736 Drivers/STM32L4xx_HAL_Driver/Src/stm32l4xx_hal.o
 .debug_macro   0x00016814       0x43 Drivers/STM32L4xx_HAL_Driver/Src/stm32l4xx_hal.o
 .debug_macro   0x00016857     0x36a1 Drivers/STM32L4xx_HAL_Driver/Src/stm32l4xx_hal.o
 .debug_macro   0x00019ef8       0x58 Drivers/STM32L4xx_HAL_Driver/Src/stm32l4xx_hal.o
 .debug_macro   0x00019f50       0x35 Drivers/STM32L4xx_HAL_Driver/Src/stm32l4xx_hal.o
 .debug_macro   0x00019f85       0x9c Drivers/STM32L4xx_HAL_Driver/Src/stm32l4xx_hal.o
 .debug_macro   0x0001a021       0x16 Drivers/STM32L4xx_HAL_Driver/Src/stm32l4xx_hal.o
 .debug_macro   0x0001a037       0x97 Drivers/STM32L4xx_HAL_Driver/Src/stm32l4xx_hal.o
 .debug_macro   0x0001a0ce      0x330 Drivers/STM32L4xx_HAL_Driver/Src/stm32l4xx_hal.o
 .debug_macro   0x0001a3fe       0xfd Drivers/STM32L4xx_HAL_Driver/Src/stm32l4xx_hal.o
 .debug_macro   0x0001a4fb       0x10 Drivers/STM32L4xx_HAL_Driver/Src/stm32l4xx_hal.o
 .debug_macro   0x0001a50b       0x58 Drivers/STM32L4xx_HAL_Driver/Src/stm32l4xx_hal.o
 .debug_macro   0x0001a563       0x1f Drivers/STM32L4xx_HAL_Driver/Src/stm32l4xx_hal.o
 .debug_macro   0x0001a582       0x43 Drivers/STM32L4xx_HAL_Driver/Src/stm32l4xx_hal.o
 .debug_macro   0x0001a5c5       0x20 Drivers/STM32L4xx_HAL_Driver/Src/stm32l4xx_hal.o
 .debug_macro   0x0001a5e5      0x187 Drivers/STM32L4xx_HAL_Driver/Src/stm32l4xx_hal.o
 .debug_macro   0x0001a76c       0x10 Drivers/STM32L4xx_HAL_Driver/Src/stm32l4xx_hal.o
 .debug_macro   0x0001a77c       0x1c Drivers/STM32L4xx_HAL_Driver/Src/stm32l4xx_hal.o
 .debug_macro   0x0001a798       0x52 Drivers/STM32L4xx_HAL_Driver/Src/stm32l4xx_hal.o
 .debug_macro   0x0001a7ea       0x40 Drivers/STM32L4xx_HAL_Driver/Src/stm32l4xx_hal.o
 .debug_macro   0x0001a82a       0x10 Drivers/STM32L4xx_HAL_Driver/Src/stm32l4xx_hal.o
 .debug_macro   0x0001a83a       0x40 Drivers/STM32L4xx_HAL_Driver/Src/stm32l4xx_hal.o
 .debug_macro   0x0001a87a       0xd7 Drivers/STM32L4xx_HAL_Driver/Src/stm32l4xx_hal.o
 .debug_macro   0x0001a951       0x16 Drivers/STM32L4xx_HAL_Driver/Src/stm32l4xx_hal.o
 .debug_macro   0x0001a967      0x18b Drivers/STM32L4xx_HAL_Driver/Src/stm32l4xx_hal.o
 .debug_macro   0x0001aaf2       0x50 Drivers/STM32L4xx_HAL_Driver/Src/stm32l4xx_hal.o
 .debug_macro   0x0001ab42     0x1192 Drivers/STM32L4xx_HAL_Driver/Src/stm32l4xx_hal.o
 .debug_macro   0x0001bcd4      0x535 Drivers/STM32L4xx_HAL_Driver/Src/stm32l4xx_hal.o
 .debug_macro   0x0001c209      0x148 Drivers/STM32L4xx_HAL_Driver/Src/stm32l4xx_hal.o
 .debug_macro   0x0001c351      0x10b Drivers/STM32L4xx_HAL_Driver/Src/stm32l4xx_hal.o
 .debug_macro   0x0001c45c      0x25d Drivers/STM32L4xx_HAL_Driver/Src/stm32l4xx_hal.o
 .debug_macro   0x0001c6b9      0x23a Drivers/STM32L4xx_HAL_Driver/Src/stm32l4xx_hal.o
 .debug_macro   0x0001c8f3      0x36e Drivers/STM32L4xx_HAL_Driver/Src/stm32l4xx_hal.o
 .debug_macro   0x0001cc61      0x360 Drivers/STM32L4xx_HAL_Driver/Src/stm32l4xx_hal.o
 .debug_macro   0x0001cfc1       0x10 Drivers/STM32L4xx_HAL_Driver/Src/stm32l4xx_hal.o
 .debug_macro   0x0001cfd1       0xe4 Drivers/STM32L4xx_HAL_Driver/Src/stm32l4xx_hal.o
 .debug_macro   0x0001d0b5      0x202 Drivers/STM32L4xx_HAL_Driver/Src/stm32l4xx_hal.o
 .debug_macro   0x0001d2b7       0x61 Drivers/STM32L4xx_HAL_Driver/Src/stm32l4xx_hal.o
 .debug_macro   0x0001d318       0x90 Drivers/STM32L4xx_HAL_Driver/Src/stm32l4xx_hal.o
 .debug_macro   0x0001d3a8      0x126 Drivers/STM32L4xx_HAL_Driver/Src/stm32l4xx_hal.o
 .debug_macro   0x0001d4ce      0x2d2 Drivers/STM32L4xx_HAL_Driver/Src/stm32l4xx_hal.o
 .debug_macro   0x0001d7a0      0x9cd Drivers/STM32L4xx_HAL_Driver/Src/stm32l4xx_hal.o
 .debug_macro   0x0001e16d      0x12f Drivers/STM32L4xx_HAL_Driver/Src/stm32l4xx_hal.o
 .debug_macro   0x0001e29c      0x21a Drivers/STM32L4xx_HAL_Driver/Src/stm32l4xx_hal.o
 .debug_macro   0x0001e4b6      0x31a Drivers/STM32L4xx_HAL_Driver/Src/stm32l4xx_hal_can.o
 .debug_macro   0x0001e7d0      0x314 Drivers/STM32L4xx_HAL_Driver/Src/stm32l4xx_hal_cortex.o
 .debug_macro   0x0001eae4      0x353 Drivers/STM32L4xx_HAL_Driver/Src/stm32l4xx_hal_gpio.o
 .debug_macro   0x0001ee37      0x338 Drivers/STM32L4xx_HAL_Driver/Src/stm32l4xx_hal_pwr_ex.o
 .debug_macro   0x0001f16f      0x356 Drivers/STM32L4xx_HAL_Driver/Src/stm32l4xx_hal_rcc.o
 .debug_macro   0x0001f4c5      0x315 Drivers/STM32L4xx_HAL_Driver/Src/stm32l4xx_hal_tim.o
 .debug_macro   0x0001f7da      0x326 Drivers/STM32L4xx_HAL_Driver/Src/stm32l4xx_hal_tim_ex.o
 .debug_macro   0x0001fb00      0x1f3 Middlewares/Third_Party/FreeRTOS/Source/CMSIS_RTOS/cmsis_os.o
 .debug_macro   0x0001fcf3       0x52 Middlewares/Third_Party/FreeRTOS/Source/CMSIS_RTOS/cmsis_os.o
 .debug_macro   0x0001fd45       0x8d Middlewares/Third_Party/FreeRTOS/Source/CMSIS_RTOS/cmsis_os.o
 .debug_macro   0x0001fdd2      0x174 Middlewares/Third_Party/FreeRTOS/Source/CMSIS_RTOS/cmsis_os.o
 .debug_macro   0x0001ff46       0x57 Middlewares/Third_Party/FreeRTOS/Source/CMSIS_RTOS/cmsis_os.o
 .debug_macro   0x0001ff9d       0x10 Middlewares/Third_Party/FreeRTOS/Source/CMSIS_RTOS/cmsis_os.o
 .debug_macro   0x0001ffad       0x35 Middlewares/Third_Party/FreeRTOS/Source/CMSIS_RTOS/cmsis_os.o
 .debug_macro   0x0001ffe2       0xd2 Middlewares/Third_Party/FreeRTOS/Source/CMSIS_RTOS/cmsis_os.o
 .debug_macro   0x000200b4      0x168 Middlewares/Third_Party/FreeRTOS/Source/CMSIS_RTOS/cmsis_os.o
 .debug_macro   0x0002021c       0xe4 Middlewares/Third_Party/FreeRTOS/Source/CMSIS_RTOS/cmsis_os.o
 .debug_macro   0x00020300       0x10 Middlewares/Third_Party/FreeRTOS/Source/CMSIS_RTOS/cmsis_os.o
 .debug_macro   0x00020310       0x1f Middlewares/Third_Party/FreeRTOS/Source/CMSIS_RTOS/cmsis_os.o
 .debug_macro   0x0002032f      0x40f Middlewares/Third_Party/FreeRTOS/Source/CMSIS_RTOS/cmsis_os.o
 .debug_macro   0x0002073e       0xc0 Middlewares/Third_Party/FreeRTOS/Source/CMSIS_RTOS/cmsis_os.o
 .debug_macro   0x000207fe       0x8c Middlewares/Third_Party/FreeRTOS/Source/CMSIS_RTOS/cmsis_os.o
 .debug_macro   0x0002088a       0x91 Middlewares/Third_Party/FreeRTOS/Source/CMSIS_RTOS/cmsis_os.o
 .debug_macro   0x0002091b       0x94 Middlewares/Third_Party/FreeRTOS/Source/CMSIS_RTOS/cmsis_os.o
 .debug_macro   0x000209af       0x63 Middlewares/Third_Party/FreeRTOS/Source/CMSIS_RTOS/cmsis_os.o
 .debug_macro   0x00020a12       0x19 Middlewares/Third_Party/FreeRTOS/Source/CMSIS_RTOS/cmsis_os.o
 .debug_macro   0x00020a2b       0xcf Middlewares/Third_Party/FreeRTOS/Source/CMSIS_RTOS/cmsis_os.o
 .debug_macro   0x00020afa       0x26 Middlewares/Third_Party/FreeRTOS/Source/CMSIS_RTOS/cmsis_os.o
 .debug_macro   0x00020b20      0x18b Middlewares/Third_Party/FreeRTOS/Source/list.o
 .debug_macro   0x00020cab      0x207 Middlewares/Third_Party/FreeRTOS/Source/queue.o
 .debug_macro   0x00020eb2       0x16 Middlewares/Third_Party/FreeRTOS/Source/queue.o
 .debug_macro   0x00020ec8      0x26a Middlewares/Third_Party/FreeRTOS/Source/tasks.o
 .debug_macro   0x00021132       0x11 Middlewares/Third_Party/FreeRTOS/Source/tasks.o
 .debug_macro   0x00021143      0x1ad Middlewares/Third_Party/FreeRTOS/Source/portable/GCC/ARM_CM4F/port.o
 .debug_macro   0x000212f0      0x1b2 Middlewares/Third_Party/FreeRTOS/Source/portable/MemMang/heap_4.o
 .debug_macro   0x000214a2      0x42f Src/CANProcess.o
 .debug_macro   0x000218d1       0xd8 Src/CANProcess.o
 .debug_macro   0x000219a9       0x9a Src/CANProcess.o
 .debug_macro   0x00021a43      0x1e1 Src/CANProcess.o
 .debug_macro   0x00021c24       0x6a Src/CANProcess.o
 .debug_macro   0x00021c8e      0x38f Src/CANProcess.o
 .debug_macro   0x0002201d      0x118 Src/CANProcess.o
 .debug_macro   0x00022135      0x427 Src/PedalBox.o
 .debug_macro   0x0002255c      0x417 Src/car.o
 .debug_macro   0x00022973       0xd8 Src/car.o
 .debug_macro   0x00022a4b       0xb9 Src/car.o
 .debug_macro   0x00022b04       0x3b Src/car.o
 .debug_macro   0x00022b3f      0x437 Src/main.o
 .debug_macro   0x00022f76      0x41f Src/motor_controller_functions.o
 .debug_macro   0x00023395      0x314 Src/stm32l4xx_hal_msp.o
 .debug_macro   0x000236a9      0x314 Src/stm32l4xx_hal_timebase_TIM.o
 .debug_macro   0x000239bd      0x431 Src/stm32l4xx_it.o
 .debug_macro   0x00023dee      0x31b Src/system_stm32l4xx.o

.debug_line     0x00000000     0xf72e
 .debug_line    0x00000000      0x9c7 Drivers/STM32L4xx_HAL_Driver/Src/stm32l4xx_hal.o
 .debug_line    0x000009c7      0xc57 Drivers/STM32L4xx_HAL_Driver/Src/stm32l4xx_hal_can.o
 .debug_line    0x0000161e      0x9bb Drivers/STM32L4xx_HAL_Driver/Src/stm32l4xx_hal_cortex.o
 .debug_line    0x00001fd9      0x92e Drivers/STM32L4xx_HAL_Driver/Src/stm32l4xx_hal_gpio.o
 .debug_line    0x00002907      0xb19 Drivers/STM32L4xx_HAL_Driver/Src/stm32l4xx_hal_pwr_ex.o
 .debug_line    0x00003420      0xb2e Drivers/STM32L4xx_HAL_Driver/Src/stm32l4xx_hal_rcc.o
 .debug_line    0x00003f4e     0x1982 Drivers/STM32L4xx_HAL_Driver/Src/stm32l4xx_hal_tim.o
 .debug_line    0x000058d0      0xe54 Drivers/STM32L4xx_HAL_Driver/Src/stm32l4xx_hal_tim_ex.o
 .debug_line    0x00006724      0xbc6 Middlewares/Third_Party/FreeRTOS/Source/CMSIS_RTOS/cmsis_os.o
 .debug_line    0x000072ea      0x57a Middlewares/Third_Party/FreeRTOS/Source/list.o
 .debug_line    0x00007864      0xa93 Middlewares/Third_Party/FreeRTOS/Source/queue.o
 .debug_line    0x000082f7      0xde7 Middlewares/Third_Party/FreeRTOS/Source/tasks.o
 .debug_line    0x000090de      0x5fb Middlewares/Third_Party/FreeRTOS/Source/portable/GCC/ARM_CM4F/port.o
 .debug_line    0x000096d9      0x62c Middlewares/Third_Party/FreeRTOS/Source/portable/MemMang/heap_4.o
 .debug_line    0x00009d05      0xafa Src/CANProcess.o
 .debug_line    0x0000a7ff      0xa75 Src/PedalBox.o
 .debug_line    0x0000b274      0xb53 Src/car.o
 .debug_line    0x0000bdc7      0xad7 Src/main.o
 .debug_line    0x0000c89e      0xaf2 Src/motor_controller_functions.o
 .debug_line    0x0000d390      0x818 Src/stm32l4xx_hal_msp.o
 .debug_line    0x0000dba8      0x80f Src/stm32l4xx_hal_timebase_TIM.o
 .debug_line    0x0000e3b7      0xae0 Src/stm32l4xx_it.o
 .debug_line    0x0000ee97      0x818 Src/system_stm32l4xx.o
 .debug_line    0x0000f6af       0x7f startup/startup_stm32l432xx.o

.debug_str      0x00000000    0xcb5f0
 .debug_str     0x00000000    0xbd843 Drivers/STM32L4xx_HAL_Driver/Src/stm32l4xx_hal.o
                              0xbdc74 (size before relaxing)
 .debug_str     0x000bd843      0x48f Drivers/STM32L4xx_HAL_Driver/Src/stm32l4xx_hal_can.o
                              0xbd6d0 (size before relaxing)
 .debug_str     0x000bdcd2      0x36e Drivers/STM32L4xx_HAL_Driver/Src/stm32l4xx_hal_cortex.o
                              0xbda58 (size before relaxing)
 .debug_str     0x000be040      0x312 Drivers/STM32L4xx_HAL_Driver/Src/stm32l4xx_hal_gpio.o
                              0xbd636 (size before relaxing)
 .debug_str     0x000be352      0x40f Drivers/STM32L4xx_HAL_Driver/Src/stm32l4xx_hal_pwr_ex.o
                              0xbd7bc (size before relaxing)
 .debug_str     0x000be761      0x538 Drivers/STM32L4xx_HAL_Driver/Src/stm32l4xx_hal_rcc.o
                              0xbd94c (size before relaxing)
 .debug_str     0x000bec99     0x1080 Drivers/STM32L4xx_HAL_Driver/Src/stm32l4xx_hal_tim.o
                              0xbe358 (size before relaxing)
 .debug_str     0x000bfd19      0x65b Drivers/STM32L4xx_HAL_Driver/Src/stm32l4xx_hal_tim_ex.o
                              0xbdd8a (size before relaxing)
 .debug_str     0x000c0374     0x5cfd Middlewares/Third_Party/FreeRTOS/Source/CMSIS_RTOS/cmsis_os.o
                               0xc549 (size before relaxing)
 .debug_str     0x000c6071      0x234 Middlewares/Third_Party/FreeRTOS/Source/list.o
                               0x97e6 (size before relaxing)
 .debug_str     0x000c62a5      0x6eb Middlewares/Third_Party/FreeRTOS/Source/queue.o
                               0xae1c (size before relaxing)
 .debug_str     0x000c6990      0xf16 Middlewares/Third_Party/FreeRTOS/Source/tasks.o
                               0xb86c (size before relaxing)
 .debug_str     0x000c78a6      0x77c Middlewares/Third_Party/FreeRTOS/Source/portable/GCC/ARM_CM4F/port.o
                               0x785e (size before relaxing)
 .debug_str     0x000c8022      0x243 Middlewares/Third_Party/FreeRTOS/Source/portable/MemMang/heap_4.o
                               0x9f26 (size before relaxing)
 .debug_str     0x000c8265     0x2e91 Src/CANProcess.o
                              0xc56ac (size before relaxing)
 .debug_str     0x000cb0f6       0xd6 Src/PedalBox.o
                              0xc5548 (size before relaxing)
 .debug_str     0x000cb1cc       0xfd Src/car.o
                              0xc55cf (size before relaxing)
 .debug_str     0x000cb2c9       0x8c Src/main.o
                              0xc6122 (size before relaxing)
 .debug_str     0x000cb355       0xde Src/motor_controller_functions.o
                              0xc556a (size before relaxing)
 .debug_str     0x000cb433       0x1b Src/stm32l4xx_hal_msp.o
                              0xbda02 (size before relaxing)
 .debug_str     0x000cb44e       0x61 Src/stm32l4xx_hal_timebase_TIM.o
                              0xbdbfc (size before relaxing)
 .debug_str     0x000cb4af       0xf1 Src/stm32l4xx_it.o
                              0xc58cf (size before relaxing)
 .debug_str     0x000cb5a0       0x50 Src/system_stm32l4xx.o
                              0xbd360 (size before relaxing)

.comment        0x00000000       0x7f
 .comment       0x00000000       0x7f Drivers/STM32L4xx_HAL_Driver/Src/stm32l4xx_hal.o
                                 0x80 (size before relaxing)
 .comment       0x0000007f       0x80 Drivers/STM32L4xx_HAL_Driver/Src/stm32l4xx_hal_can.o
 .comment       0x0000007f       0x80 Drivers/STM32L4xx_HAL_Driver/Src/stm32l4xx_hal_cortex.o
 .comment       0x0000007f       0x80 Drivers/STM32L4xx_HAL_Driver/Src/stm32l4xx_hal_gpio.o
 .comment       0x0000007f       0x80 Drivers/STM32L4xx_HAL_Driver/Src/stm32l4xx_hal_pwr_ex.o
 .comment       0x0000007f       0x80 Drivers/STM32L4xx_HAL_Driver/Src/stm32l4xx_hal_rcc.o
 .comment       0x0000007f       0x80 Drivers/STM32L4xx_HAL_Driver/Src/stm32l4xx_hal_tim.o
 .comment       0x0000007f       0x80 Drivers/STM32L4xx_HAL_Driver/Src/stm32l4xx_hal_tim_ex.o
 .comment       0x0000007f       0x80 Middlewares/Third_Party/FreeRTOS/Source/CMSIS_RTOS/cmsis_os.o
 .comment       0x0000007f       0x80 Middlewares/Third_Party/FreeRTOS/Source/list.o
 .comment       0x0000007f       0x80 Middlewares/Third_Party/FreeRTOS/Source/queue.o
 .comment       0x0000007f       0x80 Middlewares/Third_Party/FreeRTOS/Source/tasks.o
 .comment       0x0000007f       0x80 Middlewares/Third_Party/FreeRTOS/Source/portable/GCC/ARM_CM4F/port.o
 .comment       0x0000007f       0x80 Middlewares/Third_Party/FreeRTOS/Source/portable/MemMang/heap_4.o
 .comment       0x0000007f       0x80 Src/CANProcess.o
 .comment       0x0000007f       0x80 Src/PedalBox.o
 .comment       0x0000007f       0x80 Src/car.o
 .comment       0x0000007f       0x80 Src/main.o
 .comment       0x0000007f       0x80 Src/motor_controller_functions.o
 .comment       0x0000007f       0x80 Src/stm32l4xx_hal_msp.o
 .comment       0x0000007f       0x80 Src/stm32l4xx_hal_timebase_TIM.o
 .comment       0x0000007f       0x80 Src/stm32l4xx_it.o
 .comment       0x0000007f       0x80 Src/system_stm32l4xx.o

.debug_frame    0x00000000     0x2ed0
 .debug_frame   0x00000000      0x1e4 Drivers/STM32L4xx_HAL_Driver/Src/stm32l4xx_hal.o
 .debug_frame   0x000001e4      0x200 Drivers/STM32L4xx_HAL_Driver/Src/stm32l4xx_hal_can.o
 .debug_frame   0x000003e4      0x13c Drivers/STM32L4xx_HAL_Driver/Src/stm32l4xx_hal_cortex.o
 .debug_frame   0x00000520       0xd0 Drivers/STM32L4xx_HAL_Driver/Src/stm32l4xx_hal_gpio.o
 .debug_frame   0x000005f0      0x1f8 Drivers/STM32L4xx_HAL_Driver/Src/stm32l4xx_hal_pwr_ex.o
 .debug_frame   0x000007e8      0x154 Drivers/STM32L4xx_HAL_Driver/Src/stm32l4xx_hal_rcc.o
 .debug_frame   0x0000093c      0xa20 Drivers/STM32L4xx_HAL_Driver/Src/stm32l4xx_hal_tim.o
 .debug_frame   0x0000135c      0x3f0 Drivers/STM32L4xx_HAL_Driver/Src/stm32l4xx_hal_tim_ex.o
 .debug_frame   0x0000174c      0x584 Middlewares/Third_Party/FreeRTOS/Source/CMSIS_RTOS/cmsis_os.o
 .debug_frame   0x00001cd0       0x6c Middlewares/Third_Party/FreeRTOS/Source/list.o
 .debug_frame   0x00001d3c      0x2b4 Middlewares/Third_Party/FreeRTOS/Source/queue.o
 .debug_frame   0x00001ff0      0x4e8 Middlewares/Third_Party/FreeRTOS/Source/tasks.o
 .debug_frame   0x000024d8       0xfc Middlewares/Third_Party/FreeRTOS/Source/portable/GCC/ARM_CM4F/port.o
 .debug_frame   0x000025d4       0xac Middlewares/Third_Party/FreeRTOS/Source/portable/MemMang/heap_4.o
 .debug_frame   0x00002680       0xc4 Src/CANProcess.o
 .debug_frame   0x00002744       0x50 Src/PedalBox.o
 .debug_frame   0x00002794      0x10c Src/car.o
 .debug_frame   0x000028a0       0xc4 Src/main.o
 .debug_frame   0x00002964       0xe8 Src/motor_controller_functions.o
 .debug_frame   0x00002a4c       0x64 Src/stm32l4xx_hal_msp.o
 .debug_frame   0x00002ab0       0x50 Src/stm32l4xx_hal_timebase_TIM.o
 .debug_frame   0x00002b00       0xf0 Src/stm32l4xx_it.o
 .debug_frame   0x00002bf0       0x30 Src/system_stm32l4xx.o
 .debug_frame   0x00002c20       0xac c:/ac6/systemworkbench/plugins/fr.ac6.mcu.externaltools.arm-none.win32_1.15.0.201708311556/tools/compiler/bin/../lib/gcc/arm-none-eabi/6.3.1/thumb/v7e-m/fpv4-sp/hard\libgcc.a(_arm_addsubdf3.o)
 .debug_frame   0x00002ccc       0x50 c:/ac6/systemworkbench/plugins/fr.ac6.mcu.externaltools.arm-none.win32_1.15.0.201708311556/tools/compiler/bin/../lib/gcc/arm-none-eabi/6.3.1/thumb/v7e-m/fpv4-sp/hard\libgcc.a(_arm_muldivdf3.o)
 .debug_frame   0x00002d1c       0xc4 c:/ac6/systemworkbench/plugins/fr.ac6.mcu.externaltools.arm-none.win32_1.15.0.201708311556/tools/compiler/bin/../lib/gcc/arm-none-eabi/6.3.1/thumb/v7e-m/fpv4-sp/hard\libgcc.a(_arm_cmpdf2.o)
 .debug_frame   0x00002de0       0x24 c:/ac6/systemworkbench/plugins/fr.ac6.mcu.externaltools.arm-none.win32_1.15.0.201708311556/tools/compiler/bin/../lib/gcc/arm-none-eabi/6.3.1/thumb/v7e-m/fpv4-sp/hard\libgcc.a(_arm_fixdfsi.o)
 .debug_frame   0x00002e04       0x28 c:/ac6/systemworkbench/plugins/fr.ac6.mcu.externaltools.arm-none.win32_1.15.0.201708311556/tools/compiler/bin/../lib/gcc/arm-none-eabi/6.3.1/thumb/v7e-m/fpv4-sp/hard\libgcc.a(_fixsfdi.o)
 .debug_frame   0x00002e2c       0x2c c:/ac6/systemworkbench/plugins/fr.ac6.mcu.externaltools.arm-none.win32_1.15.0.201708311556/tools/compiler/bin/../lib/gcc/arm-none-eabi/6.3.1/thumb/v7e-m/fpv4-sp/hard\libgcc.a(_fixunssfdi.o)
 .debug_frame   0x00002e58       0x24 c:/ac6/systemworkbench/plugins/fr.ac6.mcu.externaltools.arm-none.win32_1.15.0.201708311556/tools/compiler/bin/../lib/gcc/arm-none-eabi/6.3.1/thumb/v7e-m/fpv4-sp/hard\libgcc.a(_arm_fixunsdfsi.o)
 .debug_frame   0x00002e7c       0x2c c:/ac6/systemworkbench/plugins/fr.ac6.mcu.externaltools.arm-none.win32_1.15.0.201708311556/tools/compiler/bin/../lib/gcc/arm-none-eabi/6.3.1/../../../../arm-none-eabi/lib/thumb/v7e-m/fpv4-sp/hard\libc_nano.a(lib_a-init.o)
 .debug_frame   0x00002ea8       0x28 c:/ac6/systemworkbench/plugins/fr.ac6.mcu.externaltools.arm-none.win32_1.15.0.201708311556/tools/compiler/bin/../lib/gcc/arm-none-eabi/6.3.1/../../../../arm-none-eabi/lib/thumb/v7e-m/fpv4-sp/hard\libc_nano.a(lib_a-memcpy-stub.o)
