Archive member included to satisfy reference by file (symbol)

c:/ac6/systemworkbench/plugins/fr.ac6.mcu.externaltools.arm-none.win32_1.13.3.201707031232/tools/compiler/bin/../lib/gcc/arm-none-eabi/5.4.1/armv7e-m/fpu\libgcc.a(_arm_addsubdf3.o)
                              Src/PedalBox.o (__aeabi_i2d)
c:/ac6/systemworkbench/plugins/fr.ac6.mcu.externaltools.arm-none.win32_1.13.3.201707031232/tools/compiler/bin/../lib/gcc/arm-none-eabi/5.4.1/armv7e-m/fpu\libgcc.a(_arm_muldivdf3.o)
                              Src/PedalBox.o (__aeabi_ddiv)
c:/ac6/systemworkbench/plugins/fr.ac6.mcu.externaltools.arm-none.win32_1.13.3.201707031232/tools/compiler/bin/../lib/gcc/arm-none-eabi/5.4.1/armv7e-m/fpu\libgcc.a(_arm_cmpdf2.o)
                              Src/car.o (__aeabi_dcmpge)
c:/ac6/systemworkbench/plugins/fr.ac6.mcu.externaltools.arm-none.win32_1.13.3.201707031232/tools/compiler/bin/../lib/gcc/arm-none-eabi/5.4.1/armv7e-m/fpu\libgcc.a(_arm_fixdfsi.o)
                              Src/PedalBox.o (__aeabi_d2iz)
c:/ac6/systemworkbench/plugins/fr.ac6.mcu.externaltools.arm-none.win32_1.13.3.201707031232/tools/compiler/bin/../lib/gcc/arm-none-eabi/5.4.1/armv7e-m/fpu\libgcc.a(_fixsfdi.o)
                              Src/PedalBox.o (__aeabi_f2lz)
c:/ac6/systemworkbench/plugins/fr.ac6.mcu.externaltools.arm-none.win32_1.13.3.201707031232/tools/compiler/bin/../lib/gcc/arm-none-eabi/5.4.1/armv7e-m/fpu\libgcc.a(_fixunssfdi.o)
                              c:/ac6/systemworkbench/plugins/fr.ac6.mcu.externaltools.arm-none.win32_1.13.3.201707031232/tools/compiler/bin/../lib/gcc/arm-none-eabi/5.4.1/armv7e-m/fpu\libgcc.a(_fixsfdi.o) (__aeabi_f2ulz)
c:/ac6/systemworkbench/plugins/fr.ac6.mcu.externaltools.arm-none.win32_1.13.3.201707031232/tools/compiler/bin/../lib/gcc/arm-none-eabi/5.4.1/armv7e-m/fpu\libgcc.a(_arm_fixunsdfsi.o)
                              c:/ac6/systemworkbench/plugins/fr.ac6.mcu.externaltools.arm-none.win32_1.13.3.201707031232/tools/compiler/bin/../lib/gcc/arm-none-eabi/5.4.1/armv7e-m/fpu\libgcc.a(_fixunssfdi.o) (__aeabi_d2uiz)
c:/ac6/systemworkbench/plugins/fr.ac6.mcu.externaltools.arm-none.win32_1.13.3.201707031232/tools/compiler/bin/../lib/gcc/arm-none-eabi/5.4.1/../../../../arm-none-eabi/lib/armv7e-m/fpu\libc_nano.a(lib_a-exit.o)
                              c:/ac6/systemworkbench/plugins/fr.ac6.mcu.externaltools.arm-none.win32_1.13.3.201707031232/tools/compiler/bin/../lib/gcc/arm-none-eabi/5.4.1/../../../../arm-none-eabi/lib/armv7e-m/fpu/crt0.o (exit)
c:/ac6/systemworkbench/plugins/fr.ac6.mcu.externaltools.arm-none.win32_1.13.3.201707031232/tools/compiler/bin/../lib/gcc/arm-none-eabi/5.4.1/../../../../arm-none-eabi/lib/armv7e-m/fpu\libc_nano.a(lib_a-impure.o)
                              c:/ac6/systemworkbench/plugins/fr.ac6.mcu.externaltools.arm-none.win32_1.13.3.201707031232/tools/compiler/bin/../lib/gcc/arm-none-eabi/5.4.1/../../../../arm-none-eabi/lib/armv7e-m/fpu\libc_nano.a(lib_a-exit.o) (_global_impure_ptr)
c:/ac6/systemworkbench/plugins/fr.ac6.mcu.externaltools.arm-none.win32_1.13.3.201707031232/tools/compiler/bin/../lib/gcc/arm-none-eabi/5.4.1/../../../../arm-none-eabi/lib/armv7e-m/fpu\libc_nano.a(lib_a-init.o)
                              c:/ac6/systemworkbench/plugins/fr.ac6.mcu.externaltools.arm-none.win32_1.13.3.201707031232/tools/compiler/bin/../lib/gcc/arm-none-eabi/5.4.1/../../../../arm-none-eabi/lib/armv7e-m/fpu/crt0.o (__libc_init_array)
c:/ac6/systemworkbench/plugins/fr.ac6.mcu.externaltools.arm-none.win32_1.13.3.201707031232/tools/compiler/bin/../lib/gcc/arm-none-eabi/5.4.1/../../../../arm-none-eabi/lib/armv7e-m/fpu\libc_nano.a(lib_a-memcpy-stub.o)
                              Middlewares/Third_Party/FreeRTOS/Source/queue.o (memcpy)
c:/ac6/systemworkbench/plugins/fr.ac6.mcu.externaltools.arm-none.win32_1.13.3.201707031232/tools/compiler/bin/../lib/gcc/arm-none-eabi/5.4.1/../../../../arm-none-eabi/lib/armv7e-m/fpu\libc_nano.a(lib_a-memset.o)
                              c:/ac6/systemworkbench/plugins/fr.ac6.mcu.externaltools.arm-none.win32_1.13.3.201707031232/tools/compiler/bin/../lib/gcc/arm-none-eabi/5.4.1/../../../../arm-none-eabi/lib/armv7e-m/fpu/crt0.o (memset)
c:/ac6/systemworkbench/plugins/fr.ac6.mcu.externaltools.arm-none.win32_1.13.3.201707031232/tools/compiler/bin/../lib/gcc/arm-none-eabi/5.4.1/../../../../arm-none-eabi/lib/armv7e-m/fpu\libnosys.a(_exit.o)
                              c:/ac6/systemworkbench/plugins/fr.ac6.mcu.externaltools.arm-none.win32_1.13.3.201707031232/tools/compiler/bin/../lib/gcc/arm-none-eabi/5.4.1/../../../../arm-none-eabi/lib/armv7e-m/fpu\libc_nano.a(lib_a-exit.o) (_exit)

Allocating common symbols
Common symbol       size              file

actualDC            0x4               Src/CANProcess.o
car                 0x60              Src/main.o
BMS                 0x50              Src/main.o
defaultTaskHandle   0x4               Src/main.o
actualTorque        0x4               Src/CANProcess.o
[...]
Memory Configuration

Name             Origin             Length             Attributes
RAM              0x20000000         0x00010000         xrw
FLASH            0x08000000         0x00040000         xr
*default*        0x00000000         0xffffffff

Linker script and memory map

LOAD c:/ac6/systemworkbench/plugins/fr.ac6.mcu.externaltools.arm-none.win32_1.13.3.201707031232/tools/compiler/bin/../lib/gcc/arm-none-eabi/5.4.1/armv7e-m/fpu/crti.o
LOAD c:/ac6/systemworkbench/plugins/fr.ac6.mcu.externaltools.arm-none.win32_1.13.3.201707031232/tools/compiler/bin/../lib/gcc/arm-none-eabi/5.4.1/armv7e-m/fpu/crtbegin.o
LOAD c:/ac6/systemworkbench/plugins/fr.ac6.mcu.externaltools.arm-none.win32_1.13.3.201707031232/tools/compiler/bin/../lib/gcc/arm-none-eabi/5.4.1/../../../../arm-none-eabi/lib/armv7e-m/fpu/crt0.o
LOAD Drivers/STM32L4xx_HAL_Driver/Src/stm32l4xx_hal.o
LOAD Drivers/STM32L4xx_HAL_Driver/Src/stm32l4xx_hal_adc.o
LOAD Drivers/STM32L4xx_HAL_Driver/Src/stm32l4xx_hal_adc_ex.o
LOAD Drivers/STM32L4xx_HAL_Driver/Src/stm32l4xx_hal_can.o
LOAD Drivers/STM32L4xx_HAL_Driver/Src/stm32l4xx_hal_cortex.o
LOAD Drivers/STM32L4xx_HAL_Driver/Src/stm32l4xx_hal_dma.o
LOAD Drivers/STM32L4xx_HAL_Driver/Src/stm32l4xx_hal_dma_ex.o
LOAD Drivers/STM32L4xx_HAL_Driver/Src/stm32l4xx_hal_flash.o
LOAD Drivers/STM32L4xx_HAL_Driver/Src/stm32l4xx_hal_flash_ex.o
LOAD Drivers/STM32L4xx_HAL_Driver/Src/stm32l4xx_hal_flash_ramfunc.o
LOAD Drivers/STM32L4xx_HAL_Driver/Src/stm32l4xx_hal_gpio.o
LOAD Drivers/STM32L4xx_HAL_Driver/Src/stm32l4xx_hal_i2c.o
LOAD Drivers/STM32L4xx_HAL_Driver/Src/stm32l4xx_hal_i2c_ex.o
LOAD Drivers/STM32L4xx_HAL_Driver/Src/stm32l4xx_hal_pwr.o
LOAD Drivers/STM32L4xx_HAL_Driver/Src/stm32l4xx_hal_pwr_ex.o
LOAD Drivers/STM32L4xx_HAL_Driver/Src/stm32l4xx_hal_rcc.o
LOAD Drivers/STM32L4xx_HAL_Driver/Src/stm32l4xx_hal_rcc_ex.o
LOAD Drivers/STM32L4xx_HAL_Driver/Src/stm32l4xx_hal_tim.o
LOAD Drivers/STM32L4xx_HAL_Driver/Src/stm32l4xx_hal_tim_ex.o
LOAD Middlewares/Third_Party/FreeRTOS/Source/CMSIS_RTOS/cmsis_os.o
LOAD Middlewares/Third_Party/FreeRTOS/Source/croutine.o
LOAD Middlewares/Third_Party/FreeRTOS/Source/event_groups.o
LOAD Middlewares/Third_Party/FreeRTOS/Source/list.o
LOAD Middlewares/Third_Party/FreeRTOS/Source/queue.o
LOAD Middlewares/Third_Party/FreeRTOS/Source/tasks.o
LOAD Middlewares/Third_Party/FreeRTOS/Source/timers.o
LOAD Middlewares/Third_Party/FreeRTOS/Source/portable/GCC/ARM_CM4F/port.o
LOAD Middlewares/Third_Party/FreeRTOS/Source/portable/MemMang/heap_4.o
LOAD Src/CANProcess.o
LOAD Src/PedalBox.o
LOAD Src/car.o
LOAD Src/freertos.o
LOAD Src/main.o
LOAD Src/motor_controller_functions.o
LOAD Src/stm32l4xx_hal_msp.o
LOAD Src/stm32l4xx_hal_timebase_TIM.o
LOAD Src/stm32l4xx_it.o
LOAD Src/system_stm32l4xx.o
LOAD startup/startup_stm32l432xx.o
LOAD c:/ac6/systemworkbench/plugins/fr.ac6.mcu.externaltools.arm-none.win32_1.13.3.201707031232/tools/compiler/bin/../lib/gcc/arm-none-eabi/5.4.1/../../../../arm-none-eabi/lib/armv7e-m/fpu\libm.a
START GROUP
LOAD c:/ac6/systemworkbench/plugins/fr.ac6.mcu.externaltools.arm-none.win32_1.13.3.201707031232/tools/compiler/bin/../lib/gcc/arm-none-eabi/5.4.1/armv7e-m/fpu\libgcc.a
LOAD c:/ac6/systemworkbench/plugins/fr.ac6.mcu.externaltools.arm-none.win32_1.13.3.201707031232/tools/compiler/bin/../lib/gcc/arm-none-eabi/5.4.1/../../../../arm-none-eabi/lib/armv7e-m/fpu\libc_nano.a
END GROUP
START GROUP
LOAD c:/ac6/systemworkbench/plugins/fr.ac6.mcu.externaltools.arm-none.win32_1.13.3.201707031232/tools/compiler/bin/../lib/gcc/arm-none-eabi/5.4.1/armv7e-m/fpu\libgcc.a
LOAD c:/ac6/systemworkbench/plugins/fr.ac6.mcu.externaltools.arm-none.win32_1.13.3.201707031232/tools/compiler/bin/../lib/gcc/arm-none-eabi/5.4.1/../../../../arm-none-eabi/lib/armv7e-m/fpu\libc_nano.a
LOAD c:/ac6/systemworkbench/plugins/fr.ac6.mcu.externaltools.arm-none.win32_1.13.3.201707031232/tools/compiler/bin/../lib/gcc/arm-none-eabi/5.4.1/../../../../arm-none-eabi/lib/armv7e-m/fpu\libnosys.a
END GROUP
START GROUP
LOAD c:/ac6/systemworkbench/plugins/fr.ac6.mcu.externaltools.arm-none.win32_1.13.3.201707031232/tools/compiler/bin/../lib/gcc/arm-none-eabi/5.4.1/armv7e-m/fpu\libgcc.a
LOAD c:/ac6/systemworkbench/plugins/fr.ac6.mcu.externaltools.arm-none.win32_1.13.3.201707031232/tools/compiler/bin/../lib/gcc/arm-none-eabi/5.4.1/../../../../arm-none-eabi/lib/armv7e-m/fpu\libc_nano.a
LOAD c:/ac6/systemworkbench/plugins/fr.ac6.mcu.externaltools.arm-none.win32_1.13.3.201707031232/tools/compiler/bin/../lib/gcc/arm-none-eabi/5.4.1/../../../../arm-none-eabi/lib/armv7e-m/fpu\libnosys.a
END GROUP
LOAD c:/ac6/systemworkbench/plugins/fr.ac6.mcu.externaltools.arm-none.win32_1.13.3.201707031232/tools/compiler/bin/../lib/gcc/arm-none-eabi/5.4.1/armv7e-m/fpu/crtend.o
LOAD c:/ac6/systemworkbench/plugins/fr.ac6.mcu.externaltools.arm-none.win32_1.13.3.201707031232/tools/compiler/bin/../lib/gcc/arm-none-eabi/5.4.1/armv7e-m/fpu/crtn.o
                0x20010000                _estack = 0x20010000
                0x00003000                _Min_Heap_Size = 0x3000
                0x00003000                _Min_Stack_Size = 0x3000

.isr_vector     0x08000000      0x190
                0x08000000                . = ALIGN (0x8)
 *(.isr_vector)
 .isr_vector    0x08000000      0x18c startup/startup_stm32l432xx.o
                0x08000000                g_pfnVectors
                0x08000190                . = ALIGN (0x8)
 *fill*         0x0800018c        0x4 

.text           0x08000190     0x5950
                0x08000190                . = ALIGN (0x8)
 *(.text)
 .text          0x08000190       0x5c c:/ac6/systemworkbench/plugins/fr.ac6.mcu.externaltools.arm-none.win32_1.13.3.201707031232/tools/compiler/bin/../lib/gcc/arm-none-eabi/5.4.1/armv7e-m/fpu/crtbegin.o
 .text          0x080001ec      0x370 c:/ac6/systemworkbench/plugins/fr.ac6.mcu.externaltools.arm-none.win32_1.13.3.201707031232/tools/compiler/bin/../lib/gcc/arm-none-eabi/5.4.1/armv7e-m/fpu\libgcc.a(_arm_addsubdf3.o)
                0x080001ec                __aeabi_drsub
                0x080001f4                __aeabi_dsub
                0x080001f4                __subdf3
                0x080001f8                __aeabi_dadd
                0x080001f8                __adddf3
                0x08000470                __floatunsidf
                0x08000470                __aeabi_ui2d
                0x08000490                __floatsidf
                0x08000490                __aeabi_i2d
                0x080004b4                __aeabi_f2d
                0x080004b4                __extendsfdf2
                0x080004f0                __floatundidf
                0x080004f0                __aeabi_ul2d
                0x08000500                __floatdidf
                0x08000500                __aeabi_l2d
 .text          0x0800055c      0x424 c:/ac6/systemworkbench/plugins/fr.ac6.mcu.externaltools.arm-none.win32_1.13.3.201707031232/tools/compiler/bin/../lib/gcc/arm-none-eabi/5.4.1/armv7e-m/fpu\libgcc.a(_arm_muldivdf3.o)
                0x0800055c                __aeabi_dmul
                0x0800055c                __muldf3
                0x080007b0                __divdf3
                0x080007b0                __aeabi_ddiv
 .text          0x08000980      0x110 c:/ac6/systemworkbench/plugins/fr.ac6.mcu.externaltools.arm-none.win32_1.13.3.201707031232/tools/compiler/bin/../lib/gcc/arm-none-eabi/5.4.1/armv7e-m/fpu\libgcc.a(_arm_cmpdf2.o)
                0x08000980                __gtdf2
                0x08000980                __gedf2
                0x08000988                __ltdf2
                0x08000988                __ledf2
                0x08000990                __nedf2
                0x08000990                __eqdf2
                0x08000990                __cmpdf2
                0x08000a0c                __aeabi_cdrcmple
                0x08000a1c                __aeabi_cdcmpeq
                0x08000a1c                __aeabi_cdcmple
                0x08000a2c                __aeabi_dcmpeq
                0x08000a40                __aeabi_dcmplt
                0x08000a54                __aeabi_dcmple
                0x08000a68                __aeabi_dcmpge
                0x08000a7c                __aeabi_dcmpgt
 .text          0x08000a90       0x50 c:/ac6/systemworkbench/plugins/fr.ac6.mcu.externaltools.arm-none.win32_1.13.3.201707031232/tools/compiler/bin/../lib/gcc/arm-none-eabi/5.4.1/armv7e-m/fpu\libgcc.a(_arm_fixdfsi.o)
                0x08000a90                __aeabi_d2iz
                0x08000a90                __fixdfsi
 .text          0x08000ae0       0x24 c:/ac6/systemworkbench/plugins/fr.ac6.mcu.externaltools.arm-none.win32_1.13.3.201707031232/tools/compiler/bin/../lib/gcc/arm-none-eabi/5.4.1/armv7e-m/fpu\libgcc.a(_fixsfdi.o)
                0x08000ae0                __fixsfdi
                0x08000ae0                __aeabi_f2lz
 .text          0x08000b04       0x4c c:/ac6/systemworkbench/plugins/fr.ac6.mcu.externaltools.arm-none.win32_1.13.3.201707031232/tools/compiler/bin/../lib/gcc/arm-none-eabi/5.4.1/armv7e-m/fpu\libgcc.a(_fixunssfdi.o)
                0x08000b04                __fixunssfdi
                0x08000b04                __aeabi_f2ulz
 .text          0x08000b50       0x40 c:/ac6/systemworkbench/plugins/fr.ac6.mcu.externaltools.arm-none.win32_1.13.3.201707031232/tools/compiler/bin/../lib/gcc/arm-none-eabi/5.4.1/armv7e-m/fpu\libgcc.a(_arm_fixunsdfsi.o)
                0x08000b50                __aeabi_d2uiz
                0x08000b50                __fixunsdfsi
 *(.text*)
 .text.HAL_Init
                0x08000b90       0x18 Drivers/STM32L4xx_HAL_Driver/Src/stm32l4xx_hal.o
                0x08000b90                HAL_Init
 .text.HAL_IncTick
                0x08000ba8       0x10 Drivers/STM32L4xx_HAL_Driver/Src/stm32l4xx_hal.o
                0x08000ba8                HAL_IncTick
 .text.HAL_GetTick
                0x08000bb8        0xc Drivers/STM32L4xx_HAL_Driver/Src/stm32l4xx_hal.o
                0x08000bb8                HAL_GetTick
 .text.HAL_ADC_Init
                0x08000bc4      0x1b4 Drivers/STM32L4xx_HAL_Driver/Src/stm32l4xx_hal_adc.o
                0x08000bc4                HAL_ADC_Init
 .text.HAL_ADC_ConfigChannel
                0x08000d78      0x358 Drivers/STM32L4xx_HAL_Driver/Src/stm32l4xx_hal_adc.o
                0x08000d78                HAL_ADC_ConfigChannel
 .text.HAL_CAN_ConfigFilter
                0x080010d0       0xf4 Drivers/STM32L4xx_HAL_Driver/Src/stm32l4xx_hal_can.o
                0x080010d0                HAL_CAN_ConfigFilter
 .text.HAL_CAN_Init
                0x080011c4      0x188 Drivers/STM32L4xx_HAL_Driver/Src/stm32l4xx_hal_can.o
                0x080011c4                HAL_CAN_Init
 .text.HAL_CAN_Transmit
                0x0800134c      0x1c0 Drivers/STM32L4xx_HAL_Driver/Src/stm32l4xx_hal_can.o
                0x0800134c                HAL_CAN_Transmit
 .text.HAL_CAN_Transmit_IT
                0x0800150c      0x150 Drivers/STM32L4xx_HAL_Driver/Src/stm32l4xx_hal_can.o
                0x0800150c                HAL_CAN_Transmit_IT
 .text.HAL_CAN_Receive_IT
                0x0800165c       0x7c Drivers/STM32L4xx_HAL_Driver/Src/stm32l4xx_hal_can.o
                0x0800165c                HAL_CAN_Receive_IT
 .text.HAL_CAN_TxCpltCallback
                0x080016d8        0x4 Drivers/STM32L4xx_HAL_Driver/Src/stm32l4xx_hal_can.o
                0x080016d8                HAL_CAN_TxCpltCallback
 .text.CAN_Transmit_IT
                0x080016dc       0x40 Drivers/STM32L4xx_HAL_Driver/Src/stm32l4xx_hal_can.o
 .text.HAL_CAN_RxCpltCallback
                0x0800171c        0x4 Drivers/STM32L4xx_HAL_Driver/Src/stm32l4xx_hal_can.o
                0x0800171c                HAL_CAN_RxCpltCallback
 .text.CAN_Receive_IT
                0x08001720      0x134 Drivers/STM32L4xx_HAL_Driver/Src/stm32l4xx_hal_can.o
 .text.HAL_CAN_ErrorCallback
                0x08001854        0x4 Drivers/STM32L4xx_HAL_Driver/Src/stm32l4xx_hal_can.o
                0x08001854                HAL_CAN_ErrorCallback
 .text.HAL_CAN_IRQHandler
                0x08001858      0x1b8 Drivers/STM32L4xx_HAL_Driver/Src/stm32l4xx_hal_can.o
                0x08001858                HAL_CAN_IRQHandler
 .text.HAL_NVIC_SetPriorityGrouping
                0x08001a10       0x24 Drivers/STM32L4xx_HAL_Driver/Src/stm32l4xx_hal_cortex.o
                0x08001a10                HAL_NVIC_SetPriorityGrouping
 .text.HAL_NVIC_SetPriority
                0x08001a34       0x64 Drivers/STM32L4xx_HAL_Driver/Src/stm32l4xx_hal_cortex.o
                0x08001a34                HAL_NVIC_SetPriority
 .text.HAL_NVIC_EnableIRQ
                0x08001a98       0x18 Drivers/STM32L4xx_HAL_Driver/Src/stm32l4xx_hal_cortex.o
                0x08001a98                HAL_NVIC_EnableIRQ
 .text.HAL_SYSTICK_Config
                0x08001ab0       0x2c Drivers/STM32L4xx_HAL_Driver/Src/stm32l4xx_hal_cortex.o
                0x08001ab0                HAL_SYSTICK_Config
 .text.HAL_SYSTICK_CLKSourceConfig
                0x08001adc       0x20 Drivers/STM32L4xx_HAL_Driver/Src/stm32l4xx_hal_cortex.o
                0x08001adc                HAL_SYSTICK_CLKSourceConfig
 .text.HAL_GPIO_Init
                0x08001afc      0x17c Drivers/STM32L4xx_HAL_Driver/Src/stm32l4xx_hal_gpio.o
                0x08001afc                HAL_GPIO_Init
 .text.HAL_GPIO_WritePin
                0x08001c78        0xc Drivers/STM32L4xx_HAL_Driver/Src/stm32l4xx_hal_gpio.o
                0x08001c78                HAL_GPIO_WritePin
 .text.HAL_GPIO_TogglePin
                0x08001c84        0x8 Drivers/STM32L4xx_HAL_Driver/Src/stm32l4xx_hal_gpio.o
                0x08001c84                HAL_GPIO_TogglePin
 .text.HAL_PWREx_GetVoltageRange
                0x08001c8c       0x10 Drivers/STM32L4xx_HAL_Driver/Src/stm32l4xx_hal_pwr_ex.o
                0x08001c8c                HAL_PWREx_GetVoltageRange
 .text.HAL_PWREx_ControlVoltageScaling
                0x08001c9c       0x90 Drivers/STM32L4xx_HAL_Driver/Src/stm32l4xx_hal_pwr_ex.o
                0x08001c9c                HAL_PWREx_ControlVoltageScaling
 .text.RCC_SetFlashLatencyFromMSIRange
                0x08001d2c       0x90 Drivers/STM32L4xx_HAL_Driver/Src/stm32l4xx_hal_rcc.o
 .text.HAL_RCC_GetSysClockFreq
                0x08001dbc      0x100 Drivers/STM32L4xx_HAL_Driver/Src/stm32l4xx_hal_rcc.o
                0x08001dbc                HAL_RCC_GetSysClockFreq
 .text.HAL_RCC_OscConfig
                0x08001ebc      0x600 Drivers/STM32L4xx_HAL_Driver/Src/stm32l4xx_hal_rcc.o
                0x08001ebc                HAL_RCC_OscConfig
 .text.HAL_RCC_ClockConfig
                0x080024bc      0x1c0 Drivers/STM32L4xx_HAL_Driver/Src/stm32l4xx_hal_rcc.o
                0x080024bc                HAL_RCC_ClockConfig
 .text.HAL_RCC_GetHCLKFreq
                0x0800267c        0xc Drivers/STM32L4xx_HAL_Driver/Src/stm32l4xx_hal_rcc.o
                0x0800267c                HAL_RCC_GetHCLKFreq
 .text.HAL_RCC_GetPCLK2Freq
                0x08002688       0x20 Drivers/STM32L4xx_HAL_Driver/Src/stm32l4xx_hal_rcc.o
                0x08002688                HAL_RCC_GetPCLK2Freq
 .text.HAL_RCC_GetClockConfig
                0x080026a8       0x3c Drivers/STM32L4xx_HAL_Driver/Src/stm32l4xx_hal_rcc.o
                0x080026a8                HAL_RCC_GetClockConfig
 .text.RCCEx_PLLSAI1_Config
                0x080026e4      0x17c Drivers/STM32L4xx_HAL_Driver/Src/stm32l4xx_hal_rcc_ex.o
 .text.HAL_RCCEx_PeriphCLKConfig
                0x08002860      0x2dc Drivers/STM32L4xx_HAL_Driver/Src/stm32l4xx_hal_rcc_ex.o
                0x08002860                HAL_RCCEx_PeriphCLKConfig
 .text.TIM_OC1_SetConfig
                0x08002b3c       0x7c Drivers/STM32L4xx_HAL_Driver/Src/stm32l4xx_hal_tim.o
 .text.TIM_OC3_SetConfig
                0x08002bb8       0x74 Drivers/STM32L4xx_HAL_Driver/Src/stm32l4xx_hal_tim.o
 .text.TIM_OC4_SetConfig
                0x08002c2c       0x5c Drivers/STM32L4xx_HAL_Driver/Src/stm32l4xx_hal_tim.o
 .text.TIM_OC5_SetConfig
                0x08002c88       0x58 Drivers/STM32L4xx_HAL_Driver/Src/stm32l4xx_hal_tim.o
 .text.TIM_OC6_SetConfig
                0x08002ce0       0x5c Drivers/STM32L4xx_HAL_Driver/Src/stm32l4xx_hal_tim.o
 .text.HAL_TIM_Base_Start_IT
                0x08002d3c       0x18 Drivers/STM32L4xx_HAL_Driver/Src/stm32l4xx_hal_tim.o
                0x08002d3c                HAL_TIM_Base_Start_IT
 .text.HAL_TIM_PWM_MspInit
                0x08002d54        0x4 Drivers/STM32L4xx_HAL_Driver/Src/stm32l4xx_hal_tim.o
                0x08002d54                HAL_TIM_PWM_MspInit
 .text.HAL_TIM_OC_DelayElapsedCallback
                0x08002d58        0x4 Drivers/STM32L4xx_HAL_Driver/Src/stm32l4xx_hal_tim.o
                0x08002d58                HAL_TIM_OC_DelayElapsedCallback
 .text.HAL_TIM_IC_CaptureCallback
                0x08002d5c        0x4 Drivers/STM32L4xx_HAL_Driver/Src/stm32l4xx_hal_tim.o
                0x08002d5c                HAL_TIM_IC_CaptureCallback
 .text.HAL_TIM_PWM_PulseFinishedCallback
                0x08002d60        0x4 Drivers/STM32L4xx_HAL_Driver/Src/stm32l4xx_hal_tim.o
                0x08002d60                HAL_TIM_PWM_PulseFinishedCallback
 .text.HAL_TIM_TriggerCallback
                0x08002d64        0x4 Drivers/STM32L4xx_HAL_Driver/Src/stm32l4xx_hal_tim.o
                0x08002d64                HAL_TIM_TriggerCallback
 .text.HAL_TIM_IRQHandler
                0x08002d68      0x174 Drivers/STM32L4xx_HAL_Driver/Src/stm32l4xx_hal_tim.o
                0x08002d68                HAL_TIM_IRQHandler
 .text.TIM_Base_SetConfig
                0x08002edc       0x70 Drivers/STM32L4xx_HAL_Driver/Src/stm32l4xx_hal_tim.o
                0x08002edc                TIM_Base_SetConfig
 .text.HAL_TIM_Base_Init
                0x08002f4c       0x38 Drivers/STM32L4xx_HAL_Driver/Src/stm32l4xx_hal_tim.o
                0x08002f4c                HAL_TIM_Base_Init
 .text.HAL_TIM_PWM_Init
                0x08002f84       0x38 Drivers/STM32L4xx_HAL_Driver/Src/stm32l4xx_hal_tim.o
                0x08002f84                HAL_TIM_PWM_Init
 .text.TIM_OC2_SetConfig
                0x08002fbc       0x74 Drivers/STM32L4xx_HAL_Driver/Src/stm32l4xx_hal_tim.o
                0x08002fbc                TIM_OC2_SetConfig
 .text.HAL_TIM_PWM_ConfigChannel
                0x08003030      0x138 Drivers/STM32L4xx_HAL_Driver/Src/stm32l4xx_hal_tim.o
                0x08003030                HAL_TIM_PWM_ConfigChannel
 .text.HAL_TIMEx_ConfigBreakDeadTime
                0x08003168       0x90 Drivers/STM32L4xx_HAL_Driver/Src/stm32l4xx_hal_tim_ex.o
                0x08003168                HAL_TIMEx_ConfigBreakDeadTime
 .text.HAL_TIMEx_CommutationCallback
                0x080031f8        0x4 Drivers/STM32L4xx_HAL_Driver/Src/stm32l4xx_hal_tim_ex.o
                0x080031f8                HAL_TIMEx_CommutationCallback
 .text.HAL_TIMEx_BreakCallback
                0x080031fc        0x4 Drivers/STM32L4xx_HAL_Driver/Src/stm32l4xx_hal_tim_ex.o
                0x080031fc                HAL_TIMEx_BreakCallback
 .text.makeFreeRtosPriority
                0x08003200        0xc Middlewares/Third_Party/FreeRTOS/Source/CMSIS_RTOS/cmsis_os.o
 .text.osKernelStart
                0x0800320c        0xc Middlewares/Third_Party/FreeRTOS/Source/CMSIS_RTOS/cmsis_os.o
                0x0800320c                osKernelStart
 .text.osThreadCreate
                0x08003218       0x34 Middlewares/Third_Party/FreeRTOS/Source/CMSIS_RTOS/cmsis_os.o
                0x08003218                osThreadCreate
 .text.osDelay  0x0800324c       0x10 Middlewares/Third_Party/FreeRTOS/Source/CMSIS_RTOS/cmsis_os.o
                0x0800324c                osDelay
 .text.osSystickHandler
                0x0800325c       0x10 Middlewares/Third_Party/FreeRTOS/Source/CMSIS_RTOS/cmsis_os.o
                0x0800325c                osSystickHandler
 .text.vListInitialise
                0x0800326c       0x18 Middlewares/Third_Party/FreeRTOS/Source/list.o
                0x0800326c                vListInitialise
 .text.vListInitialiseItem
                0x08003284        0x8 Middlewares/Third_Party/FreeRTOS/Source/list.o
                0x08003284                vListInitialiseItem
 .text.vListInsertEnd
                0x0800328c       0x18 Middlewares/Third_Party/FreeRTOS/Source/list.o
                0x0800328c                vListInsertEnd
 .text.vListInsert
                0x080032a4       0x34 Middlewares/Third_Party/FreeRTOS/Source/list.o
                0x080032a4                vListInsert
 .text.uxListRemove
                0x080032d8       0x24 Middlewares/Third_Party/FreeRTOS/Source/list.o
                0x080032d8                uxListRemove
 .text.prvIsQueueFull
                0x080032fc       0x20 Middlewares/Third_Party/FreeRTOS/Source/queue.o
 .text.prvIsQueueEmpty
                0x0800331c       0x1c Middlewares/Third_Party/FreeRTOS/Source/queue.o
 .text.prvCopyDataToQueue
                0x08003338       0x78 Middlewares/Third_Party/FreeRTOS/Source/queue.o
 .text.prvCopyDataFromQueue
                0x080033b0       0x24 Middlewares/Third_Party/FreeRTOS/Source/queue.o
 .text.prvUnlockQueue
                0x080033d4       0x68 Middlewares/Third_Party/FreeRTOS/Source/queue.o
 .text.xQueueGenericReset
                0x0800343c       0x80 Middlewares/Third_Party/FreeRTOS/Source/queue.o
                0x0800343c                xQueueGenericReset
 .text.prvInitialiseNewQueue
                0x080034bc       0x1c Middlewares/Third_Party/FreeRTOS/Source/queue.o
 .text.xQueueGenericCreate
                0x080034d8       0x4c Middlewares/Third_Party/FreeRTOS/Source/queue.o
                0x080034d8                xQueueGenericCreate
 .text.xQueueGenericSend
                0x08003524      0x190 Middlewares/Third_Party/FreeRTOS/Source/queue.o
                0x08003524                xQueueGenericSend
 .text.prvInitialiseMutex
                0x080036b4       0x18 Middlewares/Third_Party/FreeRTOS/Source/queue.o
 .text.xQueueCreateMutex
                0x080036cc       0x18 Middlewares/Third_Party/FreeRTOS/Source/queue.o
                0x080036cc                xQueueCreateMutex
 .text.xQueueGenericSendFromISR
                0x080036e4       0xe4 Middlewares/Third_Party/FreeRTOS/Source/queue.o
                0x080036e4                xQueueGenericSendFromISR
 .text.xQueueGenericReceive
                0x080037c8      0x1a0 Middlewares/Third_Party/FreeRTOS/Source/queue.o
                0x080037c8                xQueueGenericReceive
 .text.prvResetNextTaskUnblockTime
                0x08003968       0x2c Middlewares/Third_Party/FreeRTOS/Source/tasks.o
 .text.prvDeleteTCB
                0x08003994       0x14 Middlewares/Third_Party/FreeRTOS/Source/tasks.o
 .text.prvInitialiseNewTask
                0x080039a8       0x80 Middlewares/Third_Party/FreeRTOS/Source/tasks.o
 .text.prvInitialiseTaskLists
                0x08003a28       0x58 Middlewares/Third_Party/FreeRTOS/Source/tasks.o
 .text.prvAddNewTaskToReadyList
                0x08003a80       0xac Middlewares/Third_Party/FreeRTOS/Source/tasks.o
 .text.prvAddCurrentTaskToDelayedList
                0x08003b2c       0x84 Middlewares/Third_Party/FreeRTOS/Source/tasks.o
 .text.xTaskCreate
                0x08003bb0       0x64 Middlewares/Third_Party/FreeRTOS/Source/tasks.o
                0x08003bb0                xTaskCreate
 .text.vTaskDelete
                0x08003c14       0xd4 Middlewares/Third_Party/FreeRTOS/Source/tasks.o
                0x08003c14                vTaskDelete
 .text.vTaskStartScheduler
                0x08003ce8       0x74 Middlewares/Third_Party/FreeRTOS/Source/tasks.o
                0x08003ce8                vTaskStartScheduler
 .text.vTaskSuspendAll
                0x08003d5c       0x14 Middlewares/Third_Party/FreeRTOS/Source/tasks.o
                0x08003d5c                vTaskSuspendAll
 .text.xTaskGetTickCount
                0x08003d70        0xc Middlewares/Third_Party/FreeRTOS/Source/tasks.o
                0x08003d70                xTaskGetTickCount
 .text.xTaskIncrementTick
                0x08003d7c      0x118 Middlewares/Third_Party/FreeRTOS/Source/tasks.o
                0x08003d7c                xTaskIncrementTick
 .text.xTaskResumeAll
                0x08003e94       0xf4 Middlewares/Third_Party/FreeRTOS/Source/tasks.o
                0x08003e94                xTaskResumeAll
 .text.vTaskDelay
                0x08003f88       0x50 Middlewares/Third_Party/FreeRTOS/Source/tasks.o
                0x08003f88                vTaskDelay
 .text.prvCheckTasksWaitingTermination
                0x08003fd8       0x54 Middlewares/Third_Party/FreeRTOS/Source/tasks.o
 .text.prvIdleTask
                0x0800402c       0x28 Middlewares/Third_Party/FreeRTOS/Source/tasks.o
 .text.vTaskSwitchContext
                0x08004054       0x90 Middlewares/Third_Party/FreeRTOS/Source/tasks.o
                0x08004054                vTaskSwitchContext
 .text.vTaskPlaceOnEventList
                0x080040e4       0x34 Middlewares/Third_Party/FreeRTOS/Source/tasks.o
                0x080040e4                vTaskPlaceOnEventList
 .text.xTaskRemoveFromEventList
                0x08004118       0x88 Middlewares/Third_Party/FreeRTOS/Source/tasks.o
                0x08004118                xTaskRemoveFromEventList
 .text.vTaskSetTimeOutState
                0x080041a0       0x28 Middlewares/Third_Party/FreeRTOS/Source/tasks.o
                0x080041a0                vTaskSetTimeOutState
 .text.xTaskCheckForTimeOut
                0x080041c8       0x80 Middlewares/Third_Party/FreeRTOS/Source/tasks.o
                0x080041c8                xTaskCheckForTimeOut
 .text.vTaskMissedYield
                0x08004248       0x10 Middlewares/Third_Party/FreeRTOS/Source/tasks.o
                0x08004248                vTaskMissedYield
 .text.xTaskGetSchedulerState
                0x08004258       0x20 Middlewares/Third_Party/FreeRTOS/Source/tasks.o
                0x08004258                xTaskGetSchedulerState
 .text.vTaskPriorityInherit
                0x08004278       0xb4 Middlewares/Third_Party/FreeRTOS/Source/tasks.o
                0x08004278                vTaskPriorityInherit
 .text.xTaskPriorityDisinherit
                0x0800432c       0xb8 Middlewares/Third_Party/FreeRTOS/Source/tasks.o
                0x0800432c                xTaskPriorityDisinherit
 .text.pvTaskIncrementMutexHeldCount
                0x080043e4       0x20 Middlewares/Third_Party/FreeRTOS/Source/tasks.o
                0x080043e4                pvTaskIncrementMutexHeldCount
 .text.prvTaskExitError
                0x08004404       0x34 Middlewares/Third_Party/FreeRTOS/Source/portable/GCC/ARM_CM4F/port.o
 .text.prvPortStartFirstTask
                0x08004438       0x20 Middlewares/Third_Party/FreeRTOS/Source/portable/GCC/ARM_CM4F/port.o
 .text.vPortEnableVFP
                0x08004458       0x14 Middlewares/Third_Party/FreeRTOS/Source/portable/GCC/ARM_CM4F/port.o
 .text.pxPortInitialiseStack
                0x0800446c       0x2c Middlewares/Third_Party/FreeRTOS/Source/portable/GCC/ARM_CM4F/port.o
                0x0800446c                pxPortInitialiseStack
 *fill*         0x08004498        0x8 
 .text.SVC_Handler
                0x080044a0       0x24 Middlewares/Third_Party/FreeRTOS/Source/portable/GCC/ARM_CM4F/port.o
                0x080044a0                SVC_Handler
 .text.vPortEnterCritical
                0x080044c4       0x44 Middlewares/Third_Party/FreeRTOS/Source/portable/GCC/ARM_CM4F/port.o
                0x080044c4                vPortEnterCritical
 .text.vPortExitCritical
                0x08004508       0x2c Middlewares/Third_Party/FreeRTOS/Source/portable/GCC/ARM_CM4F/port.o
                0x08004508                vPortExitCritical
 *fill*         0x08004534        0xc 
 .text.PendSV_Handler
                0x08004540       0x64 Middlewares/Third_Party/FreeRTOS/Source/portable/GCC/ARM_CM4F/port.o
                0x08004540                PendSV_Handler
 .text.xPortSysTickHandler
                0x080045a4       0x2c Middlewares/Third_Party/FreeRTOS/Source/portable/GCC/ARM_CM4F/port.o
                0x080045a4                xPortSysTickHandler
 .text.vPortSetupTimerInterrupt
                0x080045d0       0x2c Middlewares/Third_Party/FreeRTOS/Source/portable/GCC/ARM_CM4F/port.o
                0x080045d0                vPortSetupTimerInterrupt
 .text.xPortStartScheduler
                0x080045fc       0xe8 Middlewares/Third_Party/FreeRTOS/Source/portable/GCC/ARM_CM4F/port.o
                0x080045fc                xPortStartScheduler
 .text.vPortValidateInterruptPriority
                0x080046e4       0x58 Middlewares/Third_Party/FreeRTOS/Source/portable/GCC/ARM_CM4F/port.o
                0x080046e4                vPortValidateInterruptPriority
 .text.prvHeapInit
                0x0800473c       0x58 Middlewares/Third_Party/FreeRTOS/Source/portable/MemMang/heap_4.o
 .text.prvInsertBlockIntoFreeList
                0x08004794       0x58 Middlewares/Third_Party/FreeRTOS/Source/portable/MemMang/heap_4.o
 .text.pvPortMalloc
                0x080047ec      0x10c Middlewares/Third_Party/FreeRTOS/Source/portable/MemMang/heap_4.o
                0x080047ec                pvPortMalloc
 .text.vPortFree
                0x080048f8       0x78 Middlewares/Third_Party/FreeRTOS/Source/portable/MemMang/heap_4.o
                0x080048f8                vPortFree
 .text.CANFilterConfig
                0x08004970       0x5c Src/CANProcess.o
                0x08004970                CANFilterConfig
 .text.taskTXCAN
                0x080049cc       0x5c Src/CANProcess.o
                0x080049cc                taskTXCAN
 .text.processPedalboxFrame
                0x08004a28       0x64 Src/CANProcess.o
                0x08004a28                processPedalboxFrame
 .text.processCalibrate
                0x08004a8c       0x48 Src/CANProcess.o
                0x08004a8c                processCalibrate
 .text.processBamoCar
                0x08004ad4      0x124 Src/CANProcess.o
                0x08004ad4                processBamoCar
 .text.taskRXCANProcess
                0x08004bf8       0xac Src/CANProcess.o
                0x08004bf8                taskRXCANProcess
 *fill*         0x08004ca4        0x4 
 .text.taskPedalBoxMsgHandler
                0x08004ca8      0x258 Src/PedalBox.o
                0x08004ca8                taskPedalBoxMsgHandler
 .text.taskBlink
                0x08004f00       0x50 Src/car.o
                0x08004f00                taskBlink
 .text.taskSoundBuzzer
                0x08004f50       0x30 Src/car.o
                0x08004f50                taskSoundBuzzer
 .text.carSetBrakeLight
                0x08004f80       0x14 Src/car.o
                0x08004f80                carSetBrakeLight
 *fill*         0x08004f94        0x4 
 .text.taskCarMainRoutine
                0x08004f98      0x168 Src/car.o
                0x08004f98                taskCarMainRoutine
 .text.carInit  0x08005100       0x50 Src/car.o
                0x08005100                carInit
 .text.ISR_StartButtonPressed
                0x08005150       0x40 Src/car.o
                0x08005150                ISR_StartButtonPressed
 .text.initRTOSObjects
                0x08005190       0xb8 Src/car.o
                0x08005190                initRTOSObjects
 .text.MX_GPIO_Init
                0x08005248       0x90 Src/main.o
 .text.StartDefaultTask
                0x080052d8        0xc Src/main.o
                0x080052d8                StartDefaultTask
 .text.HAL_TIM_PeriodElapsedCallback
                0x080052e4       0x14 Src/main.o
                0x080052e4                HAL_TIM_PeriodElapsedCallback
 .text._Error_Handler
                0x080052f8        0x4 Src/main.o
                0x080052f8                _Error_Handler
 .text.MX_CAN1_Init
                0x080052fc       0x4c Src/main.o
 .text.MX_ADC1_Init
                0x08005348      0x128 Src/main.o
 .text.MX_TIM16_Init
                0x08005470       0xa4 Src/main.o
 .text.SystemClock_Config
                0x08005514       0xcc Src/main.o
                0x08005514                SystemClock_Config
 .text.main     0x080055e0       0x50 Src/main.o
                0x080055e0                main
 .text.mcCmdTorque
                0x08005630       0x3c Src/motor_controller_functions.o
                0x08005630                mcCmdTorque
 .text.disableMotor
                0x0800566c       0x20 Src/motor_controller_functions.o
                0x0800566c                disableMotor
 .text.enableMotorController
                0x0800568c       0x54 Src/motor_controller_functions.o
                0x0800568c                enableMotorController
 .text.HAL_MspInit
                0x080056e0       0x90 Src/stm32l4xx_hal_msp.o
                0x080056e0                HAL_MspInit
 .text.HAL_ADC_MspInit
                0x08005770       0x48 Src/stm32l4xx_hal_msp.o
                0x08005770                HAL_ADC_MspInit
 .text.HAL_CAN_MspInit
                0x080057b8       0x7c Src/stm32l4xx_hal_msp.o
                0x080057b8                HAL_CAN_MspInit
 .text.HAL_TIM_Base_MspInit
                0x08005834       0x40 Src/stm32l4xx_hal_msp.o
                0x08005834                HAL_TIM_Base_MspInit
 .text.HAL_TIM_MspPostInit
                0x08005874       0x38 Src/stm32l4xx_hal_msp.o
                0x08005874                HAL_TIM_MspPostInit
 .text.HAL_InitTick
                0x080058ac       0x78 Src/stm32l4xx_hal_timebase_TIM.o
                0x080058ac                HAL_InitTick
 .text.NMI_Handler
                0x08005924        0x4 Src/stm32l4xx_it.o
                0x08005924                NMI_Handler
 .text.HardFault_Handler
                0x08005928        0x4 Src/stm32l4xx_it.o
                0x08005928                HardFault_Handler
 .text.MemManage_Handler
                0x0800592c        0x4 Src/stm32l4xx_it.o
                0x0800592c                MemManage_Handler
 .text.BusFault_Handler
                0x08005930        0x4 Src/stm32l4xx_it.o
                0x08005930                BusFault_Handler
 .text.UsageFault_Handler
                0x08005934        0x4 Src/stm32l4xx_it.o
                0x08005934                UsageFault_Handler
 .text.DebugMon_Handler
                0x08005938        0x4 Src/stm32l4xx_it.o
                0x08005938                DebugMon_Handler
 .text.SysTick_Handler
                0x0800593c        0x8 Src/stm32l4xx_it.o
                0x0800593c                SysTick_Handler
 .text.CAN1_TX_IRQHandler
                0x08005944       0x10 Src/stm32l4xx_it.o
                0x08005944                CAN1_TX_IRQHandler
 .text.CAN1_RX0_IRQHandler
                0x08005954       0x2c Src/stm32l4xx_it.o
                0x08005954                CAN1_RX0_IRQHandler
 .text.CAN1_RX1_IRQHandler
                0x08005980       0x2c Src/stm32l4xx_it.o
                0x08005980                CAN1_RX1_IRQHandler
 .text.TIM1_UP_TIM16_IRQHandler
                0x080059ac       0x18 Src/stm32l4xx_it.o
                0x080059ac                TIM1_UP_TIM16_IRQHandler
 .text.SystemInit
                0x080059c4       0x48 Src/system_stm32l4xx.o
                0x080059c4                SystemInit
 .text.Reset_Handler
                0x08005a0c       0x50 startup/startup_stm32l432xx.o
                0x08005a0c                Reset_Handler
 .text.Default_Handler
                0x08005a5c        0x2 startup/startup_stm32l432xx.o
                0x08005a5c                RTC_Alarm_IRQHandler
                0x08005a5c                EXTI2_IRQHandler
                0x08005a5c                TIM1_CC_IRQHandler
                0x08005a5c                TSC_IRQHandler
                0x08005a5c                TAMP_STAMP_IRQHandler
                0x08005a5c                EXTI3_IRQHandler
                0x08005a5c                LPTIM2_IRQHandler
                0x08005a5c                I2C3_ER_IRQHandler
                0x08005a5c                EXTI0_IRQHandler
                0x08005a5c                FPU_IRQHandler
                0x08005a5c                SPI1_IRQHandler
                0x08005a5c                TIM6_DAC_IRQHandler
                0x08005a5c                DMA2_Channel2_IRQHandler
                0x08005a5c                DMA1_Channel4_IRQHandler
                0x08005a5c                ADC1_IRQHandler
                0x08005a5c                DMA1_Channel7_IRQHandler
                0x08005a5c                DMA2_Channel1_IRQHandler
                0x08005a5c                QUADSPI_IRQHandler
                0x08005a5c                I2C1_EV_IRQHandler
                0x08005a5c                DMA1_Channel6_IRQHandler
                0x08005a5c                DMA2_Channel4_IRQHandler
                0x08005a5c                RCC_IRQHandler
                0x08005a5c                TIM1_TRG_COM_IRQHandler
                0x08005a5c                DMA1_Channel1_IRQHandler
                0x08005a5c                Default_Handler
                0x08005a5c                DMA2_Channel7_IRQHandler
                0x08005a5c                EXTI15_10_IRQHandler
                0x08005a5c                TIM7_IRQHandler
                0x08005a5c                I2C3_EV_IRQHandler
                0x08005a5c                USB_IRQHandler
                0x08005a5c                EXTI9_5_IRQHandler
                0x08005a5c                RTC_WKUP_IRQHandler
                0x08005a5c                PVD_PVM_IRQHandler
                0x08005a5c                DMA2_Channel5_IRQHandler
                0x08005a5c                CRS_IRQHandler
                0x08005a5c                DMA1_Channel5_IRQHandler
                0x08005a5c                EXTI4_IRQHandler
                0x08005a5c                RNG_IRQHandler
                0x08005a5c                DMA1_Channel3_IRQHandler
                0x08005a5c                COMP_IRQHandler
                0x08005a5c                WWDG_IRQHandler
                0x08005a5c                LPUART1_IRQHandler
                0x08005a5c                DMA2_Channel6_IRQHandler
                0x08005a5c                TIM2_IRQHandler
                0x08005a5c                EXTI1_IRQHandler
                0x08005a5c                USART2_IRQHandler
                0x08005a5c                DMA1_Channel2_IRQHandler
                0x08005a5c                CAN1_SCE_IRQHandler
                0x08005a5c                FLASH_IRQHandler
                0x08005a5c                USART1_IRQHandler
                0x08005a5c                SPI3_IRQHandler
                0x08005a5c                I2C1_ER_IRQHandler
                0x08005a5c                SWPMI1_IRQHandler
                0x08005a5c                LPTIM1_IRQHandler
                0x08005a5c                SAI1_IRQHandler
                0x08005a5c                DMA2_Channel3_IRQHandler
                0x08005a5c                TIM1_BRK_TIM15_IRQHandler
 *fill*         0x08005a5e        0x2 
 .text.__libc_init_array
                0x08005a60       0x4c c:/ac6/systemworkbench/plugins/fr.ac6.mcu.externaltools.arm-none.win32_1.13.3.201707031232/tools/compiler/bin/../lib/gcc/arm-none-eabi/5.4.1/../../../../arm-none-eabi/lib/armv7e-m/fpu\libc_nano.a(lib_a-init.o)
                0x08005a60                __libc_init_array
 .text.memcpy   0x08005aac       0x16 c:/ac6/systemworkbench/plugins/fr.ac6.mcu.externaltools.arm-none.win32_1.13.3.201707031232/tools/compiler/bin/../lib/gcc/arm-none-eabi/5.4.1/../../../../arm-none-eabi/lib/armv7e-m/fpu\libc_nano.a(lib_a-memcpy-stub.o)
                0x08005aac                memcpy
 *(.glue_7)
 .glue_7        0x08005ac2        0x0 linker stubs
 *(.glue_7t)
 .glue_7t       0x08005ac2        0x0 linker stubs
 *(.eh_frame)
 *fill*         0x08005ac2        0x2 
 .eh_frame      0x08005ac4        0x0 c:/ac6/systemworkbench/plugins/fr.ac6.mcu.externaltools.arm-none.win32_1.13.3.201707031232/tools/compiler/bin/../lib/gcc/arm-none-eabi/5.4.1/armv7e-m/fpu/crtbegin.o
 *(.init)
 .init          0x08005ac4        0x4 c:/ac6/systemworkbench/plugins/fr.ac6.mcu.externaltools.arm-none.win32_1.13.3.201707031232/tools/compiler/bin/../lib/gcc/arm-none-eabi/5.4.1/armv7e-m/fpu/crti.o
                0x08005ac4                _init
 .init          0x08005ac8        0x8 c:/ac6/systemworkbench/plugins/fr.ac6.mcu.externaltools.arm-none.win32_1.13.3.201707031232/tools/compiler/bin/../lib/gcc/arm-none-eabi/5.4.1/armv7e-m/fpu/crtn.o
 *(.fini)
 .fini          0x08005ad0        0x4 c:/ac6/systemworkbench/plugins/fr.ac6.mcu.externaltools.arm-none.win32_1.13.3.201707031232/tools/compiler/bin/../lib/gcc/arm-none-eabi/5.4.1/armv7e-m/fpu/crti.o
                0x08005ad0                _fini
 .fini          0x08005ad4        0x8 c:/ac6/systemworkbench/plugins/fr.ac6.mcu.externaltools.arm-none.win32_1.13.3.201707031232/tools/compiler/bin/../lib/gcc/arm-none-eabi/5.4.1/armv7e-m/fpu/crtn.o
                0x08005ae0                . = ALIGN (0x8)
 *fill*         0x08005adc        0x4 
                0x08005ae0                _etext = .

.vfp11_veneer   0x08005ae0        0x0
 .vfp11_veneer  0x08005ae0        0x0 linker stubs

.v4_bx          0x08005ae0        0x0
 .v4_bx         0x08005ae0        0x0 linker stubs

.iplt           0x08005ae0        0x0
 .iplt          0x08005ae0        0x0 c:/ac6/systemworkbench/plugins/fr.ac6.mcu.externaltools.arm-none.win32_1.13.3.201707031232/tools/compiler/bin/../lib/gcc/arm-none-eabi/5.4.1/armv7e-m/fpu/crtbegin.o

.rodata         0x08005ae0       0xc8
                0x08005ae0                . = ALIGN (0x8)
 *(.rodata)
 .rodata        0x08005ae0       0x14 Src/main.o
 .rodata        0x08005af4       0x48 Src/system_stm32l4xx.o
                0x08005af4                MSIRangeTable
                0x08005b24                AHBPrescTable
                0x08005b34                APBPrescTable
 *(.rodata*)
 .rodata.str1.4
                0x08005b3c        0x5 Middlewares/Third_Party/FreeRTOS/Source/tasks.o
 *fill*         0x08005b41        0x3 
 .rodata.str1.4
                0x08005b44       0x42 Src/car.o
 *fill*         0x08005b86        0x2 
 .rodata.str1.4
                0x08005b88       0x1c Src/main.o
                0x08005ba8                . = ALIGN (0x8)
 *fill*         0x08005ba4        0x4 

.rel.dyn        0x08005ba8        0x0
 .rel.iplt      0x08005ba8        0x0 c:/ac6/systemworkbench/plugins/fr.ac6.mcu.externaltools.arm-none.win32_1.13.3.201707031232/tools/compiler/bin/../lib/gcc/arm-none-eabi/5.4.1/armv7e-m/fpu/crtbegin.o

.ARM.extab      0x08005ba8        0x0
                0x08005ba8                . = ALIGN (0x8)
 *(.ARM.extab* .gnu.linkonce.armextab.*)
                0x08005ba8                . = ALIGN (0x8)

.ARM            0x08005ba8        0x0
                0x08005ba8                . = ALIGN (0x8)
                0x08005ba8                __exidx_start = .
 *(.ARM.exidx*)
                0x08005ba8                __exidx_end = .
                0x08005ba8                . = ALIGN (0x8)

.preinit_array  0x08005ba8        0x0
                0x08005ba8                . = ALIGN (0x8)
                0x08005ba8                PROVIDE (__preinit_array_start, .)
 *(.preinit_array*)
                0x08005ba8                PROVIDE (__preinit_array_end, .)
                0x08005ba8                . = ALIGN (0x8)

.init_array     0x08005ba8        0x8
                0x08005ba8                . = ALIGN (0x8)
                0x08005ba8                PROVIDE (__init_array_start, .)
 *(SORT(.init_array.*))
 *(.init_array*)
 .init_array    0x08005ba8        0x4 c:/ac6/systemworkbench/plugins/fr.ac6.mcu.externaltools.arm-none.win32_1.13.3.201707031232/tools/compiler/bin/../lib/gcc/arm-none-eabi/5.4.1/armv7e-m/fpu/crtbegin.o
                0x08005bac                PROVIDE (__init_array_end, .)
                0x08005bb0                . = ALIGN (0x8)
 *fill*         0x08005bac        0x4 

.fini_array     0x08005bb0        0x8
                0x08005bb0                . = ALIGN (0x8)
                [!provide]                PROVIDE (__fini_array_start, .)
 *(SORT(.fini_array.*))
 *(.fini_array*)
 .fini_array    0x08005bb0        0x4 c:/ac6/systemworkbench/plugins/fr.ac6.mcu.externaltools.arm-none.win32_1.13.3.201707031232/tools/compiler/bin/../lib/gcc/arm-none-eabi/5.4.1/armv7e-m/fpu/crtbegin.o
                [!provide]                PROVIDE (__fini_array_end, .)
                0x08005bb8                . = ALIGN (0x8)
 *fill*         0x08005bb4        0x4 
                0x08005bb8                _sidata = LOADADDR (.data)

.data           0x20000000        0x8 load address 0x08005bb8
                0x20000000                . = ALIGN (0x8)
                0x20000000                _sdata = .
 *(.data)
 .data          0x20000000        0x4 Middlewares/Third_Party/FreeRTOS/Source/portable/GCC/ARM_CM4F/port.o
 .data          0x20000004        0x4 Src/system_stm32l4xx.o
                0x20000004                SystemCoreClock
 *(.data*)
                0x20000008                . = ALIGN (0x8)
                0x20000008                _edata = .

.jcr            0x20000008        0x0 load address 0x08005bc0
 .jcr           0x20000008        0x0 c:/ac6/systemworkbench/plugins/fr.ac6.mcu.externaltools.arm-none.win32_1.13.3.201707031232/tools/compiler/bin/../lib/gcc/arm-none-eabi/5.4.1/armv7e-m/fpu/crtbegin.o

.igot.plt       0x20000008        0x0 load address 0x08005bc0
 .igot.plt      0x20000008        0x0 c:/ac6/systemworkbench/plugins/fr.ac6.mcu.externaltools.arm-none.win32_1.13.3.201707031232/tools/compiler/bin/../lib/gcc/arm-none-eabi/5.4.1/armv7e-m/fpu/crtbegin.o
                0x20000008                . = ALIGN (0x4)

.bss            0x20000008      0xf8c load address 0x08005bc0
                0x20000008                _sbss = .
                0x20000008                __bss_start__ = _sbss
 *(.bss)
 .bss           0x20000008       0x1c c:/ac6/systemworkbench/plugins/fr.ac6.mcu.externaltools.arm-none.win32_1.13.3.201707031232/tools/compiler/bin/../lib/gcc/arm-none-eabi/5.4.1/armv7e-m/fpu/crtbegin.o
 .bss           0x20000024      0x12c Middlewares/Third_Party/FreeRTOS/Source/tasks.o
                0x20000124                pxCurrentTCB
 .bss           0x20000150        0x8 Middlewares/Third_Party/FreeRTOS/Source/portable/GCC/ARM_CM4F/port.o
 .bss           0x20000158      0xbd0 Middlewares/Third_Party/FreeRTOS/Source/portable/MemMang/heap_4.o
 *(.bss*)
 *(COMMON)
 COMMON         0x20000d28        0x4 Drivers/STM32L4xx_HAL_Driver/Src/stm32l4xx_hal.o
                0x20000d28                uwTick
 COMMON         0x20000d2c       0x4c Src/CANProcess.o
                0x20000d2c                actualDC
                0x20000d30                actualTorque
                0x20000d34                pedalTorque
                0x20000d38                torque_to_send
                0x20000d3c                BCparam
                0x20000d40                actualTorque0700
                0x20000d44                DCLimit
                0x20000d48                calcTorqueLimit
                0x20000d4c                actualTorque1508
                0x20000d50                dcBusVoltage
                0x20000d54                powerStageTemperature
                0x20000d58                errBitMap1
                0x20000d5c                commandCurrent
                0x20000d60                actualV
                0x20000d64                airTemperature
                0x20000d68                currentActual
                0x20000d6c                actualCurrentLimit
                0x20000d70                speedActual
                0x20000d74                motorTemperature
 COMMON         0x20000d78      0x1dc Src/main.o
                0x20000d78                car
                0x20000dd8                BMS
                0x20000e28                defaultTaskHandle
                0x20000e2c                hadc1
                0x20000e94                hcan1
                0x20000ed4                htim16
                0x20000f14                ADC1ConvertedValues
 COMMON         0x20000f54       0x40 Src/stm32l4xx_hal_timebase_TIM.o
                0x20000f54                htim1
                0x20000f94                . = ALIGN (0x4)
                0x20000f94                _ebss = .
                0x20000f94                __bss_end__ = _ebss

._user_heap_stack
                0x20000f94     0x6004 load address 0x08005bc0
                0x20000f98                . = ALIGN (0x8)
 *fill*         0x20000f94        0x4 
                [!provide]                PROVIDE (end, .)
                [!provide]                PROVIDE (_end, .)
                0x20003f98                . = (. + _Min_Heap_Size)
 *fill*         0x20000f98     0x3000 
                0x20006f98                . = (. + _Min_Stack_Size)
 *fill*         0x20003f98     0x3000 
                0x20006f98                . = ALIGN (0x8)

/DISCARD/
 libc.a(*)
 libm.a(*)
 libgcc.a(*)

.ARM.attributes
                0x00000000       0x30
 *(.ARM.attributes)
 .ARM.attributes
                0x00000000       0x22 c:/ac6/systemworkbench/plugins/fr.ac6.mcu.externaltools.arm-none.win32_1.13.3.201707031232/tools/compiler/bin/../lib/gcc/arm-none-eabi/5.4.1/armv7e-m/fpu/crti.o
 .ARM.attributes
                0x00000022       0x34 c:/ac6/systemworkbench/plugins/fr.ac6.mcu.externaltools.arm-none.win32_1.13.3.201707031232/tools/compiler/bin/../lib/gcc/arm-none-eabi/5.4.1/armv7e-m/fpu/crtbegin.o
 .ARM.attributes
                0x00000056       0x39 Drivers/STM32L4xx_HAL_Driver/Src/stm32l4xx_hal.o
 .ARM.attributes
                0x0000008f       0x39 Drivers/STM32L4xx_HAL_Driver/Src/stm32l4xx_hal_adc.o
 .ARM.attributes
                0x000000c8       0x39 Drivers/STM32L4xx_HAL_Driver/Src/stm32l4xx_hal_can.o
 .ARM.attributes
                0x00000101       0x39 Drivers/STM32L4xx_HAL_Driver/Src/stm32l4xx_hal_cortex.o
 .ARM.attributes
                0x0000013a       0x39 Drivers/STM32L4xx_HAL_Driver/Src/stm32l4xx_hal_gpio.o
 .ARM.attributes
                0x00000173       0x39 Drivers/STM32L4xx_HAL_Driver/Src/stm32l4xx_hal_pwr_ex.o
 .ARM.attributes
                0x000001ac       0x39 Drivers/STM32L4xx_HAL_Driver/Src/stm32l4xx_hal_rcc.o
 .ARM.attributes
                0x000001e5       0x39 Drivers/STM32L4xx_HAL_Driver/Src/stm32l4xx_hal_rcc_ex.o
 .ARM.attributes
                0x0000021e       0x39 Drivers/STM32L4xx_HAL_Driver/Src/stm32l4xx_hal_tim.o
 .ARM.attributes
                0x00000257       0x39 Drivers/STM32L4xx_HAL_Driver/Src/stm32l4xx_hal_tim_ex.o
 .ARM.attributes
                0x00000290       0x39 Middlewares/Third_Party/FreeRTOS/Source/CMSIS_RTOS/cmsis_os.o
 .ARM.attributes
                0x000002c9       0x39 Middlewares/Third_Party/FreeRTOS/Source/list.o
 .ARM.attributes
                0x00000302       0x39 Middlewares/Third_Party/FreeRTOS/Source/queue.o
 .ARM.attributes
                0x0000033b       0x39 Middlewares/Third_Party/FreeRTOS/Source/tasks.o
 .ARM.attributes
                0x00000374       0x39 Middlewares/Third_Party/FreeRTOS/Source/portable/GCC/ARM_CM4F/port.o
 .ARM.attributes
                0x000003ad       0x39 Middlewares/Third_Party/FreeRTOS/Source/portable/MemMang/heap_4.o
 .ARM.attributes
                0x000003e6       0x39 Src/CANProcess.o
 .ARM.attributes
                0x0000041f       0x39 Src/PedalBox.o
 .ARM.attributes
                0x00000458       0x39 Src/car.o
 .ARM.attributes
                0x00000491       0x39 Src/main.o
 .ARM.attributes
                0x000004ca       0x39 Src/motor_controller_functions.o
 .ARM.attributes
                0x00000503       0x39 Src/stm32l4xx_hal_msp.o
 .ARM.attributes
                0x0000053c       0x39 Src/stm32l4xx_hal_timebase_TIM.o
 .ARM.attributes
                0x00000575       0x39 Src/stm32l4xx_it.o
 .ARM.attributes
                0x000005ae       0x39 Src/system_stm32l4xx.o
 .ARM.attributes
                0x000005e7       0x21 startup/startup_stm32l432xx.o
 .ARM.attributes
                0x00000608       0x22 c:/ac6/systemworkbench/plugins/fr.ac6.mcu.externaltools.arm-none.win32_1.13.3.201707031232/tools/compiler/bin/../lib/gcc/arm-none-eabi/5.4.1/armv7e-m/fpu\libgcc.a(_arm_addsubdf3.o)
 .ARM.attributes
                0x0000062a       0x22 c:/ac6/systemworkbench/plugins/fr.ac6.mcu.externaltools.arm-none.win32_1.13.3.201707031232/tools/compiler/bin/../lib/gcc/arm-none-eabi/5.4.1/armv7e-m/fpu\libgcc.a(_arm_muldivdf3.o)
 .ARM.attributes
                0x0000064c       0x22 c:/ac6/systemworkbench/plugins/fr.ac6.mcu.externaltools.arm-none.win32_1.13.3.201707031232/tools/compiler/bin/../lib/gcc/arm-none-eabi/5.4.1/armv7e-m/fpu\libgcc.a(_arm_cmpdf2.o)
 .ARM.attributes
                0x0000066e       0x22 c:/ac6/systemworkbench/plugins/fr.ac6.mcu.externaltools.arm-none.win32_1.13.3.201707031232/tools/compiler/bin/../lib/gcc/arm-none-eabi/5.4.1/armv7e-m/fpu\libgcc.a(_arm_fixdfsi.o)
 .ARM.attributes
                0x00000690       0x34 c:/ac6/systemworkbench/plugins/fr.ac6.mcu.externaltools.arm-none.win32_1.13.3.201707031232/tools/compiler/bin/../lib/gcc/arm-none-eabi/5.4.1/armv7e-m/fpu\libgcc.a(_fixsfdi.o)
 .ARM.attributes
                0x000006c4       0x34 c:/ac6/systemworkbench/plugins/fr.ac6.mcu.externaltools.arm-none.win32_1.13.3.201707031232/tools/compiler/bin/../lib/gcc/arm-none-eabi/5.4.1/armv7e-m/fpu\libgcc.a(_fixunssfdi.o)
 .ARM.attributes
                0x000006f8       0x22 c:/ac6/systemworkbench/plugins/fr.ac6.mcu.externaltools.arm-none.win32_1.13.3.201707031232/tools/compiler/bin/../lib/gcc/arm-none-eabi/5.4.1/armv7e-m/fpu\libgcc.a(_arm_fixunsdfsi.o)
 .ARM.attributes
                0x0000071a       0x34 c:/ac6/systemworkbench/plugins/fr.ac6.mcu.externaltools.arm-none.win32_1.13.3.201707031232/tools/compiler/bin/../lib/gcc/arm-none-eabi/5.4.1/../../../../arm-none-eabi/lib/armv7e-m/fpu\libc_nano.a(lib_a-init.o)
 .ARM.attributes
                0x0000074e       0x34 c:/ac6/systemworkbench/plugins/fr.ac6.mcu.externaltools.arm-none.win32_1.13.3.201707031232/tools/compiler/bin/../lib/gcc/arm-none-eabi/5.4.1/../../../../arm-none-eabi/lib/armv7e-m/fpu\libc_nano.a(lib_a-memcpy-stub.o)
 .ARM.attributes
                0x00000782       0x22 c:/ac6/systemworkbench/plugins/fr.ac6.mcu.externaltools.arm-none.win32_1.13.3.201707031232/tools/compiler/bin/../lib/gcc/arm-none-eabi/5.4.1/armv7e-m/fpu/crtn.o
OUTPUT(MainModule2018.elf elf32-littlearm)

.debug_info     0x00000000    0x19f49
 .debug_info    0x00000000      0x916 Drivers/STM32L4xx_HAL_Driver/Src/stm32l4xx_hal.o
 .debug_info    0x00000916     0x122b Drivers/STM32L4xx_HAL_Driver/Src/stm32l4xx_hal_adc.o
 .debug_info    0x00001b41      0xb9e Drivers/STM32L4xx_HAL_Driver/Src/stm32l4xx_hal_can.o
 .debug_info    0x000026df      0xe19 Drivers/STM32L4xx_HAL_Driver/Src/stm32l4xx_hal_cortex.o
 .debug_info    0x000034f8      0x7e8 Drivers/STM32L4xx_HAL_Driver/Src/stm32l4xx_hal_gpio.o
 .debug_info    0x00003ce0      0x9a6 Drivers/STM32L4xx_HAL_Driver/Src/stm32l4xx_hal_pwr_ex.o
 .debug_info    0x00004686      0xd5f Drivers/STM32L4xx_HAL_Driver/Src/stm32l4xx_hal_rcc.o
 .debug_info    0x000053e5     0x101b Drivers/STM32L4xx_HAL_Driver/Src/stm32l4xx_hal_rcc_ex.o
 .debug_info    0x00006400     0x2f36 Drivers/STM32L4xx_HAL_Driver/Src/stm32l4xx_hal_tim.o
 .debug_info    0x00009336     0x148a Drivers/STM32L4xx_HAL_Driver/Src/stm32l4xx_hal_tim_ex.o
 .debug_info    0x0000a7c0     0x1aff Middlewares/Third_Party/FreeRTOS/Source/CMSIS_RTOS/cmsis_os.o
 .debug_info    0x0000c2bf      0x2a5 Middlewares/Third_Party/FreeRTOS/Source/list.o
 .debug_info    0x0000c564     0x1769 Middlewares/Third_Party/FreeRTOS/Source/queue.o
 .debug_info    0x0000dccd     0x2117 Middlewares/Third_Party/FreeRTOS/Source/tasks.o
 .debug_info    0x0000fde4      0x534 Middlewares/Third_Party/FreeRTOS/Source/portable/GCC/ARM_CM4F/port.o
 .debug_info    0x00010318      0x445 Middlewares/Third_Party/FreeRTOS/Source/portable/MemMang/heap_4.o
 .debug_info    0x0001075d      0xed0 Src/CANProcess.o
 .debug_info    0x0001162d      0xb30 Src/PedalBox.o
 .debug_info    0x0001215d     0x10ae Src/car.o
 .debug_info    0x0001320b     0x2540 Src/main.o
 .debug_info    0x0001574b      0xecb Src/motor_controller_functions.o
 .debug_info    0x00016616     0x173f Src/stm32l4xx_hal_msp.o
 .debug_info    0x00017d55      0xb64 Src/stm32l4xx_hal_timebase_TIM.o
 .debug_info    0x000188b9     0x104f Src/stm32l4xx_it.o
 .debug_info    0x00019908      0x5bf Src/system_stm32l4xx.o
 .debug_info    0x00019ec7       0x82 startup/startup_stm32l432xx.o

.debug_abbrev   0x00000000     0x35e9
 .debug_abbrev  0x00000000      0x1ef Drivers/STM32L4xx_HAL_Driver/Src/stm32l4xx_hal.o
 .debug_abbrev  0x000001ef      0x201 Drivers/STM32L4xx_HAL_Driver/Src/stm32l4xx_hal_adc.o
 .debug_abbrev  0x000003f0      0x206 Drivers/STM32L4xx_HAL_Driver/Src/stm32l4xx_hal_can.o
 .debug_abbrev  0x000005f6      0x2e2 Drivers/STM32L4xx_HAL_Driver/Src/stm32l4xx_hal_cortex.o
 .debug_abbrev  0x000008d8      0x1cd Drivers/STM32L4xx_HAL_Driver/Src/stm32l4xx_hal_gpio.o
 .debug_abbrev  0x00000aa5      0x203 Drivers/STM32L4xx_HAL_Driver/Src/stm32l4xx_hal_pwr_ex.o
 .debug_abbrev  0x00000ca8      0x248 Drivers/STM32L4xx_HAL_Driver/Src/stm32l4xx_hal_rcc.o
 .debug_abbrev  0x00000ef0      0x241 Drivers/STM32L4xx_HAL_Driver/Src/stm32l4xx_hal_rcc_ex.o
 .debug_abbrev  0x00001131      0x21b Drivers/STM32L4xx_HAL_Driver/Src/stm32l4xx_hal_tim.o
 .debug_abbrev  0x0000134c      0x21b Drivers/STM32L4xx_HAL_Driver/Src/stm32l4xx_hal_tim_ex.o
 .debug_abbrev  0x00001567      0x2fe Middlewares/Third_Party/FreeRTOS/Source/CMSIS_RTOS/cmsis_os.o
 .debug_abbrev  0x00001865       0xdf Middlewares/Third_Party/FreeRTOS/Source/list.o
 .debug_abbrev  0x00001944      0x297 Middlewares/Third_Party/FreeRTOS/Source/queue.o
 .debug_abbrev  0x00001bdb      0x309 Middlewares/Third_Party/FreeRTOS/Source/tasks.o
 .debug_abbrev  0x00001ee4      0x21c Middlewares/Third_Party/FreeRTOS/Source/portable/GCC/ARM_CM4F/port.o
 .debug_abbrev  0x00002100      0x20d Middlewares/Third_Party/FreeRTOS/Source/portable/MemMang/heap_4.o
 .debug_abbrev  0x0000230d      0x273 Src/CANProcess.o
 .debug_abbrev  0x00002580      0x1ee Src/PedalBox.o
 .debug_abbrev  0x0000276e      0x2cd Src/car.o
 .debug_abbrev  0x00002a3b      0x2ae Src/main.o
 .debug_abbrev  0x00002ce9      0x1fb Src/motor_controller_functions.o
 .debug_abbrev  0x00002ee4      0x1f2 Src/stm32l4xx_hal_msp.o
 .debug_abbrev  0x000030d6      0x1d4 Src/stm32l4xx_hal_timebase_TIM.o
 .debug_abbrev  0x000032aa      0x208 Src/stm32l4xx_it.o
 .debug_abbrev  0x000034b2      0x125 Src/system_stm32l4xx.o
 .debug_abbrev  0x000035d7       0x12 startup/startup_stm32l432xx.o

.debug_loc      0x00000000     0xbf2c
 .debug_loc     0x00000000       0x76 Drivers/STM32L4xx_HAL_Driver/Src/stm32l4xx_hal.o
 .debug_loc     0x00000076      0xce1 Drivers/STM32L4xx_HAL_Driver/Src/stm32l4xx_hal_adc.o
 .debug_loc     0x00000d57      0x605 Drivers/STM32L4xx_HAL_Driver/Src/stm32l4xx_hal_can.o
 .debug_loc     0x0000135c      0x527 Drivers/STM32L4xx_HAL_Driver/Src/stm32l4xx_hal_cortex.o
 .debug_loc     0x00001883      0x2ff Drivers/STM32L4xx_HAL_Driver/Src/stm32l4xx_hal_gpio.o
 .debug_loc     0x00001b82      0x571 Drivers/STM32L4xx_HAL_Driver/Src/stm32l4xx_hal_pwr_ex.o
 .debug_loc     0x000020f3      0x691 Drivers/STM32L4xx_HAL_Driver/Src/stm32l4xx_hal_rcc.o
 .debug_loc     0x00002784     0x14f3 Drivers/STM32L4xx_HAL_Driver/Src/stm32l4xx_hal_rcc_ex.o
 .debug_loc     0x00003c77     0x34ce Drivers/STM32L4xx_HAL_Driver/Src/stm32l4xx_hal_tim.o
 .debug_loc     0x00007145     0x1425 Drivers/STM32L4xx_HAL_Driver/Src/stm32l4xx_hal_tim_ex.o
 .debug_loc     0x0000856a      0xf68 Middlewares/Third_Party/FreeRTOS/Source/CMSIS_RTOS/cmsis_os.o
 .debug_loc     0x000094d2       0x65 Middlewares/Third_Party/FreeRTOS/Source/list.o
 .debug_loc     0x00009537      0xdd3 Middlewares/Third_Party/FreeRTOS/Source/queue.o
 .debug_loc     0x0000a30a     0x1222 Middlewares/Third_Party/FreeRTOS/Source/tasks.o
 .debug_loc     0x0000b52c       0xdc Middlewares/Third_Party/FreeRTOS/Source/portable/GCC/ARM_CM4F/port.o
 .debug_loc     0x0000b608      0x282 Middlewares/Third_Party/FreeRTOS/Source/portable/MemMang/heap_4.o
 .debug_loc     0x0000b88a       0xfb Src/CANProcess.o
 .debug_loc     0x0000b985       0xb3 Src/PedalBox.o
 .debug_loc     0x0000ba38       0xbf Src/car.o
 .debug_loc     0x0000baf7       0x42 Src/main.o
 .debug_loc     0x0000bb39       0xf6 Src/motor_controller_functions.o
 .debug_loc     0x0000bc2f      0x113 Src/stm32l4xx_hal_msp.o
 .debug_loc     0x0000bd42       0x79 Src/stm32l4xx_hal_timebase_TIM.o
 .debug_loc     0x0000bdbb      0x171 Src/system_stm32l4xx.o

.debug_aranges  0x00000000     0x1300
 .debug_aranges
                0x00000000       0xf0 Drivers/STM32L4xx_HAL_Driver/Src/stm32l4xx_hal.o
 .debug_aranges
                0x000000f0       0xf8 Drivers/STM32L4xx_HAL_Driver/Src/stm32l4xx_hal_adc.o
 .debug_aranges
                0x000001e8       0xb0 Drivers/STM32L4xx_HAL_Driver/Src/stm32l4xx_hal_can.o
 .debug_aranges
                0x00000298       0x98 Drivers/STM32L4xx_HAL_Driver/Src/stm32l4xx_hal_cortex.o
 .debug_aranges
                0x00000330       0x58 Drivers/STM32L4xx_HAL_Driver/Src/stm32l4xx_hal_gpio.o
 .debug_aranges
                0x00000388      0x108 Drivers/STM32L4xx_HAL_Driver/Src/stm32l4xx_hal_pwr_ex.o
 .debug_aranges
                0x00000490       0x88 Drivers/STM32L4xx_HAL_Driver/Src/stm32l4xx_hal_rcc.o
 .debug_aranges
                0x00000518       0xe8 Drivers/STM32L4xx_HAL_Driver/Src/stm32l4xx_hal_rcc_ex.o
 .debug_aranges
                0x00000600      0x378 Drivers/STM32L4xx_HAL_Driver/Src/stm32l4xx_hal_tim.o
 .debug_aranges
                0x00000978      0x150 Drivers/STM32L4xx_HAL_Driver/Src/stm32l4xx_hal_tim_ex.o
 .debug_aranges
                0x00000ac8      0x1d8 Middlewares/Third_Party/FreeRTOS/Source/CMSIS_RTOS/cmsis_os.o
 .debug_aranges
                0x00000ca0       0x40 Middlewares/Third_Party/FreeRTOS/Source/list.o
 .debug_aranges
                0x00000ce0       0xe0 Middlewares/Third_Party/FreeRTOS/Source/queue.o
 .debug_aranges
                0x00000dc0      0x190 Middlewares/Third_Party/FreeRTOS/Source/tasks.o
 .debug_aranges
                0x00000f50       0x80 Middlewares/Third_Party/FreeRTOS/Source/portable/GCC/ARM_CM4F/port.o
 .debug_aranges
                0x00000fd0       0x50 Middlewares/Third_Party/FreeRTOS/Source/portable/MemMang/heap_4.o
 .debug_aranges
                0x00001020       0x50 Src/CANProcess.o
 .debug_aranges
                0x00001070       0x28 Src/PedalBox.o
 .debug_aranges
                0x00001098       0x68 Src/car.o
 .debug_aranges
                0x00001100       0x60 Src/main.o
 .debug_aranges
                0x00001160       0x58 Src/motor_controller_functions.o
 .debug_aranges
                0x000011b8       0x58 Src/stm32l4xx_hal_msp.o
 .debug_aranges
                0x00001210       0x30 Src/stm32l4xx_hal_timebase_TIM.o
 .debug_aranges
                0x00001240       0x70 Src/stm32l4xx_it.o
 .debug_aranges
                0x000012b0       0x28 Src/system_stm32l4xx.o
 .debug_aranges
                0x000012d8       0x28 startup/startup_stm32l432xx.o

.debug_ranges   0x00000000     0x1200
 .debug_ranges  0x00000000       0xe0 Drivers/STM32L4xx_HAL_Driver/Src/stm32l4xx_hal.o
 .debug_ranges  0x000000e0       0xe8 Drivers/STM32L4xx_HAL_Driver/Src/stm32l4xx_hal_adc.o
 .debug_ranges  0x000001c8       0xa0 Drivers/STM32L4xx_HAL_Driver/Src/stm32l4xx_hal_can.o
 .debug_ranges  0x00000268       0x88 Drivers/STM32L4xx_HAL_Driver/Src/stm32l4xx_hal_cortex.o
 .debug_ranges  0x000002f0       0x48 Drivers/STM32L4xx_HAL_Driver/Src/stm32l4xx_hal_gpio.o
 .debug_ranges  0x00000338       0xf8 Drivers/STM32L4xx_HAL_Driver/Src/stm32l4xx_hal_pwr_ex.o
 .debug_ranges  0x00000430       0x90 Drivers/STM32L4xx_HAL_Driver/Src/stm32l4xx_hal_rcc.o
 .debug_ranges  0x000004c0       0xd8 Drivers/STM32L4xx_HAL_Driver/Src/stm32l4xx_hal_rcc_ex.o
 .debug_ranges  0x00000598      0x368 Drivers/STM32L4xx_HAL_Driver/Src/stm32l4xx_hal_tim.o
 .debug_ranges  0x00000900      0x140 Drivers/STM32L4xx_HAL_Driver/Src/stm32l4xx_hal_tim_ex.o
 .debug_ranges  0x00000a40      0x1c8 Middlewares/Third_Party/FreeRTOS/Source/CMSIS_RTOS/cmsis_os.o
 .debug_ranges  0x00000c08       0x30 Middlewares/Third_Party/FreeRTOS/Source/list.o
 .debug_ranges  0x00000c38      0x118 Middlewares/Third_Party/FreeRTOS/Source/queue.o
 .debug_ranges  0x00000d50      0x1b8 Middlewares/Third_Party/FreeRTOS/Source/tasks.o
 .debug_ranges  0x00000f08       0x70 Middlewares/Third_Party/FreeRTOS/Source/portable/GCC/ARM_CM4F/port.o
 .debug_ranges  0x00000f78       0x40 Middlewares/Third_Party/FreeRTOS/Source/portable/MemMang/heap_4.o
 .debug_ranges  0x00000fb8       0x40 Src/CANProcess.o
 .debug_ranges  0x00000ff8       0x18 Src/PedalBox.o
 .debug_ranges  0x00001010       0x58 Src/car.o
 .debug_ranges  0x00001068       0x50 Src/main.o
 .debug_ranges  0x000010b8       0x48 Src/motor_controller_functions.o
 .debug_ranges  0x00001100       0x48 Src/stm32l4xx_hal_msp.o
 .debug_ranges  0x00001148       0x20 Src/stm32l4xx_hal_timebase_TIM.o
 .debug_ranges  0x00001168       0x60 Src/stm32l4xx_it.o
 .debug_ranges  0x000011c8       0x18 Src/system_stm32l4xx.o
 .debug_ranges  0x000011e0       0x20 startup/startup_stm32l432xx.o

.debug_macro    0x00000000    0x26151
 .debug_macro   0x00000000      0x384 Drivers/STM32L4xx_HAL_Driver/Src/stm32l4xx_hal.o
 .debug_macro   0x00000384      0x898 Drivers/STM32L4xx_HAL_Driver/Src/stm32l4xx_hal.o
 .debug_macro   0x00000c1c       0xdc Drivers/STM32L4xx_HAL_Driver/Src/stm32l4xx_hal.o
 .debug_macro   0x00000cf8       0xba Drivers/STM32L4xx_HAL_Driver/Src/stm32l4xx_hal.o
 .debug_macro   0x00000db2       0x2e Drivers/STM32L4xx_HAL_Driver/Src/stm32l4xx_hal.o
 .debug_macro   0x00000de0       0x28 Drivers/STM32L4xx_HAL_Driver/Src/stm32l4xx_hal.o
 .debug_macro   0x00000e08       0x22 Drivers/STM32L4xx_HAL_Driver/Src/stm32l4xx_hal.o
 .debug_macro   0x00000e2a       0x87 Drivers/STM32L4xx_HAL_Driver/Src/stm32l4xx_hal.o
 .debug_macro   0x00000eb1       0x44 Drivers/STM32L4xx_HAL_Driver/Src/stm32l4xx_hal.o
 .debug_macro   0x00000ef5       0xfd Drivers/STM32L4xx_HAL_Driver/Src/stm32l4xx_hal.o
 .debug_macro   0x00000ff2       0x5e Drivers/STM32L4xx_HAL_Driver/Src/stm32l4xx_hal.o
 .debug_macro   0x00001050      0x1df Drivers/STM32L4xx_HAL_Driver/Src/stm32l4xx_hal.o
 .debug_macro   0x0000122f       0x35 Drivers/STM32L4xx_HAL_Driver/Src/stm32l4xx_hal.o
 .debug_macro   0x00001264       0x50 Drivers/STM32L4xx_HAL_Driver/Src/stm32l4xx_hal.o
 .debug_macro   0x000012b4      0xe66 Drivers/STM32L4xx_HAL_Driver/Src/stm32l4xx_hal.o
 .debug_macro   0x0000211a    0x1470c Drivers/STM32L4xx_HAL_Driver/Src/stm32l4xx_hal.o
 .debug_macro   0x00016826       0x43 Drivers/STM32L4xx_HAL_Driver/Src/stm32l4xx_hal.o
 .debug_macro   0x00016869     0x369a Drivers/STM32L4xx_HAL_Driver/Src/stm32l4xx_hal.o
 .debug_macro   0x00019f03       0x52 Drivers/STM32L4xx_HAL_Driver/Src/stm32l4xx_hal.o
 .debug_macro   0x00019f55       0x35 Drivers/STM32L4xx_HAL_Driver/Src/stm32l4xx_hal.o
 .debug_macro   0x00019f8a       0x9c Drivers/STM32L4xx_HAL_Driver/Src/stm32l4xx_hal.o
 .debug_macro   0x0001a026       0x16 Drivers/STM32L4xx_HAL_Driver/Src/stm32l4xx_hal.o
 .debug_macro   0x0001a03c       0x97 Drivers/STM32L4xx_HAL_Driver/Src/stm32l4xx_hal.o
 .debug_macro   0x0001a0d3      0x30d Drivers/STM32L4xx_HAL_Driver/Src/stm32l4xx_hal.o
 .debug_macro   0x0001a3e0       0xfd Drivers/STM32L4xx_HAL_Driver/Src/stm32l4xx_hal.o
 .debug_macro   0x0001a4dd       0x10 Drivers/STM32L4xx_HAL_Driver/Src/stm32l4xx_hal.o
 .debug_macro   0x0001a4ed       0x52 Drivers/STM32L4xx_HAL_Driver/Src/stm32l4xx_hal.o
 .debug_macro   0x0001a53f       0x1f Drivers/STM32L4xx_HAL_Driver/Src/stm32l4xx_hal.o
 .debug_macro   0x0001a55e       0x43 Drivers/STM32L4xx_HAL_Driver/Src/stm32l4xx_hal.o
 .debug_macro   0x0001a5a1       0x20 Drivers/STM32L4xx_HAL_Driver/Src/stm32l4xx_hal.o
 .debug_macro   0x0001a5c1      0x187 Drivers/STM32L4xx_HAL_Driver/Src/stm32l4xx_hal.o
 .debug_macro   0x0001a748       0x10 Drivers/STM32L4xx_HAL_Driver/Src/stm32l4xx_hal.o
 .debug_macro   0x0001a758       0x1c Drivers/STM32L4xx_HAL_Driver/Src/stm32l4xx_hal.o
 .debug_macro   0x0001a774       0x52 Drivers/STM32L4xx_HAL_Driver/Src/stm32l4xx_hal.o
 .debug_macro   0x0001a7c6       0x40 Drivers/STM32L4xx_HAL_Driver/Src/stm32l4xx_hal.o
 .debug_macro   0x0001a806       0x10 Drivers/STM32L4xx_HAL_Driver/Src/stm32l4xx_hal.o
 .debug_macro   0x0001a816       0x40 Drivers/STM32L4xx_HAL_Driver/Src/stm32l4xx_hal.o
 .debug_macro   0x0001a856       0xd7 Drivers/STM32L4xx_HAL_Driver/Src/stm32l4xx_hal.o
 .debug_macro   0x0001a92d       0x16 Drivers/STM32L4xx_HAL_Driver/Src/stm32l4xx_hal.o
 .debug_macro   0x0001a943      0x18b Drivers/STM32L4xx_HAL_Driver/Src/stm32l4xx_hal.o
 .debug_macro   0x0001aace       0x50 Drivers/STM32L4xx_HAL_Driver/Src/stm32l4xx_hal.o
 .debug_macro   0x0001ab1e     0x1192 Drivers/STM32L4xx_HAL_Driver/Src/stm32l4xx_hal.o
 .debug_macro   0x0001bcb0      0x535 Drivers/STM32L4xx_HAL_Driver/Src/stm32l4xx_hal.o
 .debug_macro   0x0001c1e5      0x148 Drivers/STM32L4xx_HAL_Driver/Src/stm32l4xx_hal.o
 .debug_macro   0x0001c32d      0x10b Drivers/STM32L4xx_HAL_Driver/Src/stm32l4xx_hal.o
 .debug_macro   0x0001c438      0x26b Drivers/STM32L4xx_HAL_Driver/Src/stm32l4xx_hal.o
 .debug_macro   0x0001c6a3      0x23a Drivers/STM32L4xx_HAL_Driver/Src/stm32l4xx_hal.o
 .debug_macro   0x0001c8dd      0xd9d Drivers/STM32L4xx_HAL_Driver/Src/stm32l4xx_hal.o
 .debug_macro   0x0001d67a      0x639 Drivers/STM32L4xx_HAL_Driver/Src/stm32l4xx_hal.o
 .debug_macro   0x0001dcb3      0x305 Drivers/STM32L4xx_HAL_Driver/Src/stm32l4xx_hal.o
 .debug_macro   0x0001dfb8      0x36e Drivers/STM32L4xx_HAL_Driver/Src/stm32l4xx_hal.o
 .debug_macro   0x0001e326      0x360 Drivers/STM32L4xx_HAL_Driver/Src/stm32l4xx_hal.o
 .debug_macro   0x0001e686       0x10 Drivers/STM32L4xx_HAL_Driver/Src/stm32l4xx_hal.o
 .debug_macro   0x0001e696       0xe4 Drivers/STM32L4xx_HAL_Driver/Src/stm32l4xx_hal.o
 .debug_macro   0x0001e77a      0x202 Drivers/STM32L4xx_HAL_Driver/Src/stm32l4xx_hal.o
 .debug_macro   0x0001e97c       0x61 Drivers/STM32L4xx_HAL_Driver/Src/stm32l4xx_hal.o
 .debug_macro   0x0001e9dd       0x90 Drivers/STM32L4xx_HAL_Driver/Src/stm32l4xx_hal.o
 .debug_macro   0x0001ea6d      0x126 Drivers/STM32L4xx_HAL_Driver/Src/stm32l4xx_hal.o
 .debug_macro   0x0001eb93      0x2d2 Drivers/STM32L4xx_HAL_Driver/Src/stm32l4xx_hal.o
 .debug_macro   0x0001ee65      0x9f0 Drivers/STM32L4xx_HAL_Driver/Src/stm32l4xx_hal.o
 .debug_macro   0x0001f855      0x135 Drivers/STM32L4xx_HAL_Driver/Src/stm32l4xx_hal.o
 .debug_macro   0x0001f98a      0x21a Drivers/STM32L4xx_HAL_Driver/Src/stm32l4xx_hal.o
 .debug_macro   0x0001fba4      0x375 Drivers/STM32L4xx_HAL_Driver/Src/stm32l4xx_hal_adc.o
 .debug_macro   0x0001ff19      0x342 Drivers/STM32L4xx_HAL_Driver/Src/stm32l4xx_hal_can.o
 .debug_macro   0x0002025b      0x33c Drivers/STM32L4xx_HAL_Driver/Src/stm32l4xx_hal_cortex.o
 .debug_macro   0x00020597      0x37b Drivers/STM32L4xx_HAL_Driver/Src/stm32l4xx_hal_gpio.o
 .debug_macro   0x00020912      0x360 Drivers/STM32L4xx_HAL_Driver/Src/stm32l4xx_hal_pwr_ex.o
 .debug_macro   0x00020c72      0x37e Drivers/STM32L4xx_HAL_Driver/Src/stm32l4xx_hal_rcc.o
 .debug_macro   0x00020ff0      0x372 Drivers/STM32L4xx_HAL_Driver/Src/stm32l4xx_hal_rcc_ex.o
 .debug_macro   0x00021362      0x33c Drivers/STM32L4xx_HAL_Driver/Src/stm32l4xx_hal_tim.o
 .debug_macro   0x0002169e      0x34e Drivers/STM32L4xx_HAL_Driver/Src/stm32l4xx_hal_tim_ex.o
 .debug_macro   0x000219ec      0x1f3 Middlewares/Third_Party/FreeRTOS/Source/CMSIS_RTOS/cmsis_os.o
 .debug_macro   0x00021bdf       0x4c Middlewares/Third_Party/FreeRTOS/Source/CMSIS_RTOS/cmsis_os.o
 .debug_macro   0x00021c2b       0x8d Middlewares/Third_Party/FreeRTOS/Source/CMSIS_RTOS/cmsis_os.o
 .debug_macro   0x00021cb8      0x174 Middlewares/Third_Party/FreeRTOS/Source/CMSIS_RTOS/cmsis_os.o
 .debug_macro   0x00021e2c       0x4a Middlewares/Third_Party/FreeRTOS/Source/CMSIS_RTOS/cmsis_os.o
 .debug_macro   0x00021e76       0x10 Middlewares/Third_Party/FreeRTOS/Source/CMSIS_RTOS/cmsis_os.o
 .debug_macro   0x00021e86       0x35 Middlewares/Third_Party/FreeRTOS/Source/CMSIS_RTOS/cmsis_os.o
 .debug_macro   0x00021ebb       0xd2 Middlewares/Third_Party/FreeRTOS/Source/CMSIS_RTOS/cmsis_os.o
 .debug_macro   0x00021f8d      0x168 Middlewares/Third_Party/FreeRTOS/Source/CMSIS_RTOS/cmsis_os.o
 .debug_macro   0x000220f5       0xe4 Middlewares/Third_Party/FreeRTOS/Source/CMSIS_RTOS/cmsis_os.o
 .debug_macro   0x000221d9       0x10 Middlewares/Third_Party/FreeRTOS/Source/CMSIS_RTOS/cmsis_os.o
 .debug_macro   0x000221e9       0x1f Middlewares/Third_Party/FreeRTOS/Source/CMSIS_RTOS/cmsis_os.o
 .debug_macro   0x00022208      0x40f Middlewares/Third_Party/FreeRTOS/Source/CMSIS_RTOS/cmsis_os.o
 .debug_macro   0x00022617       0xc0 Middlewares/Third_Party/FreeRTOS/Source/CMSIS_RTOS/cmsis_os.o
 .debug_macro   0x000226d7       0x8c Middlewares/Third_Party/FreeRTOS/Source/CMSIS_RTOS/cmsis_os.o
 .debug_macro   0x00022763       0x91 Middlewares/Third_Party/FreeRTOS/Source/CMSIS_RTOS/cmsis_os.o
 .debug_macro   0x000227f4       0x94 Middlewares/Third_Party/FreeRTOS/Source/CMSIS_RTOS/cmsis_os.o
 .debug_macro   0x00022888       0x63 Middlewares/Third_Party/FreeRTOS/Source/CMSIS_RTOS/cmsis_os.o
 .debug_macro   0x000228eb       0x19 Middlewares/Third_Party/FreeRTOS/Source/CMSIS_RTOS/cmsis_os.o
 .debug_macro   0x00022904       0xcf Middlewares/Third_Party/FreeRTOS/Source/CMSIS_RTOS/cmsis_os.o
 .debug_macro   0x000229d3       0x26 Middlewares/Third_Party/FreeRTOS/Source/CMSIS_RTOS/cmsis_os.o
 .debug_macro   0x000229f9      0x18b Middlewares/Third_Party/FreeRTOS/Source/list.o
 .debug_macro   0x00022b84      0x207 Middlewares/Third_Party/FreeRTOS/Source/queue.o
 .debug_macro   0x00022d8b       0x16 Middlewares/Third_Party/FreeRTOS/Source/queue.o
 .debug_macro   0x00022da1      0x26a Middlewares/Third_Party/FreeRTOS/Source/tasks.o
 .debug_macro   0x0002300b       0x11 Middlewares/Third_Party/FreeRTOS/Source/tasks.o
 .debug_macro   0x0002301c      0x1ad Middlewares/Third_Party/FreeRTOS/Source/portable/GCC/ARM_CM4F/port.o
 .debug_macro   0x000231c9      0x1b2 Middlewares/Third_Party/FreeRTOS/Source/portable/MemMang/heap_4.o
 .debug_macro   0x0002337b      0x457 Src/CANProcess.o
 .debug_macro   0x000237d2       0xd8 Src/CANProcess.o
 .debug_macro   0x000238aa       0x9a Src/CANProcess.o
 .debug_macro   0x00023944      0x1e1 Src/CANProcess.o
 .debug_macro   0x00023b25       0x6a Src/CANProcess.o
 .debug_macro   0x00023b8f      0x38f Src/CANProcess.o
 .debug_macro   0x00023f1e      0x118 Src/CANProcess.o
 .debug_macro   0x00024036      0x44f Src/PedalBox.o
 .debug_macro   0x00024485      0x43f Src/car.o
 .debug_macro   0x000248c4       0xd8 Src/car.o
 .debug_macro   0x0002499c       0xc0 Src/car.o
 .debug_macro   0x00024a5c       0x3b Src/car.o
 .debug_macro   0x00024a97      0x45f Src/main.o
 .debug_macro   0x00024ef6      0x447 Src/motor_controller_functions.o
 .debug_macro   0x0002533d      0x33c Src/stm32l4xx_hal_msp.o
 .debug_macro   0x00025679      0x33c Src/stm32l4xx_hal_timebase_TIM.o
 .debug_macro   0x000259b5      0x459 Src/stm32l4xx_it.o
 .debug_macro   0x00025e0e      0x343 Src/system_stm32l4xx.o

.debug_line     0x00000000    0x11be1
 .debug_line    0x00000000      0xa47 Drivers/STM32L4xx_HAL_Driver/Src/stm32l4xx_hal.o
 .debug_line    0x00000a47      0xed4 Drivers/STM32L4xx_HAL_Driver/Src/stm32l4xx_hal_adc.o
 .debug_line    0x0000191b      0xc87 Drivers/STM32L4xx_HAL_Driver/Src/stm32l4xx_hal_can.o
 .debug_line    0x000025a2      0xa2b Drivers/STM32L4xx_HAL_Driver/Src/stm32l4xx_hal_cortex.o
 .debug_line    0x00002fcd      0x999 Drivers/STM32L4xx_HAL_Driver/Src/stm32l4xx_hal_gpio.o
 .debug_line    0x00003966      0xb88 Drivers/STM32L4xx_HAL_Driver/Src/stm32l4xx_hal_pwr_ex.o
 .debug_line    0x000044ee      0xba8 Drivers/STM32L4xx_HAL_Driver/Src/stm32l4xx_hal_rcc.o
 .debug_line    0x00005096      0xd86 Drivers/STM32L4xx_HAL_Driver/Src/stm32l4xx_hal_rcc_ex.o
 .debug_line    0x00005e1c     0x18b5 Drivers/STM32L4xx_HAL_Driver/Src/stm32l4xx_hal_tim.o
 .debug_line    0x000076d1      0xead Drivers/STM32L4xx_HAL_Driver/Src/stm32l4xx_hal_tim_ex.o
 .debug_line    0x0000857e      0xbc5 Middlewares/Third_Party/FreeRTOS/Source/CMSIS_RTOS/cmsis_os.o
 .debug_line    0x00009143      0x58f Middlewares/Third_Party/FreeRTOS/Source/list.o
 .debug_line    0x000096d2      0xaa7 Middlewares/Third_Party/FreeRTOS/Source/queue.o
 .debug_line    0x0000a179      0xdee Middlewares/Third_Party/FreeRTOS/Source/tasks.o
 .debug_line    0x0000af67      0x621 Middlewares/Third_Party/FreeRTOS/Source/portable/GCC/ARM_CM4F/port.o
 .debug_line    0x0000b588      0x64a Middlewares/Third_Party/FreeRTOS/Source/portable/MemMang/heap_4.o
 .debug_line    0x0000bbd2      0xb8e Src/CANProcess.o
 .debug_line    0x0000c760      0xb08 Src/PedalBox.o
 .debug_line    0x0000d268      0xbe2 Src/car.o
 .debug_line    0x0000de4a      0xbeb Src/main.o
 .debug_line    0x0000ea35      0xb8e Src/motor_controller_functions.o
 .debug_line    0x0000f5c3      0x90c Src/stm32l4xx_hal_msp.o
 .debug_line    0x0000fecf      0x88f Src/stm32l4xx_hal_timebase_TIM.o
 .debug_line    0x0001075e      0xb7e Src/stm32l4xx_it.o
 .debug_line    0x000112dc      0x886 Src/system_stm32l4xx.o
 .debug_line    0x00011b62       0x7f startup/startup_stm32l432xx.o

.debug_str      0x00000000    0xdd2da
 .debug_str     0x00000000    0xce435 Drivers/STM32L4xx_HAL_Driver/Src/stm32l4xx_hal.o
                              0xce92b (size before relaxing)
 .debug_str     0x000ce435      0xb61 Drivers/STM32L4xx_HAL_Driver/Src/stm32l4xx_hal_adc.o
                              0xcea96 (size before relaxing)
 .debug_str     0x000cef96      0x454 Drivers/STM32L4xx_HAL_Driver/Src/stm32l4xx_hal_can.o
                              0xce377 (size before relaxing)
 .debug_str     0x000cf3ea      0x367 Drivers/STM32L4xx_HAL_Driver/Src/stm32l4xx_hal_cortex.o
                              0xce6ff (size before relaxing)
 .debug_str     0x000cf751      0x312 Drivers/STM32L4xx_HAL_Driver/Src/stm32l4xx_hal_gpio.o
                              0xce2cb (size before relaxing)
 .debug_str     0x000cfa63      0x3ff Drivers/STM32L4xx_HAL_Driver/Src/stm32l4xx_hal_pwr_ex.o
                              0xce473 (size before relaxing)
 .debug_str     0x000cfe62      0x562 Drivers/STM32L4xx_HAL_Driver/Src/stm32l4xx_hal_rcc.o
                              0xce62d (size before relaxing)
 .debug_str     0x000d03c4      0x6e6 Drivers/STM32L4xx_HAL_Driver/Src/stm32l4xx_hal_rcc_ex.o
                              0xce877 (size before relaxing)
 .debug_str     0x000d0aaa      0xedd Drivers/STM32L4xx_HAL_Driver/Src/stm32l4xx_hal_tim.o
                              0xcefff (size before relaxing)
 .debug_str     0x000d1987      0x65b Drivers/STM32L4xx_HAL_Driver/Src/stm32l4xx_hal_tim_ex.o
                              0xcea31 (size before relaxing)
 .debug_str     0x000d1fe2     0x5d1a Middlewares/Third_Party/FreeRTOS/Source/CMSIS_RTOS/cmsis_os.o
                               0xc044 (size before relaxing)
 .debug_str     0x000d7cfc      0x22a Middlewares/Third_Party/FreeRTOS/Source/list.o
                               0x92d3 (size before relaxing)
 .debug_str     0x000d7f26      0x6eb Middlewares/Third_Party/FreeRTOS/Source/queue.o
                               0xa90d (size before relaxing)
 .debug_str     0x000d8611      0xf16 Middlewares/Third_Party/FreeRTOS/Source/tasks.o
                               0xb35d (size before relaxing)
 .debug_str     0x000d9527      0x77c Middlewares/Third_Party/FreeRTOS/Source/portable/GCC/ARM_CM4F/port.o
                               0x78b3 (size before relaxing)
 .debug_str     0x000d9ca3      0x243 Middlewares/Third_Party/FreeRTOS/Source/portable/MemMang/heap_4.o
                               0x9a13 (size before relaxing)
 .debug_str     0x000d9ee6     0x2d81 Src/CANProcess.o
                              0xd61e8 (size before relaxing)
 .debug_str     0x000dcc67       0xd6 Src/PedalBox.o
                              0xd606a (size before relaxing)
 .debug_str     0x000dcd3d       0xfd Src/car.o
                              0xd610b (size before relaxing)
 .debug_str     0x000dce3a      0x1fb Src/main.o
                              0xd73d8 (size before relaxing)
 .debug_str     0x000dd035       0xde Src/motor_controller_functions.o
                              0xd60a0 (size before relaxing)
 .debug_str     0x000dd113       0x25 Src/stm32l4xx_hal_msp.o
                              0xced11 (size before relaxing)
 .debug_str     0x000dd138       0x61 Src/stm32l4xx_hal_timebase_TIM.o
                              0xce8a3 (size before relaxing)
 .debug_str     0x000dd199       0xf1 Src/stm32l4xx_it.o
                              0xd6410 (size before relaxing)
 .debug_str     0x000dd28a       0x50 Src/system_stm32l4xx.o
                              0xce041 (size before relaxing)

.comment        0x00000000       0x6e
 .comment       0x00000000       0x6e Drivers/STM32L4xx_HAL_Driver/Src/stm32l4xx_hal.o
                                 0x6f (size before relaxing)
 .comment       0x0000006e       0x6f Drivers/STM32L4xx_HAL_Driver/Src/stm32l4xx_hal_adc.o
 .comment       0x0000006e       0x6f Drivers/STM32L4xx_HAL_Driver/Src/stm32l4xx_hal_can.o
 .comment       0x0000006e       0x6f Drivers/STM32L4xx_HAL_Driver/Src/stm32l4xx_hal_cortex.o
 .comment       0x0000006e       0x6f Drivers/STM32L4xx_HAL_Driver/Src/stm32l4xx_hal_gpio.o
 .comment       0x0000006e       0x6f Drivers/STM32L4xx_HAL_Driver/Src/stm32l4xx_hal_pwr_ex.o
 .comment       0x0000006e       0x6f Drivers/STM32L4xx_HAL_Driver/Src/stm32l4xx_hal_rcc.o
 .comment       0x0000006e       0x6f Drivers/STM32L4xx_HAL_Driver/Src/stm32l4xx_hal_rcc_ex.o
 .comment       0x0000006e       0x6f Drivers/STM32L4xx_HAL_Driver/Src/stm32l4xx_hal_tim.o
 .comment       0x0000006e       0x6f Drivers/STM32L4xx_HAL_Driver/Src/stm32l4xx_hal_tim_ex.o
 .comment       0x0000006e       0x6f Middlewares/Third_Party/FreeRTOS/Source/CMSIS_RTOS/cmsis_os.o
 .comment       0x0000006e       0x6f Middlewares/Third_Party/FreeRTOS/Source/list.o
 .comment       0x0000006e       0x6f Middlewares/Third_Party/FreeRTOS/Source/queue.o
 .comment       0x0000006e       0x6f Middlewares/Third_Party/FreeRTOS/Source/tasks.o
 .comment       0x0000006e       0x6f Middlewares/Third_Party/FreeRTOS/Source/portable/GCC/ARM_CM4F/port.o
 .comment       0x0000006e       0x6f Middlewares/Third_Party/FreeRTOS/Source/portable/MemMang/heap_4.o
 .comment       0x0000006e       0x6f Src/CANProcess.o
 .comment       0x0000006e       0x6f Src/PedalBox.o
 .comment       0x0000006e       0x6f Src/car.o
 .comment       0x0000006e       0x6f Src/main.o
 .comment       0x0000006e       0x6f Src/motor_controller_functions.o
 .comment       0x0000006e       0x6f Src/stm32l4xx_hal_msp.o
 .comment       0x0000006e       0x6f Src/stm32l4xx_hal_timebase_TIM.o
 .comment       0x0000006e       0x6f Src/stm32l4xx_it.o
 .comment       0x0000006e       0x6f Src/system_stm32l4xx.o

.debug_frame    0x00000000     0x326c
 .debug_frame   0x00000000      0x1e4 Drivers/STM32L4xx_HAL_Driver/Src/stm32l4xx_hal.o
 .debug_frame   0x000001e4      0x300 Drivers/STM32L4xx_HAL_Driver/Src/stm32l4xx_hal_adc.o
 .debug_frame   0x000004e4      0x200 Drivers/STM32L4xx_HAL_Driver/Src/stm32l4xx_hal_can.o
 .debug_frame   0x000006e4      0x134 Drivers/STM32L4xx_HAL_Driver/Src/stm32l4xx_hal_cortex.o
 .debug_frame   0x00000818       0xc4 Drivers/STM32L4xx_HAL_Driver/Src/stm32l4xx_hal_gpio.o
 .debug_frame   0x000008dc      0x1f8 Drivers/STM32L4xx_HAL_Driver/Src/stm32l4xx_hal_pwr_ex.o
 .debug_frame   0x00000ad4      0x14c Drivers/STM32L4xx_HAL_Driver/Src/stm32l4xx_hal_rcc.o
 .debug_frame   0x00000c20      0x230 Drivers/STM32L4xx_HAL_Driver/Src/stm32l4xx_hal_rcc_ex.o
 .debug_frame   0x00000e50      0xa00 Drivers/STM32L4xx_HAL_Driver/Src/stm32l4xx_hal_tim.o
 .debug_frame   0x00001850      0x428 Drivers/STM32L4xx_HAL_Driver/Src/stm32l4xx_hal_tim_ex.o
 .debug_frame   0x00001c78      0x56c Middlewares/Third_Party/FreeRTOS/Source/CMSIS_RTOS/cmsis_os.o
 .debug_frame   0x000021e4       0x6c Middlewares/Third_Party/FreeRTOS/Source/list.o
 .debug_frame   0x00002250      0x298 Middlewares/Third_Party/FreeRTOS/Source/queue.o
 .debug_frame   0x000024e8      0x4cc Middlewares/Third_Party/FreeRTOS/Source/tasks.o
 .debug_frame   0x000029b4       0xf0 Middlewares/Third_Party/FreeRTOS/Source/portable/GCC/ARM_CM4F/port.o
 .debug_frame   0x00002aa4       0xac Middlewares/Third_Party/FreeRTOS/Source/portable/MemMang/heap_4.o
 .debug_frame   0x00002b50       0xd4 Src/CANProcess.o
 .debug_frame   0x00002c24       0x50 Src/PedalBox.o
 .debug_frame   0x00002c74      0x10c Src/car.o
 .debug_frame   0x00002d80      0x100 Src/main.o
 .debug_frame   0x00002e80       0xe8 Src/motor_controller_functions.o
 .debug_frame   0x00002f68       0xf8 Src/stm32l4xx_hal_msp.o
 .debug_frame   0x00003060       0x4c Src/stm32l4xx_hal_timebase_TIM.o
 .debug_frame   0x000030ac       0xe8 Src/stm32l4xx_it.o
 .debug_frame   0x00003194       0x30 Src/system_stm32l4xx.o
 .debug_frame   0x000031c4       0x28 c:/ac6/systemworkbench/plugins/fr.ac6.mcu.externaltools.arm-none.win32_1.13.3.201707031232/tools/compiler/bin/../lib/gcc/arm-none-eabi/5.4.1/armv7e-m/fpu\libgcc.a(_fixsfdi.o)
 .debug_frame   0x000031ec       0x2c c:/ac6/systemworkbench/plugins/fr.ac6.mcu.externaltools.arm-none.win32_1.13.3.201707031232/tools/compiler/bin/../lib/gcc/arm-none-eabi/5.4.1/armv7e-m/fpu\libgcc.a(_fixunssfdi.o)
 .debug_frame   0x00003218       0x2c c:/ac6/systemworkbench/plugins/fr.ac6.mcu.externaltools.arm-none.win32_1.13.3.201707031232/tools/compiler/bin/../lib/gcc/arm-none-eabi/5.4.1/../../../../arm-none-eabi/lib/armv7e-m/fpu\libc_nano.a(lib_a-init.o)
 .debug_frame   0x00003244       0x28 c:/ac6/systemworkbench/plugins/fr.ac6.mcu.externaltools.arm-none.win32_1.13.3.201707031232/tools/compiler/bin/../lib/gcc/arm-none-eabi/5.4.1/../../../../arm-none-eabi/lib/armv7e-m/fpu\libc_nano.a(lib_a-memcpy-stub.o)
